\BOOKMARK [1][-]{part*.1}{\376\377\000P\000A\000R\000T\000E\000\040\000I\000\040\040\024\000\040\000I\000n\000f\000o\000r\000m\000e\000\040\000d\000e\000\040\000e\000v\000a\000l\000u\000a\000d\000o\000r}{}% 1
\BOOKMARK [1][-]{section.1}{\376\377\000F\000o\000r\000t\000a\000l\000e\000z\000a\000s\000\040\000r\000e\000c\000o\000n\000o\000c\000i\000d\000a\000s}{}% 2
\BOOKMARK [1][-]{section.2}{\376\377\000O\000b\000s\000e\000r\000v\000a\000c\000i\000o\000n\000e\000s\000\040\000c\000r\000\355\000t\000i\000c\000a\000s\000\040\000b\000l\000o\000q\000u\000e\000a\000n\000t\000e\000s}{}% 3
\BOOKMARK [2][-]{subsection.2.1}{\376\377\000E\000l\000\040\000b\000a\000n\000c\000o\000\040\000d\000e\000\040\000p\000r\000u\000e\000b\000a\000s\000\040\000t\000\351\000c\000n\000i\000c\000o\000\040\000n\000o\000\040\000e\000s\000\040\000r\000e\000p\000r\000o\000d\000u\000c\000i\000b\000l\000e\000\040\000c\000o\000n\000\040\000l\000a\000\040\000i\000n\000f\000o\000r\000m\000a\000c\000i\000\363\000n\000\040\000d\000a\000d\000a}{section.2}% 4
\BOOKMARK [2][-]{subsection.2.2}{\376\377\000L\000a\000s\000\040\000m\000e\000d\000i\000c\000i\000o\000n\000e\000s\000\040\000d\000e\000\040\000l\000a\000t\000e\000n\000c\000i\000a\000\040\000y\000\040\000e\000n\000e\000r\000g\000\355\000a\000\040\000c\000a\000r\000e\000c\000e\000n\000\040\000d\000e\000\040\000c\000o\000n\000d\000i\000c\000i\000o\000n\000e\000s\000\040\000d\000e\000\040\000c\000o\000n\000t\000o\000r\000n\000o}{section.2}% 5
\BOOKMARK [2][-]{subsection.2.3}{\376\377\000E\000l\000\040\000c\000o\000n\000s\000u\000m\000o\000\040\000d\000e\000\040\000b\000a\000t\000e\000r\000\355\000a\000\040\000e\000s\000\040\000a\000n\000e\000c\000d\000\363\000t\000i\000c\000o\000,\000\040\000n\000o\000\040\000m\000e\000d\000i\000c\000i\000\363\000n\000\040\000r\000i\000g\000u\000r\000o\000s\000a}{section.2}% 6
\BOOKMARK [2][-]{subsection.2.4}{\376\377\000L\000a\000\040\000p\000r\000e\000c\000i\000s\000i\000\363\000n\000\040\000d\000e\000l\000\040\000g\000e\000o\000f\000e\000n\000c\000i\000n\000g\000\040\000e\000s\000\040\000p\000o\000t\000e\000n\000c\000i\000a\000l\000m\000e\000n\000t\000e\000\040\000e\000n\000g\000a\000\361\000o\000s\000a}{section.2}% 7
\BOOKMARK [2][-]{subsection.2.5}{\376\377\000E\000l\000\040\000e\000s\000t\000u\000d\000i\000o\000\040\000T\000A\000M\000\040\000e\000s\000\040\000d\000\351\000b\000i\000l\000\040\000y\000\040\000l\000o\000s\000\040\000a\000u\000t\000o\000r\000e\000s\000\040\000l\000o\000\040\000r\000e\000c\000o\000n\000o\000c\000e\000n\000,\000\040\000p\000e\000r\000o\000\040\000n\000o\000\040\000o\000f\000r\000e\000c\000e\000n\000\040\000p\000l\000a\000n\000\040\000e\000s\000t\000a\000d\000\355\000s\000t\000i\000c\000o\000\040\000s\000\363\000l\000i\000d\000o\000\040\000d\000e\000\040\000r\000e\000s\000c\000a\000t\000e}{section.2}% 8
\BOOKMARK [2][-]{subsection.2.6}{\376\377\000L\000a\000\040\000a\000f\000i\000r\000m\000a\000c\000i\000\363\000n\000\040\000d\000e\000\040\000`\000`\000s\000a\000f\000e\000r\000\040\000u\000r\000b\000a\000n\000\040\000m\000o\000b\000i\000l\000i\000t\000y\000'\000'\000\040\000e\000n\000\040\000e\000l\000\040\000t\000\355\000t\000u\000l\000o\000\040\000n\000o\000\040\000e\000s\000t\000\341\000\040\000d\000e\000m\000o\000s\000t\000r\000a\000d\000a\000\040\000e\000m\000p\000\355\000r\000i\000c\000a\000m\000e\000n\000t\000e}{section.2}% 9
\BOOKMARK [1][-]{section.3}{\376\377\000O\000b\000s\000e\000r\000v\000a\000c\000i\000o\000n\000e\000s\000\040\000m\000a\000y\000o\000r\000e\000s}{}% 10
\BOOKMARK [2][-]{subsection.3.1}{\376\377\000L\000a\000s\000\040\000e\000n\000t\000r\000e\000v\000i\000s\000t\000a\000s\000\040\000d\000e\000\040\000r\000e\000q\000u\000i\000s\000i\000t\000o\000s\000\040\000\050\000n\000=\0005\000\051\000\040\000s\000i\000g\000u\000e\000n\000\040\000s\000i\000e\000n\000d\000o\000\040\000f\000r\000\341\000g\000i\000l\000e\000s}{section.3}% 11
\BOOKMARK [2][-]{subsection.3.2}{\376\377\000N\000o\000\040\000h\000a\000y\000\040\000a\000n\000\341\000l\000i\000s\000i\000s\000\040\000d\000e\000\040\000s\000e\000n\000s\000i\000b\000i\000l\000i\000d\000a\000d\000\040\000a\000l\000\040\000p\000a\000r\000\341\000m\000e\000t\000r\000o\000\040\000l\000a\000m\000b\000d\000a\000\040\000d\000e\000\040\000l\000a\000\040\000r\000e\000g\000u\000l\000a\000r\000i\000z\000a\000c\000i\000\363\000n\000\040\000p\000o\000r\000\040\000e\000n\000t\000r\000o\000p\000\355\000a}{section.3}% 12
\BOOKMARK [2][-]{subsection.3.3}{\376\377\000A\000u\000s\000e\000n\000c\000i\000a\000\040\000t\000o\000t\000a\000l\000\040\000d\000e\000\040\000c\000a\000p\000t\000u\000r\000a\000s\000\040\000d\000e\000\040\000p\000a\000n\000t\000a\000l\000l\000a\000\040\000d\000e\000\040\000l\000a\000\040\000a\000p\000p\000\040\000r\000e\000a\000l}{section.3}% 13
\BOOKMARK [2][-]{subsection.3.4}{\376\377\000\134\000p\000r\000i\000n\000t\000c\000r\000e\000d\000i\000t\000s\000\040\000d\000u\000p\000l\000i\000c\000a\000\040\000i\000n\000f\000o\000r\000m\000a\000c\000i\000\363\000n\000\040\000y\000\040\000l\000o\000s\000\040\000O\000R\000C\000I\000D\000\040\000s\000o\000n\000\040\000p\000l\000a\000c\000e\000h\000o\000l\000d\000e\000r}{section.3}% 14
\BOOKMARK [2][-]{subsection.3.5}{\376\377\000F\000a\000l\000t\000a\000n\000\040\000d\000e\000c\000l\000a\000r\000a\000c\000i\000o\000n\000e\000s\000\040\000o\000b\000l\000i\000g\000a\000t\000o\000r\000i\000a\000s\000\040\000d\000e\000\040\000E\000l\000s\000e\000v\000i\000e\000r\000\040\0002\0000\0002\0004}{section.3}% 15
\BOOKMARK [2][-]{subsection.3.6}{\376\377\000L\000a\000\040\000F\000i\000g\000u\000r\000a\000\040\0004\000\040\000m\000e\000z\000c\000l\000a\000\040\000l\000o\000\040\000n\000u\000m\000\351\000r\000i\000c\000o\000\040\000c\000o\000n\000\040\000l\000o\000\040\000t\000e\000x\000t\000u\000a\000l\000\040\000d\000e\000\040\000m\000a\000n\000e\000r\000a\000\040\000s\000u\000b\000\363\000p\000t\000i\000m\000a}{section.3}% 16
\BOOKMARK [1][-]{section.4}{\376\377\000O\000b\000s\000e\000r\000v\000a\000c\000i\000o\000n\000e\000s\000\040\000m\000e\000n\000o\000r\000e\000s}{}% 17
\BOOKMARK [1][-]{section.5}{\376\377\000V\000e\000r\000e\000d\000i\000c\000t\000o}{}% 18
\BOOKMARK [1][-]{part*.2}{\376\377\000P\000A\000R\000T\000E\000\040\000I\000I\000\040\040\024\000\040\000H\000o\000j\000a\000\040\000d\000e\000\040\000r\000u\000t\000a\000\040\000d\000e\000l\000\040\000i\000n\000v\000e\000s\000t\000i\000g\000a\000d\000o\000r\000\040\000s\000e\000n\000i\000o\000r}{}% 19
\BOOKMARK [1][-]{section.6}{\376\377\000P\000a\000q\000u\000e\000t\000e\000\040\000A\000\040\040\024\000\040\000R\000i\000g\000o\000r\000\040\000d\000e\000l\000\040\000b\000a\000n\000c\000o\000\040\000d\000e\000\040\000p\000r\000u\000e\000b\000a\000s\000\040\000d\000e\000l\000\040\000b\000a\000n\000d\000i\000d\000o}{}% 20
\BOOKMARK [2][-]{subsection.6.1}{\376\377\000C\000o\000n\000s\000t\000r\000u\000c\000c\000i\000\363\000n\000\040\000d\000e\000l\000\040\000d\000a\000t\000a\000s\000e\000t\000\040\000s\000e\000m\000i\000-\000s\000i\000n\000t\000\351\000t\000i\000c\000o\000\040\000t\000r\000a\000z\000a\000b\000l\000e}{section.6}% 21
\BOOKMARK [2][-]{subsection.6.2}{\376\377\000T\000e\000s\000t\000\040\000e\000s\000t\000a\000d\000\355\000s\000t\000i\000c\000o\000\040\000f\000o\000r\000m\000a\000l\000\040\000d\000e\000\040\000l\000a\000\040\000v\000e\000n\000t\000a\000j\000a\000\040\000s\000o\000b\000r\000e\000\040\000T\000h\000o\000m\000p\000s\000o\000n\000\040\000s\000a\000m\000p\000l\000i\000n\000g}{section.6}% 22
\BOOKMARK [1][-]{section.7}{\376\377\000P\000a\000q\000u\000e\000t\000e\000\040\000B\000\040\040\024\000\040\000M\000e\000d\000i\000c\000i\000o\000n\000e\000s\000\040\000d\000e\000\040\000s\000i\000s\000t\000e\000m\000a\000\040\000c\000o\000n\000\040\000r\000i\000g\000o\000r\000\040\000i\000n\000d\000u\000s\000t\000r\000i\000a\000l}{}% 23
\BOOKMARK [2][-]{subsection.7.1}{\376\377\000L\000a\000t\000e\000n\000c\000i\000a\000\040\000c\000o\000n\000\040\000c\000o\000n\000d\000i\000c\000i\000o\000n\000e\000s\000\040\000d\000o\000c\000u\000m\000e\000n\000t\000a\000d\000a\000s}{section.7}% 24
\BOOKMARK [2][-]{subsection.7.2}{\376\377\000C\000o\000n\000s\000u\000m\000o\000\040\000e\000n\000e\000r\000g\000\351\000t\000i\000c\000o\000\040\000c\000o\000n\000\040\000n\000>\000=\0005\000\040\000d\000i\000s\000p\000o\000s\000i\000t\000i\000v\000o\000s}{section.7}% 25
\BOOKMARK [2][-]{subsection.7.3}{\376\377\000G\000e\000o\000f\000e\000n\000c\000i\000n\000g\000\040\000c\000o\000n\000\040\000p\000r\000e\000c\000i\000s\000i\000\363\000n\000\040\000+\000\040\000r\000e\000c\000a\000l\000l\000\040\000+\000\040\000l\000a\000t\000e\000n\000c\000i\000a\000\040\000d\000e\000l\000\040\000t\000r\000i\000g\000g\000e\000r}{section.7}% 26
\BOOKMARK [1][-]{section.8}{\376\377\000P\000a\000q\000u\000e\000t\000e\000\040\000C\000\040\040\024\000\040\000E\000s\000t\000u\000d\000i\000o\000\040\000T\000A\000M\000\040\000c\000o\000n\000\040\000p\000o\000t\000e\000n\000c\000i\000a\000\040\000e\000s\000t\000a\000d\000\355\000s\000t\000i\000c\000a\000\040\000a\000d\000e\000c\000u\000a\000d\000a}{}% 27
\BOOKMARK [2][-]{subsection.8.1}{\376\377\000P\000r\000e\000-\000r\000e\000g\000i\000s\000t\000r\000o\000\040\000d\000e\000l\000\040\000e\000s\000t\000u\000d\000i\000o}{section.8}% 28
\BOOKMARK [2][-]{subsection.8.2}{\376\377\000R\000e\000d\000i\000s\000e\000\361\000o\000\040\000d\000e\000l\000\040\000i\000n\000s\000t\000r\000u\000m\000e\000n\000t\000o\000\040\000T\000A\000M}{section.8}% 29
\BOOKMARK [2][-]{subsection.8.3}{\376\377\000M\000u\000e\000s\000t\000r\000a\000\040\000d\000e\000f\000i\000n\000i\000t\000i\000v\000a\000\040\000c\000o\000n\000\040\000p\000o\000t\000e\000n\000c\000i\000a\000\040\000s\000u\000f\000i\000c\000i\000e\000n\000t\000e}{section.8}% 30
\BOOKMARK [2][-]{subsection.8.4}{\376\377\000P\000r\000o\000t\000o\000c\000o\000l\000o\000\040\000d\000e\000\040\000a\000d\000m\000i\000n\000i\000s\000t\000r\000a\000c\000i\000\363\000n}{section.8}% 31
\BOOKMARK [2][-]{subsection.8.5}{\376\377\000A\000n\000\341\000l\000i\000s\000i\000s\000\040\000e\000s\000t\000a\000d\000\355\000s\000t\000i\000c\000o\000\040\000d\000e\000\040\000n\000u\000e\000v\000o\000\040\000n\000i\000v\000e\000l}{section.8}% 32
\BOOKMARK [1][-]{section.9}{\376\377\000P\000a\000q\000u\000e\000t\000e\000\040\000D\000\040\040\024\000\040\000E\000v\000i\000d\000e\000n\000c\000i\000a\000\040\000d\000e\000\040\000c\000a\000m\000p\000o\000\040\000l\000o\000n\000g\000i\000t\000u\000d\000i\000n\000a\000l}{}% 33
\BOOKMARK [2][-]{subsection.9.1}{\376\377\000E\000s\000t\000u\000d\000i\000o\000\040\000d\000e\000\040\000c\000a\000m\000p\000o\000\040\000d\000e\000\040\0006\000\040\000s\000e\000m\000a\000n\000a\000s}{section.9}% 34
\BOOKMARK [2][-]{subsection.9.2}{\376\377\000V\000a\000r\000i\000a\000b\000l\000e\000s\000\040\000d\000e\000p\000e\000n\000d\000i\000e\000n\000t\000e\000s\000\040\000o\000b\000j\000e\000t\000i\000v\000a\000s}{section.9}% 35
\BOOKMARK [2][-]{subsection.9.3}{\376\377\000V\000a\000r\000i\000a\000b\000l\000e\000s\000\040\000d\000e\000p\000e\000n\000d\000i\000e\000n\000t\000e\000s\000\040\000s\000u\000b\000j\000e\000t\000i\000v\000a\000s}{section.9}% 36
\BOOKMARK [2][-]{subsection.9.4}{\376\377\000A\000n\000\341\000l\000i\000s\000i\000s\000\040\000e\000s\000t\000a\000d\000\355\000s\000t\000i\000c\000o}{section.9}% 37
\BOOKMARK [2][-]{subsection.9.5}{\376\377\000A\000n\000\341\000l\000i\000s\000i\000s\000\040\000d\000e\000\040\000s\000e\000g\000u\000r\000i\000d\000a\000d\000\040\000r\000e\000a\000l\000\040\000\050\000s\000i\000\040\000e\000l\000\040\000p\000r\000e\000s\000u\000p\000u\000e\000s\000t\000o\000\040\000l\000o\000\040\000p\000e\000r\000m\000i\000t\000e\000\051}{section.9}% 38
\BOOKMARK [1][-]{section.10}{\376\377\000P\000a\000q\000u\000e\000t\000e\000\040\000E\000\040\040\024\000\040\000M\000a\000t\000e\000r\000i\000a\000l\000e\000s\000\040\000s\000u\000p\000l\000e\000m\000e\000n\000t\000a\000r\000i\000o\000s\000\040\000y\000\040\000r\000e\000p\000r\000o\000d\000u\000c\000i\000b\000i\000l\000i\000d\000a\000d}{}% 39
\BOOKMARK [2][-]{subsection.10.1}{\376\377\000R\000e\000p\000o\000s\000i\000t\000o\000r\000i\000o\000\040\000p\000\372\000b\000l\000i\000c\000o}{section.10}% 40
\BOOKMARK [2][-]{subsection.10.2}{\376\377\000C\000u\000e\000s\000t\000i\000o\000n\000a\000r\000i\000o\000\040\000T\000A\000M\000\040\000c\000o\000m\000p\000l\000e\000t\000o\000\040\000e\000n\000\040\000i\000n\000g\000l\000\351\000s\000\040\000y\000\040\000e\000s\000p\000a\000\361\000o\000l}{section.10}% 41
\BOOKMARK [2][-]{subsection.10.3}{\376\377\000T\000r\000a\000z\000a\000b\000i\000l\000i\000d\000a\000d\000\040\000d\000e\000\040\000r\000e\000q\000u\000i\000s\000i\000t\000o\000s}{section.10}% 42
\BOOKMARK [2][-]{subsection.10.4}{\376\377\000C\000a\000p\000t\000u\000r\000a\000s\000\040\000d\000e\000\040\000p\000a\000n\000t\000a\000l\000l\000a\000\040\000d\000e\000\040\000l\000a\000\040\000a\000p\000p}{section.10}% 43
\BOOKMARK [2][-]{subsection.10.5}{\376\377\000V\000\355\000d\000e\000o\000\040\000d\000e\000\040\000d\000e\000m\000o\000s\000t\000r\000a\000c\000i\000\363\000n}{section.10}% 44
\BOOKMARK [1][-]{section.11}{\376\377\000C\000r\000o\000n\000o\000g\000r\000a\000m\000a\000\040\000r\000e\000a\000l\000i\000s\000t\000a\000\040\000p\000a\000r\000a\000\040\000a\000l\000c\000a\000n\000z\000a\000r\000\040\000J\000C\000R\000\040\000Q\0001\000/\000Q\0002}{}% 45
\BOOKMARK [1][-]{section.12}{\376\377\000E\000s\000t\000r\000a\000t\000e\000g\000i\000a\000\040\000a\000l\000t\000e\000r\000n\000a\000t\000i\000v\000a\000\040\000s\000i\000\040\000l\000o\000s\000\040\000r\000e\000c\000u\000r\000s\000o\000s\000\040\000s\000o\000n\000\040\000l\000i\000m\000i\000t\000a\000d\000o\000s}{}% 46
\BOOKMARK [1][-]{section.13}{\376\377\000C\000o\000n\000c\000l\000u\000s\000i\000\363\000n\000\040\000d\000e\000l\000\040\000i\000n\000v\000e\000s\000t\000i\000g\000a\000d\000o\000r\000\040\000s\000e\000n\000i\000o\000r}{}% 47
