This is pdfTeX, Version 3.141592653-2.6-1.40.29 (TeX Live 2026) (preloaded format=pdflatex 2026.3.20)  21 APR 2026 14:49
entering extended mode
 restricted \write18 enabled.
 %&-line parsing enabled.
**BellChatV3.tex
(./BellChatV3.tex
LaTeX2e <2025-11-01>
L3 programming layer <2026-01-19>
(c:/texlive/2026/texmf-dist/tex/latex/ieeetran/IEEEtran.cls
Document Class: IEEEtran 2015/08/26 V1.8b by Michael Shell
-- See the "IEEEtran_HOWTO" manual for usage information.
-- http://www.michaelshell.org/tex/ieeetran/
\@IEEEtrantmpdimenA=\dimen148
\@IEEEtrantmpdimenB=\dimen149
\@IEEEtrantmpdimenC=\dimen150
\@IEEEtrantmpcountA=\count275
\@IEEEtrantmpcountB=\count276
\@IEEEtrantmpcountC=\count277
\@IEEEtrantmptoksA=\toks17
LaTeX Font Info:    Trying to load font information for OT1+ptm on input line 5
03.
(c:/texlive/2026/texmf-dist/tex/latex/psnfss/ot1ptm.fd
File: ot1ptm.fd 2001/06/04 font definitions for OT1/ptm.
)
-- Using 8.5in x 11in (letter) paper.
-- Using PDF output.
\@IEEEnormalsizeunitybaselineskip=\dimen151
-- This is a 10 point document.
LaTeX Encoding Info:    Redeclaring text command \textunderscore (encoding ?) o
n input line 937.
\CLASSINFOnormalsizebaselineskip=\dimen152
\CLASSINFOnormalsizeunitybaselineskip=\dimen153
\IEEEnormaljot=\dimen154
LaTeX Font Info:    Font shape `OT1/ptm/bx/n' in size <5> not available
(Font)              Font shape `OT1/ptm/b/n' tried instead on input line 1090.
LaTeX Font Info:    Font shape `OT1/ptm/bx/it' in size <5> not available
(Font)              Font shape `OT1/ptm/b/it' tried instead on input line 1090.

LaTeX Font Info:    Font shape `OT1/ptm/bx/n' in size <7> not available
(Font)              Font shape `OT1/ptm/b/n' tried instead on input line 1090.
LaTeX Font Info:    Font shape `OT1/ptm/bx/it' in size <7> not available
(Font)              Font shape `OT1/ptm/b/it' tried instead on input line 1090.

LaTeX Font Info:    Font shape `OT1/ptm/bx/n' in size <8> not available
(Font)              Font shape `OT1/ptm/b/n' tried instead on input line 1090.
LaTeX Font Info:    Font shape `OT1/ptm/bx/it' in size <8> not available
(Font)              Font shape `OT1/ptm/b/it' tried instead on input line 1090.

LaTeX Font Info:    Font shape `OT1/ptm/bx/n' in size <9> not available
(Font)              Font shape `OT1/ptm/b/n' tried instead on input line 1090.
LaTeX Font Info:    Font shape `OT1/ptm/bx/it' in size <9> not available
(Font)              Font shape `OT1/ptm/b/it' tried instead on input line 1090.

LaTeX Font Info:    Font shape `OT1/ptm/bx/n' in size <10> not available
(Font)              Font shape `OT1/ptm/b/n' tried instead on input line 1090.
LaTeX Font Info:    Font shape `OT1/ptm/bx/it' in size <10> not available
(Font)              Font shape `OT1/ptm/b/it' tried instead on input line 1090.

LaTeX Font Info:    Font shape `OT1/ptm/bx/n' in size <11> not available
(Font)              Font shape `OT1/ptm/b/n' tried instead on input line 1090.
LaTeX Font Info:    Font shape `OT1/ptm/bx/it' in size <11> not available
(Font)              Font shape `OT1/ptm/b/it' tried instead on input line 1090.

LaTeX Font Info:    Font shape `OT1/ptm/bx/n' in size <12> not available
(Font)              Font shape `OT1/ptm/b/n' tried instead on input line 1090.
LaTeX Font Info:    Font shape `OT1/ptm/bx/it' in size <12> not available
(Font)              Font shape `OT1/ptm/b/it' tried instead on input line 1090.

LaTeX Font Info:    Font shape `OT1/ptm/bx/n' in size <17> not available
(Font)              Font shape `OT1/ptm/b/n' tried instead on input line 1090.
LaTeX Font Info:    Font shape `OT1/ptm/bx/it' in size <17> not available
(Font)              Font shape `OT1/ptm/b/it' tried instead on input line 1090.

LaTeX Font Info:    Font shape `OT1/ptm/bx/n' in size <20> not available
(Font)              Font shape `OT1/ptm/b/n' tried instead on input line 1090.
LaTeX Font Info:    Font shape `OT1/ptm/bx/it' in size <20> not available
(Font)              Font shape `OT1/ptm/b/it' tried instead on input line 1090.

LaTeX Font Info:    Font shape `OT1/ptm/bx/n' in size <24> not available
(Font)              Font shape `OT1/ptm/b/n' tried instead on input line 1090.
LaTeX Font Info:    Font shape `OT1/ptm/bx/it' in size <24> not available
(Font)              Font shape `OT1/ptm/b/it' tried instead on input line 1090.

\IEEEquantizedlength=\dimen155
\IEEEquantizedlengthdiff=\dimen156
\IEEEquantizedtextheightdiff=\dimen157
\IEEEilabelindentA=\dimen158
\IEEEilabelindentB=\dimen159
\IEEEilabelindent=\dimen160
\IEEEelabelindent=\dimen161
\IEEEdlabelindent=\dimen162
\IEEElabelindent=\dimen163
\IEEEiednormlabelsep=\dimen164
\IEEEiedmathlabelsep=\dimen165
\IEEEiedtopsep=\skip49
\c@section=\count278
\c@subsection=\count279
\c@subsubsection=\count280
\c@paragraph=\count281
\c@IEEEsubequation=\count282
\abovecaptionskip=\skip50
\belowcaptionskip=\skip51
\c@figure=\count283
\c@table=\count284
\@IEEEeqnnumcols=\count285
\@IEEEeqncolcnt=\count286
\@IEEEsubeqnnumrollback=\count287
\@IEEEquantizeheightA=\dimen166
\@IEEEquantizeheightB=\dimen167
\@IEEEquantizeheightC=\dimen168
\@IEEEquantizeprevdepth=\dimen169
\@IEEEquantizemultiple=\count288
\@IEEEquantizeboxA=\box53
\@IEEEtmpitemindent=\dimen170
\IEEEPARstartletwidth=\dimen171
\c@IEEEbiography=\count289
\@IEEEtranrubishbin=\box54
) (c:/texlive/2026/texmf-dist/tex/latex/base/inputenc.sty
Package: inputenc 2024/02/08 v1.3d Input encoding file
\inpenc@prehook=\toks18
\inpenc@posthook=\toks19
)
(c:/texlive/2026/texmf-dist/tex/latex/base/fontenc.sty
Package: fontenc 2025/07/18 v2.1d Standard LaTeX package
LaTeX Font Info:    Trying to load font information for T1+ptm on input line 11
6.

(c:/texlive/2026/texmf-dist/tex/latex/psnfss/t1ptm.fd
File: t1ptm.fd 2001/06/04 font definitions for T1/ptm.
))
(c:/texlive/2026/texmf-dist/tex/generic/babel/babel.sty
Package: babel 2026/03/08 v26.4 The multilingual framework for LuaLaTeX, pdfLaT
eX and XeLaTeX
\babel@savecnt=\count290
LaTeX Encoding Info:    Redeclaring text command \ij (encoding OT1) on input li
ne 2078.
LaTeX Encoding Info:    Redeclaring text command \IJ (encoding OT1) on input li
ne 2080.
LaTeX Encoding Info:    Redeclaring text command \ij (encoding T1) on input lin
e 2082.
LaTeX Encoding Info:    Redeclaring text command \IJ (encoding T1) on input lin
e 2083.
LaTeX Encoding Info:    Ignoring declaration for text command \ij (encoding ?) 
on input line 2084.
LaTeX Encoding Info:    Ignoring declaration for text command \IJ (encoding ?) 
on input line 2086.
LaTeX Encoding Info:    Ignoring declaration for text command \SS (encoding ?) 
on input line 2111.
\U@D=\dimen172
\l@unhyphenated=\language91

(c:/texlive/2026/texmf-dist/tex/generic/babel/txtbabel.def)
\bbl@readstream=\read2
\bbl@dirlevel=\count291

(c:/texlive/2026/texmf-dist/tex/generic/babel/locale/en/babel-english.tex)
Package babel Info: Importing font and identification data for english
(babel)             from babel-en.ini. Reported on input line 4330.

(c:/texlive/2026/texmf-dist/tex/generic/babel-english/english.ldf
Language: english 2017/06/06 v3.3r English support from the babel system
Package babel Info: Hyphen rules for 'canadian' set to \l@english
(babel)             (\language0). Reported on input line 102.
Package babel Info: Hyphen rules for 'australian' set to \l@ukenglish
(babel)             (\language22). Reported on input line 105.
Package babel Info: Hyphen rules for 'newzealand' set to \l@ukenglish
(babel)             (\language22). Reported on input line 108.
))
(c:/texlive/2026/texmf-dist/tex/latex/cite/cite.sty
LaTeX Info: Redefining \cite on input line 302.
LaTeX Info: Redefining \nocite on input line 332.
Package: cite 2015/02/27  v 5.5
)
(c:/texlive/2026/texmf-dist/tex/latex/amsmath/amsmath.sty
Package: amsmath 2025/07/09 v2.17z AMS math features
\@mathmargin=\skip52

For additional information on amsmath, use the `?' option.
(c:/texlive/2026/texmf-dist/tex/latex/amsmath/amstext.sty
Package: amstext 2024/11/17 v2.01 AMS text

(c:/texlive/2026/texmf-dist/tex/latex/amsmath/amsgen.sty
File: amsgen.sty 1999/11/30 v2.0 generic functions
\@emptytoks=\toks20
\ex@=\dimen173
))
(c:/texlive/2026/texmf-dist/tex/latex/amsmath/amsbsy.sty
Package: amsbsy 1999/11/29 v1.2d Bold Symbols
\pmbraise@=\dimen174
)
(c:/texlive/2026/texmf-dist/tex/latex/amsmath/amsopn.sty
Package: amsopn 2022/04/08 v2.04 operator names
)
\inf@bad=\count292
LaTeX Info: Redefining \frac on input line 233.
\uproot@=\count293
\leftroot@=\count294
LaTeX Info: Redefining \overline on input line 398.
LaTeX Info: Redefining \colon on input line 409.
\classnum@=\count295
\DOTSCASE@=\count296
LaTeX Info: Redefining \ldots on input line 495.
LaTeX Info: Redefining \dots on input line 498.
LaTeX Info: Redefining \cdots on input line 619.
\Mathstrutbox@=\box55
\strutbox@=\box56
LaTeX Info: Redefining \big on input line 721.
LaTeX Info: Redefining \Big on input line 722.
LaTeX Info: Redefining \bigg on input line 723.
LaTeX Info: Redefining \Bigg on input line 724.
\big@size=\dimen175
LaTeX Font Info:    Redeclaring font encoding OML on input line 742.
LaTeX Font Info:    Redeclaring font encoding OMS on input line 743.
\macc@depth=\count297
LaTeX Info: Redefining \bmod on input line 904.
LaTeX Info: Redefining \pmod on input line 909.
LaTeX Info: Redefining \smash on input line 939.
LaTeX Info: Redefining \relbar on input line 969.
LaTeX Info: Redefining \Relbar on input line 970.
\c@MaxMatrixCols=\count298
\dotsspace@=\muskip17
\c@parentequation=\count299
\dspbrk@lvl=\count300
\tag@help=\toks21
\row@=\count301
\column@=\count302
\maxfields@=\count303
\andhelp@=\toks22
\eqnshift@=\dimen176
\alignsep@=\dimen177
\tagshift@=\dimen178
\tagwidth@=\dimen179
\totwidth@=\dimen180
\lineht@=\dimen181
\@envbody=\toks23
\multlinegap=\skip53
\multlinetaggap=\skip54
\mathdisplay@stack=\toks24
LaTeX Info: Redefining \[ on input line 2950.
LaTeX Info: Redefining \] on input line 2951.
)
(c:/texlive/2026/texmf-dist/tex/latex/amsfonts/amssymb.sty
Package: amssymb 2013/01/14 v3.01 AMS font symbols

(c:/texlive/2026/texmf-dist/tex/latex/amsfonts/amsfonts.sty
Package: amsfonts 2013/01/14 v3.01 Basic AMSFonts support
\symAMSa=\mathgroup4
\symAMSb=\mathgroup5
LaTeX Font Info:    Redeclaring math symbol \hbar on input line 98.
LaTeX Font Info:    Overwriting math alphabet `\mathfrak' in version `bold'
(Font)                  U/euf/m/n --> U/euf/b/n on input line 106.
))
(c:/texlive/2026/texmf-dist/tex/latex/graphics/graphicx.sty
Package: graphicx 2024/12/31 v1.2e Enhanced LaTeX Graphics (DPC,SPQR)

(c:/texlive/2026/texmf-dist/tex/latex/graphics/keyval.sty
Package: keyval 2022/05/29 v1.15 key=value parser (DPC)
\KV@toks@=\toks25
)
(c:/texlive/2026/texmf-dist/tex/latex/graphics/graphics.sty
Package: graphics 2024/08/06 v1.4g Standard LaTeX Graphics (DPC,SPQR)

(c:/texlive/2026/texmf-dist/tex/latex/graphics/trig.sty
Package: trig 2023/12/02 v1.11 sin cos tan (DPC)
)
(c:/texlive/2026/texmf-dist/tex/latex/graphics-cfg/graphics.cfg
File: graphics.cfg 2016/06/04 v1.11 sample graphics configuration
)
Package graphics Info: Driver file: pdftex.def on input line 106.

(c:/texlive/2026/texmf-dist/tex/latex/graphics-def/pdftex.def
File: pdftex.def 2025/09/29 v1.2d Graphics/color driver for pdftex
))
\Gin@req@height=\dimen182
\Gin@req@width=\dimen183
)
(c:/texlive/2026/texmf-dist/tex/latex/colortbl/colortbl.sty
Package: colortbl 2024/10/29 v1.0k Color table columns (DPC)

(c:/texlive/2026/texmf-dist/tex/latex/tools/array.sty
Package: array 2025/09/25 v2.6n Tabular extension package (FMi)
\col@sep=\dimen184
\ar@mcellbox=\box57
\extrarowheight=\dimen185
\NC@list=\toks26
\extratabsurround=\skip55
\backup@length=\skip56
\ar@cellbox=\box58
)
(c:/texlive/2026/texmf-dist/tex/latex/graphics/color.sty
Package: color 2025/01/14 v1.3e Standard LaTeX Color (DPC)

(c:/texlive/2026/texmf-dist/tex/latex/graphics-cfg/color.cfg
File: color.cfg 2016/01/02 v1.6 sample color configuration
)
Package color Info: Driver file: pdftex.def on input line 149.

(c:/texlive/2026/texmf-dist/tex/latex/graphics/mathcolor.ltx))
\everycr=\toks27
\minrowclearance=\skip57
\rownum=\count304
)
(c:/texlive/2026/texmf-dist/tex/latex/base/textcomp.sty
Package: textcomp 2024/04/24 v2.1b Standard LaTeX package
)
(c:/texlive/2026/texmf-dist/tex/latex/xcolor/xcolor.sty
Package: xcolor 2024/09/29 v3.02 LaTeX color extensions (UK)

(c:/texlive/2026/texmf-dist/tex/latex/graphics-cfg/color.cfg
File: color.cfg 2016/01/02 v1.6 sample color configuration
)
Package xcolor Info: Driver file: pdftex.def on input line 274.
LaTeX Info: Redefining \color on input line 762.

(c:/texlive/2026/texmf-dist/tex/latex/graphics/mathcolor.ltx)
Package xcolor Info: Model `cmy' substituted by `cmy0' on input line 1349.
Package xcolor Info: Model `hsb' substituted by `rgb' on input line 1353.
Package xcolor Info: Model `RGB' extended on input line 1365.
Package xcolor Info: Model `HTML' substituted by `rgb' on input line 1367.
Package xcolor Info: Model `Hsb' substituted by `hsb' on input line 1368.
Package xcolor Info: Model `tHsb' substituted by `hsb' on input line 1369.
Package xcolor Info: Model `HSB' substituted by `hsb' on input line 1370.
Package xcolor Info: Model `Gray' substituted by `gray' on input line 1371.
Package xcolor Info: Model `wave' substituted by `hsb' on input line 1372.
)
(c:/texlive/2026/texmf-dist/tex/latex/url/url.sty
\Urlmuskip=\muskip18
Package: url 2013/09/16  ver 3.4  Verb mode for urls, etc.
)
(c:/texlive/2026/texmf-dist/tex/latex/booktabs/booktabs.sty
Package: booktabs 2020/01/12 v1.61803398 Publication quality tables
\heavyrulewidth=\dimen186
\lightrulewidth=\dimen187
\cmidrulewidth=\dimen188
\belowrulesep=\dimen189
\belowbottomsep=\dimen190
\aboverulesep=\dimen191
\abovetopsep=\dimen192
\cmidrulesep=\dimen193
\cmidrulekern=\dimen194
\defaultaddspace=\dimen195
\@cmidla=\count305
\@cmidlb=\count306
\@aboverulesep=\dimen196
\@belowrulesep=\dimen197
\@thisruleclass=\count307
\@lastruleclass=\count308
\@thisrulewidth=\dimen198
)
(c:/texlive/2026/texmf-dist/tex/latex/multirow/multirow.sty
Package: multirow 2024/11/12 v2.9 Span multiple rows of a table
\multirow@colwidth=\skip58
\multirow@cntb=\count309
\multirow@dima=\skip59
\bigstrutjot=\dimen199
)
(c:/texlive/2026/texmf-dist/tex/latex/l3backend/l3backend-pdftex.def
File: l3backend-pdftex.def 2025-10-09 L3 backend support: PDF output (pdfTeX)
\l__color_backend_stack_int=\count310
)
(./BellChatV3.aux)
\openout1 = `BellChatV3.aux'.

LaTeX Font Info:    Checking defaults for OML/cmm/m/it on input line 21.
LaTeX Font Info:    ... okay on input line 21.
LaTeX Font Info:    Checking defaults for OMS/cmsy/m/n on input line 21.
LaTeX Font Info:    ... okay on input line 21.
LaTeX Font Info:    Checking defaults for OT1/cmr/m/n on input line 21.
LaTeX Font Info:    ... okay on input line 21.
LaTeX Font Info:    Checking defaults for T1/cmr/m/n on input line 21.
LaTeX Font Info:    ... okay on input line 21.
LaTeX Font Info:    Checking defaults for TS1/cmr/m/n on input line 21.
LaTeX Font Info:    ... okay on input line 21.
LaTeX Font Info:    Checking defaults for OMX/cmex/m/n on input line 21.
LaTeX Font Info:    ... okay on input line 21.
LaTeX Font Info:    Checking defaults for U/cmr/m/n on input line 21.
LaTeX Font Info:    ... okay on input line 21.

-- Lines per column: 58 (exact).
(c:/texlive/2026/texmf-dist/tex/context/base/mkii/supp-pdf.mkii
[Loading MPS to PDF converter (version 2006.09.02).]
\scratchcounter=\count311
\scratchdimen=\dimen256
\scratchbox=\box59
\nofMPsegments=\count312
\nofMParguments=\count313
\everyMPshowfont=\toks28
\MPscratchCnt=\count314
\MPscratchDim=\dimen257
\MPnumerator=\count315
\makeMPintoPDFobject=\count316
\everyMPtoPDFconversion=\toks29
) (c:/texlive/2026/texmf-dist/tex/latex/epstopdf-pkg/epstopdf-base.sty
Package: epstopdf-base 2020-01-24 v2.11 Base part for package epstopdf
Package epstopdf-base Info: Redefining graphics rule for `.eps' on input line 4
85.

(c:/texlive/2026/texmf-dist/tex/latex/latexconfig/epstopdf-sys.cfg
File: epstopdf-sys.cfg 2010/07/13 v1.3 Configuration of (r)epstopdf for TeX Liv
e
))
LaTeX Font Info:    Trying to load font information for U+msa on input line 49.


(c:/texlive/2026/texmf-dist/tex/latex/amsfonts/umsa.fd
File: umsa.fd 2013/01/14 v3.01 AMS symbols A
)
LaTeX Font Info:    Trying to load font information for U+msb on input line 49.


(c:/texlive/2026/texmf-dist/tex/latex/amsfonts/umsb.fd
File: umsb.fd 2013/01/14 v3.01 AMS symbols B
) [1{c:/texlive/2026/texmf-var/fonts/map/pdftex/updmap/pdftex.map}{c:/texlive/2
026/texmf-dist/fonts/enc/dvips/base/8r.enc}


]
Underfull \hbox (badness 7613) in paragraph at lines 179--182
[]\T1/ptm/m/n/10 Empirical ev-i-dence on tech-no-log-i-cal acceptance---
 []


Underfull \hbox (badness 1565) in paragraph at lines 246--261
\T1/ptm/m/n/10 than 35%. Huang \T1/ptm/m/it/10 et al. \T1/ptm/m/n/10 [19] eval-
u-ated the four most
 []


Underfull \hbox (badness 2302) in paragraph at lines 265--282
\T1/ptm/m/n/10 har \T1/ptm/m/it/10 et al. \T1/ptm/m/n/10 [20] sys-tem-a-tised m
odal-i-ties of AAC high-
 []


Underfull \hbox (badness 1558) in paragraph at lines 284--297
 \T1/ptm/m/it/10 2) AI-based AAC ap-pli-ca-tions for speech dis-or-ders: [][]
 []

[2]
Underfull \hbox (badness 1776) in paragraph at lines 347--350
\T1/ptm/b/n/10 ment method-olo-gies \T1/ptm/m/n/10 for ac-ces-si-ble mes-sag-in
g soft-ware.
 []


Underfull \hbox (badness 10000) in paragraph at lines 413--414
[]|\T1/ptm/m/n/7 Cross-platform; na-tive
 []


Underfull \hbox (badness 10000) in paragraph at lines 416--416
[]|\T1/ptm/m/n/7 WebSocket +
 []


Underfull \hbox (badness 10000) in paragraph at lines 417--418
[]|\T1/ptm/m/n/7 Relational, ACID-compliant,
 []


Underfull \hbox (badness 10000) in paragraph at lines 418--419
[]|\T1/ptm/m/n/7 Portability, iso-la-tion, re-verse
 []


Underfull \hbox (badness 10000) in paragraph at lines 419--419
[]|\T1/ptm/m/n/7 AWS Win-dows
 []

LaTeX Font Info:    Trying to load font information for T1+pcr on input line 43
1.
(c:/texlive/2026/texmf-dist/tex/latex/psnfss/t1pcr.fd
File: t1pcr.fd 2001/06/04 font definitions for T1/pcr.
)
Underfull \hbox (badness 2600) in paragraph at lines 426--445
\T1/ptm/m/n/10 SAPI5 (Mi-crosoft Speech API 5, lo-cal pro-cess-ing via
 []

[3]
Underfull \hbox (badness 1533) in paragraph at lines 472--491
 \T1/ptm/m/it/10 5) Tech-no-log-i-cal Ac-cep-tance In-stru-ment: [][] \T1/ptm/m
/n/10 Tech-no-log-i-cal
 []


Underfull \hbox (badness 1902) in paragraph at lines 472--491
\T1/ptm/m/n/10 ac-cep-tance was mea-sured us-ing the TAM pro-posed by
 []


Underfull \hbox (badness 3713) in paragraph at lines 472--491
\T1/ptm/m/n/10 agree), or-gan-ised into two con-structs: \T1/ptm/b/n/10 Per-cei
ved Use-
 []


Underfull \hbox (badness 10000) in paragraph at lines 525--525
[]|\T1/ptm/m/n/7 Technology layer
 []


Underfull \hbox (badness 10000) in paragraph at lines 526--526
[]|\T1/ptm/m/n/7 Requirements
 []


Underfull \hbox (badness 10000) in paragraph at lines 527--528
[]|\T1/ptm/m/n/7 PostgreSQL
 []


Underfull \hbox (badness 10000) in paragraph at lines 528--528
[]|\T1/ptm/m/n/7 Unit/integration
 []


Underfull \hbox (badness 10000) in paragraph at lines 528--528
\T1/ptm/m/n/7 tests; TAM sur-vey;
 []


Underfull \hbox (badness 10000) in paragraph at lines 528--529
[]|\T1/ptm/m/n/7 Acceptance
 []


Underfull \hbox (badness 10000) in paragraph at lines 528--529
\T1/ptm/m/n/7 cri-te-rion: er-ror
 []


Underfull \hbox (badness 10000) in paragraph at lines 529--529
[]|\T1/ptm/m/n/7 Software
 []


Underfull \hbox (badness 10000) in paragraph at lines 529--529
[]|\T1/ptm/m/n/7 REST API (Spring
 []


Underfull \hbox (badness 10000) in paragraph at lines 529--529
\T1/ptm/m/n/7 mo-bile app (Re-act
 []


Underfull \hbox (badness 1946) in paragraph at lines 529--530
[]|\T1/ptm/m/n/7 WebSocket + Rab-
 []


Underfull \hbox (badness 2269) in paragraph at lines 530--530
[]|\T1/ptm/m/n/7 Multimedia ar-chi-tec-ture
 []


Underfull \hbox (badness 10000) in paragraph at lines 531--531
[]|\T1/ptm/m/n/7 Software
 []


Underfull \hbox (badness 4193) in paragraph at lines 531--532
[]|\T1/ptm/m/n/7 Removal of du-pli-
 []


Underfull \hbox (badness 3219) in paragraph at lines 531--532
\T1/ptm/m/n/7 cate IDs in vir-tu-
 []


Underfull \hbox (badness 10000) in paragraph at lines 533--533
[]|\T1/ptm/m/n/7 Requirements
 []


Underfull \hbox (badness 3396) in paragraph at lines 533--534
[]|\T1/ptm/m/n/7 Final val-i-da-tion of
 []


Underfull \hbox (badness 4981) in paragraph at lines 534--534
[]|\T1/ptm/m/n/7 Incident and im-prove-
 []


Underfull \hbox (badness 10000) in paragraph at lines 534--535
[]|\T1/ptm/m/n/7 Correction of 48
 []


Underfull \hbox (badness 4391) in paragraph at lines 534--535
\T1/ptm/m/n/7 of 75 ac-ces-si-bil-ity
 []

<figs/fig1.pdf, id=23, 11063.3325pt x 6690.9975pt>
File: figs/fig1.pdf Graphic file (type pdf)
<use figs/fig1.pdf>
Package pdftex.def Info: figs/fig1.pdf  used on input line 557.
(pdftex.def)             Requested size: 252.0pt x 152.32764pt.
<figs/fig2.pdf, id=24, 5826.76875pt x 5510.5875pt>
File: figs/fig2.pdf Graphic file (type pdf)
<use figs/fig2.pdf>
Package pdftex.def Info: figs/fig2.pdf  used on input line 585.
(pdftex.def)             Requested size: 252.0pt x 238.296pt.
[4] [5 <./figs/fig1.pdf> <./figs/fig2.pdf

pdfTeX warning: pdflatex.exe (file ./figs/fig2.pdf): PDF inclusion: multiple pd
fs with page group included in a single page
>]
Underfull \hbox (badness 10000) in paragraph at lines 814--820
 \T1/ptm/m/it/10 3) Im-age De-scrip-tion Mod-ule (Im-age Cap-tion-
 []


Underfull \hbox (badness 10000) in paragraph at lines 814--820
\T1/ptm/m/it/10 ing): [][] \T1/ptm/m/n/10 The im-age de-scrip-tion mod-ule uses
 the
 []


Underfull \hbox (badness 10000) in paragraph at lines 814--820
\T1/pcr/m/n/10 blip-image-captioning-base \T1/ptm/m/n/10 model from
 []


Underfull \hbox (badness 4543) in paragraph at lines 885--896
[]\T1/ptm/m/n/10 Load times scaled lin-early with du-ra-tion: 3.91min,
 []


Underfull \hbox (badness 2617) in paragraph at lines 885--896
\T1/ptm/m/n/10 ex-ceeded orig-i-nal file weights (9.22MB, 48.9MB, and
 []

[6]
Overfull \hbox (19.45921pt too wide) in paragraph at lines 976--1001
 [][] 
 []


Underfull \hbox (badness 10000) in paragraph at lines 1022--1042
 \T1/ptm/m/it/10 2) Per-ceived Ease of Use: [][] \T1/ptm/m/n/10 The PEOU con-
 []


Underfull \hbox (badness 1629) in paragraph at lines 1022--1042
\T1/ptm/m/n/10 struct (PTAM007--PTAM012) achieved a con-struct mean
 []


Underfull \hbox (badness 1648) in paragraph at lines 1022--1042
\T1/ptm/m/n/10 of $[][]\OT1/cmr/m/n/10 3\OML/cmm/m/it/10 :\OT1/cmr/m/n/10 85$\T
1/ptm/m/n/10 , with no-tably greater in-ter-nal dis-per-sion
 []


Underfull \hbox (badness 10000) in paragraph at lines 1022--1042
\T1/ptm/m/n/10 than PU. Items PTAM009 ($[][]\OT1/cmr/m/n/10 4\OML/cmm/m/it/10 :
\OT1/cmr/m/n/10 20$\T1/ptm/m/n/10 ; SD=1.00) and
 []


Underfull \hbox (badness 7256) in paragraph at lines 1022--1042
\T1/ptm/m/n/10 PTAM010 ($[][]\OT1/cmr/m/n/10 4\OML/cmm/m/it/10 :\OT1/cmr/m/n/10
 16$\T1/ptm/m/n/10 ; SD=1.07)---evaluating clar-ity and
 []


Underfull \hbox (badness 10000) in paragraph at lines 1022--1042
\T1/ptm/m/n/10 in-ter-ac-tion flexibility---show pos-i-tive rat-ings in-di-cat-
ing
 []


Underfull \hbox (badness 10000) in paragraph at lines 1022--1042
\T1/ptm/m/n/10 that the sys-tem's main in-ter-face is per-ceived as
 []


Underfull \hbox (badness 10000) in paragraph at lines 1022--1042
\T1/ptm/m/n/10 com-pre-hen-si-ble. Items PTAM007 ($[][]\OT1/cmr/m/n/10 3\OML/cm
m/m/it/10 :\OT1/cmr/m/n/10 56$\T1/ptm/m/n/10 ; SD=1.36)
 []

[7]
<biplot.pdf, id=56, 418.33891pt x 361.43332pt>
File: biplot.pdf Graphic file (type pdf)
<use biplot.pdf>
Package pdftex.def Info: biplot.pdf  used on input line 1078.
(pdftex.def)             Requested size: 252.0pt x 217.722pt.

Underfull \hbox (badness 1365) in paragraph at lines 1093--1106
 \T1/ptm/m/it/10 4) Di-rect Ob-ser-va-tion: [][] \T1/ptm/m/n/10 The di-rect ob-
ser-va-tion ses-sion
 []


Underfull \vbox (badness 10000) has occurred while \output is active []


Underfull \hbox (badness 10000) in paragraph at lines 1122--1122
[]|\T1/ptm/m/n/9 API
 []


Underfull \hbox (badness 2635) in paragraph at lines 1122--1122
\T1/ptm/m/n/9 TTS, STT, cap-tion-
 []


Underfull \hbox (badness 3291) in paragraph at lines 1122--1122
\T1/ptm/m/n/9 base64 over-head in
 []


Underfull \hbox (badness 10000) in paragraph at lines 1123--1123
[]|\T1/ptm/m/n/9 64% re-duc-tion
 []


Underfull \hbox (badness 10000) in paragraph at lines 1123--1123
\T1/ptm/m/n/9 in WCAG 2.1
 []


Underfull \hbox (badness 10000) in paragraph at lines 1123--1123
\T1/ptm/m/n/9 warn-ings (48/75);
 []


Underfull \hbox (badness 10000) in paragraph at lines 1124--1124
[]|\T1/ptm/m/n/9 TAM
 []


Underfull \hbox (badness 10000) in paragraph at lines 1124--1124
[]|$[][]\OT1/cmr/m/n/9 4\OML/cmm/m/it/9 :\OT1/cmr/m/n/9 20$\T1/ptm/m/n/9 ;
 []


Underfull \hbox (badness 10000) in paragraph at lines 1124--1124
\T1/ptm/m/n/9 PU$\OT1/cmr/m/n/9 = 4\OML/cmm/m/it/9 :\OT1/cmr/m/n/9 55$\T1/ptm/m
/n/9 ;
 []


Underfull \hbox (badness 10000) in paragraph at lines 1124--1124
\T1/ptm/m/n/9 PEOU$\OT1/cmr/m/n/9 = 3\OML/cmm/m/it/9 :\OT1/cmr/m/n/9 85$\T1/ptm
/m/n/9 ;
 []


Underfull \hbox (badness 10000) in paragraph at lines 1125--1125
[]|\T1/ptm/m/n/9 8% as-sis-tance
 []


Underfull \hbox (badness 10000) in paragraph at lines 1125--1125
\T1/ptm/m/n/9 re-quests; er-rors
 []


Underfull \hbox (badness 10000) in paragraph at lines 1125--1125
\T1/ptm/m/n/9 con-cen-trated on
 []

[8 <./biplot.pdf>]
Underfull \hbox (badness 2547) in paragraph at lines 1251--1263
[]\T1/ptm/m/n/10 The PEOU con-struct showed greater in-ter-nal dis-per-
 []


Underfull \hbox (badness 2384) in paragraph at lines 1264--1273
[]\T1/ptm/m/n/10 The HJ-Biplot (Fig. 3[]) re-vealed that PTAM007 and
 []

[9]
Underfull \hbox (badness 10000) in paragraph at lines 1364--1379
[]\T1/ptm/m/n/10 The \T1/ptm/b/n/10 first con-clu-sion \T1/ptm/m/n/10 con-cerns
 the tech-ni-cal
 []


Underfull \hbox (badness 10000) in paragraph at lines 1364--1379
\T1/ptm/m/n/10 vi-a-bil-ity of mul-ti-modal in-te-gra-tion with guar-an-teed
 []


Underfull \hbox (badness 2165) in paragraph at lines 1364--1379
\T1/ptm/m/n/10 pri-vacy (RQ1=confirmed). All four con-ver-sion mod-ules
 []


Underfull \hbox (badness 3058) in paragraph at lines 1364--1379
\T1/ptm/m/n/10 ver-i-fied trans-mis-sion in-tegrity per con-di-tion  ($\OML/cmm
/m/it/10 < \OT1/cmr/m/n/10 1 %$
 []


Underfull \hbox (badness 10000) in paragraph at lines 1364--1379
\T1/ptm/m/n/10 encryption---without de-grad-ing er-ror rate---demonstrates
 []


Underfull \hbox (badness 10000) in paragraph at lines 1364--1379
\T1/ptm/m/n/10 voice-segment caching rep-re-sents the highest-urgency
 []


Underfull \hbox (badness 3439) in paragraph at lines 1380--1395
[]\T1/ptm/m/n/10 The \T1/ptm/b/n/10 sec-ond con-clu-sion \T1/ptm/m/n/10 con-cer
ns pos-i-tive tech-no-log-
 []


Underfull \hbox (badness 5847) in paragraph at lines 1380--1395
\T1/ptm/m/n/10 i-cal ac-cep-tance in a het-ero-ge-neous dis-abil-ity pop-u-la-
 []


Underfull \hbox (badness 6775) in paragraph at lines 1380--1395
\T1/ptm/m/n/10 Psy-cho-me-t-ric ro-bust-ness was con-firmed ($\OML/cmm/m/it/10 
[][]\OT1/cmr/m/n/10 0\OML/cmm/m/it/10 :\OT1/cmr/m/n/10 866$\T1/ptm/m/n/10 ;
 []


Underfull \hbox (badness 3579) in paragraph at lines 1396--1407
[]\T1/ptm/m/n/10 The \T1/ptm/b/n/10 third con-clu-sion \T1/ptm/m/n/10 con-cerns
 the ef-fi-cacy of the
 []

[10] (./BellChatV3.bbl
Underfull \hbox (badness 1521) in paragraph at lines 66--71
[]\T1/ptm/m/n/8 P. Acosta-Vargas, J. Guaña-Moya, J. Jadán-Guerrero, C. Alvites-

 []


Underfull \hbox (badness 1558) in paragraph at lines 89--93
[]\T1/ptm/m/n/8 G. Guerrero-Ulloa, M. J. Hornos, and C. Rodríguez-Domínguez,
 []


Underfull \hbox (badness 1558) in paragraph at lines 147--151
[]\T1/ptm/m/n/8 G. Guerrero-Ulloa, M. J. Hornos, and C. Rodríguez-Domínguez,
 []

[11])
<figs/photo_guerrero.png, id=102, 225.84375pt x 225.84375pt>
File: figs/photo_guerrero.png Graphic file (type png)
<use figs/photo_guerrero.png>
Package pdftex.def Info: figs/photo_guerrero.png  used on input line 1460.
(pdftex.def)             Requested size: 72.27147pt x 72.27147pt.
File: figs/photo_guerrero.png Graphic file (type png)
<use figs/photo_guerrero.png>
Package pdftex.def Info: figs/photo_guerrero.png  used on input line 1460.
(pdftex.def)             Requested size: 72.27147pt x 72.27147pt.
<figs/photo_leturne.png, id=105, 225.84375pt x 225.84375pt>
File: figs/photo_leturne.png Graphic file (type png)
<use figs/photo_leturne.png>
Package pdftex.def Info: figs/photo_leturne.png  used on input line 1474.
(pdftex.def)             Requested size: 72.27147pt x 72.27147pt.
File: figs/photo_leturne.png Graphic file (type png)
<use figs/photo_leturne.png>
Package pdftex.def Info: figs/photo_leturne.png  used on input line 1474.
(pdftex.def)             Requested size: 72.27147pt x 72.27147pt.

Underfull \hbox (badness 1354) in paragraph at lines 1474--1483
\T1/ptm/m/n/8 searcher at the Fac-ulty of Com-put-ing Sci-ence,
 []

[12 <./figs/photo_guerrero.png> <./figs/photo_leturne.png>] (./BellChatV3.aux)
 ***********
LaTeX2e <2025-11-01>
L3 programming layer <2026-01-19>
 ***********
 ) 
Here is how much of TeX's memory you used:
 5981 strings out of 467525
 94623 string characters out of 5423209
 541618 words of memory out of 5000000
 34786 multiletter control sequences out of 15000+600000
 758698 words of font info for 175 fonts, out of 8000000 for 9000
 1141 hyphenation exceptions out of 8191
 57i,16n,65p,619b,398s stack positions out of 10000i,1000n,20000p,200000b,200000s
<c:/texlive/2026/texmf-dist/fonts/type1/public/amsfonts/cm/cmmi10.pfb><c:/tex
live/2026/texmf-dist/fonts/type1/public/amsfonts/cm/cmmi7.pfb><c:/texlive/2026/
texmf-dist/fonts/type1/public/amsfonts/cm/cmmi8.pfb><c:/texlive/2026/texmf-dist
/fonts/type1/public/amsfonts/cm/cmmi9.pfb><c:/texlive/2026/texmf-dist/fonts/typ
e1/public/amsfonts/cm/cmr10.pfb><c:/texlive/2026/texmf-dist/fonts/type1/public/
amsfonts/cm/cmr7.pfb><c:/texlive/2026/texmf-dist/fonts/type1/public/amsfonts/cm
/cmr8.pfb><c:/texlive/2026/texmf-dist/fonts/type1/public/amsfonts/cm/cmr9.pfb><
c:/texlive/2026/texmf-dist/fonts/type1/public/amsfonts/cm/cmsy10.pfb><c:/texliv
e/2026/texmf-dist/fonts/type1/public/amsfonts/cm/cmsy7.pfb><c:/texlive/2026/tex
mf-dist/fonts/type1/public/amsfonts/cm/cmsy8.pfb><c:/texlive/2026/texmf-dist/fo
nts/type1/public/amsfonts/cm/cmsy9.pfb><c:/texlive/2026/texmf-dist/fonts/type1/
urw/courier/ucrr8a.pfb><c:/texlive/2026/texmf-dist/fonts/type1/urw/times/utmb8a
.pfb><c:/texlive/2026/texmf-dist/fonts/type1/urw/times/utmbi8a.pfb><c:/texlive/
2026/texmf-dist/fonts/type1/urw/times/utmr8a.pfb><c:/texlive/2026/texmf-dist/fo
nts/type1/urw/times/utmri8a.pfb>
Output written on BellChatV3.pdf (12 pages, 10149022 bytes).
PDF statistics:
 186 PDF objects out of 1000 (max. 8388607)
 112 compressed objects within 2 object streams
 0 named destinations out of 1000 (max. 500000)
 50 words of extra memory for PDF output out of 10000 (max. 10000000)

