This is pdfTeX, Version 3.141592653-2.6-1.40.29 (TeX Live 2026) (preloaded format=pdflatex 2026.3.20)  24 APR 2026 00:40
entering extended mode
 restricted \write18 enabled.
 %&-line parsing enabled.
**BellChatV4.tex
(./BellChatV4.tex
LaTeX2e <2025-11-01>
L3 programming layer <2026-01-19>
(c:/texlive/2026/texmf-dist/tex/latex/ieeetran/IEEEtran.cls
Document Class: IEEEtran 2015/08/26 V1.8b by Michael Shell
-- See the "IEEEtran_HOWTO" manual for usage information.
-- http://www.michaelshell.org/tex/ieeetran/
\@IEEEtrantmpdimenA=\dimen148
\@IEEEtrantmpdimenB=\dimen149
\@IEEEtrantmpdimenC=\dimen150
\@IEEEtrantmpcountA=\count275
\@IEEEtrantmpcountB=\count276
\@IEEEtrantmpcountC=\count277
\@IEEEtrantmptoksA=\toks17
LaTeX Font Info:    Trying to load font information for OT1+ptm on input line 5
03.
(c:/texlive/2026/texmf-dist/tex/latex/psnfss/ot1ptm.fd
File: ot1ptm.fd 2001/06/04 font definitions for OT1/ptm.
)
-- Using 8.5in x 11in (letter) paper.
-- Using PDF output.
\@IEEEnormalsizeunitybaselineskip=\dimen151
-- This is a 10 point document.
LaTeX Encoding Info:    Redeclaring text command \textunderscore (encoding ?) o
n input line 937.
\CLASSINFOnormalsizebaselineskip=\dimen152
\CLASSINFOnormalsizeunitybaselineskip=\dimen153
\IEEEnormaljot=\dimen154
LaTeX Font Info:    Font shape `OT1/ptm/bx/n' in size <5> not available
(Font)              Font shape `OT1/ptm/b/n' tried instead on input line 1090.
LaTeX Font Info:    Font shape `OT1/ptm/bx/it' in size <5> not available
(Font)              Font shape `OT1/ptm/b/it' tried instead on input line 1090.

LaTeX Font Info:    Font shape `OT1/ptm/bx/n' in size <7> not available
(Font)              Font shape `OT1/ptm/b/n' tried instead on input line 1090.
LaTeX Font Info:    Font shape `OT1/ptm/bx/it' in size <7> not available
(Font)              Font shape `OT1/ptm/b/it' tried instead on input line 1090.

LaTeX Font Info:    Font shape `OT1/ptm/bx/n' in size <8> not available
(Font)              Font shape `OT1/ptm/b/n' tried instead on input line 1090.
LaTeX Font Info:    Font shape `OT1/ptm/bx/it' in size <8> not available
(Font)              Font shape `OT1/ptm/b/it' tried instead on input line 1090.

LaTeX Font Info:    Font shape `OT1/ptm/bx/n' in size <9> not available
(Font)              Font shape `OT1/ptm/b/n' tried instead on input line 1090.
LaTeX Font Info:    Font shape `OT1/ptm/bx/it' in size <9> not available
(Font)              Font shape `OT1/ptm/b/it' tried instead on input line 1090.

LaTeX Font Info:    Font shape `OT1/ptm/bx/n' in size <10> not available
(Font)              Font shape `OT1/ptm/b/n' tried instead on input line 1090.
LaTeX Font Info:    Font shape `OT1/ptm/bx/it' in size <10> not available
(Font)              Font shape `OT1/ptm/b/it' tried instead on input line 1090.

LaTeX Font Info:    Font shape `OT1/ptm/bx/n' in size <11> not available
(Font)              Font shape `OT1/ptm/b/n' tried instead on input line 1090.
LaTeX Font Info:    Font shape `OT1/ptm/bx/it' in size <11> not available
(Font)              Font shape `OT1/ptm/b/it' tried instead on input line 1090.

LaTeX Font Info:    Font shape `OT1/ptm/bx/n' in size <12> not available
(Font)              Font shape `OT1/ptm/b/n' tried instead on input line 1090.
LaTeX Font Info:    Font shape `OT1/ptm/bx/it' in size <12> not available
(Font)              Font shape `OT1/ptm/b/it' tried instead on input line 1090.

LaTeX Font Info:    Font shape `OT1/ptm/bx/n' in size <17> not available
(Font)              Font shape `OT1/ptm/b/n' tried instead on input line 1090.
LaTeX Font Info:    Font shape `OT1/ptm/bx/it' in size <17> not available
(Font)              Font shape `OT1/ptm/b/it' tried instead on input line 1090.

LaTeX Font Info:    Font shape `OT1/ptm/bx/n' in size <20> not available
(Font)              Font shape `OT1/ptm/b/n' tried instead on input line 1090.
LaTeX Font Info:    Font shape `OT1/ptm/bx/it' in size <20> not available
(Font)              Font shape `OT1/ptm/b/it' tried instead on input line 1090.

LaTeX Font Info:    Font shape `OT1/ptm/bx/n' in size <24> not available
(Font)              Font shape `OT1/ptm/b/n' tried instead on input line 1090.
LaTeX Font Info:    Font shape `OT1/ptm/bx/it' in size <24> not available
(Font)              Font shape `OT1/ptm/b/it' tried instead on input line 1090.

\IEEEquantizedlength=\dimen155
\IEEEquantizedlengthdiff=\dimen156
\IEEEquantizedtextheightdiff=\dimen157
\IEEEilabelindentA=\dimen158
\IEEEilabelindentB=\dimen159
\IEEEilabelindent=\dimen160
\IEEEelabelindent=\dimen161
\IEEEdlabelindent=\dimen162
\IEEElabelindent=\dimen163
\IEEEiednormlabelsep=\dimen164
\IEEEiedmathlabelsep=\dimen165
\IEEEiedtopsep=\skip49
\c@section=\count278
\c@subsection=\count279
\c@subsubsection=\count280
\c@paragraph=\count281
\c@IEEEsubequation=\count282
\abovecaptionskip=\skip50
\belowcaptionskip=\skip51
\c@figure=\count283
\c@table=\count284
\@IEEEeqnnumcols=\count285
\@IEEEeqncolcnt=\count286
\@IEEEsubeqnnumrollback=\count287
\@IEEEquantizeheightA=\dimen166
\@IEEEquantizeheightB=\dimen167
\@IEEEquantizeheightC=\dimen168
\@IEEEquantizeprevdepth=\dimen169
\@IEEEquantizemultiple=\count288
\@IEEEquantizeboxA=\box53
\@IEEEtmpitemindent=\dimen170
\IEEEPARstartletwidth=\dimen171
\c@IEEEbiography=\count289
\@IEEEtranrubishbin=\box54
) (c:/texlive/2026/texmf-dist/tex/latex/base/inputenc.sty
Package: inputenc 2024/02/08 v1.3d Input encoding file
\inpenc@prehook=\toks18
\inpenc@posthook=\toks19
)
(c:/texlive/2026/texmf-dist/tex/latex/base/fontenc.sty
Package: fontenc 2025/07/18 v2.1d Standard LaTeX package
LaTeX Font Info:    Trying to load font information for T1+ptm on input line 11
6.

(c:/texlive/2026/texmf-dist/tex/latex/psnfss/t1ptm.fd
File: t1ptm.fd 2001/06/04 font definitions for T1/ptm.
))
(c:/texlive/2026/texmf-dist/tex/generic/babel/babel.sty
Package: babel 2026/03/08 v26.4 The multilingual framework for LuaLaTeX, pdfLaT
eX and XeLaTeX
\babel@savecnt=\count290
LaTeX Encoding Info:    Redeclaring text command \ij (encoding OT1) on input li
ne 2078.
LaTeX Encoding Info:    Redeclaring text command \IJ (encoding OT1) on input li
ne 2080.
LaTeX Encoding Info:    Redeclaring text command \ij (encoding T1) on input lin
e 2082.
LaTeX Encoding Info:    Redeclaring text command \IJ (encoding T1) on input lin
e 2083.
LaTeX Encoding Info:    Ignoring declaration for text command \ij (encoding ?) 
on input line 2084.
LaTeX Encoding Info:    Ignoring declaration for text command \IJ (encoding ?) 
on input line 2086.
LaTeX Encoding Info:    Ignoring declaration for text command \SS (encoding ?) 
on input line 2111.
\U@D=\dimen172
\l@unhyphenated=\language91

(c:/texlive/2026/texmf-dist/tex/generic/babel/txtbabel.def)
\bbl@readstream=\read2
\bbl@dirlevel=\count291

(c:/texlive/2026/texmf-dist/tex/generic/babel/locale/en/babel-english.tex)
Package babel Info: Importing font and identification data for english
(babel)             from babel-en.ini. Reported on input line 4330.

(c:/texlive/2026/texmf-dist/tex/generic/babel-english/english.ldf
Language: english 2017/06/06 v3.3r English support from the babel system
Package babel Info: Hyphen rules for 'canadian' set to \l@english
(babel)             (\language0). Reported on input line 102.
Package babel Info: Hyphen rules for 'australian' set to \l@ukenglish
(babel)             (\language22). Reported on input line 105.
Package babel Info: Hyphen rules for 'newzealand' set to \l@ukenglish
(babel)             (\language22). Reported on input line 108.
))
(c:/texlive/2026/texmf-dist/tex/latex/cite/cite.sty
LaTeX Info: Redefining \cite on input line 302.
LaTeX Info: Redefining \nocite on input line 332.
Package: cite 2015/02/27  v 5.5
)
(c:/texlive/2026/texmf-dist/tex/latex/amsmath/amsmath.sty
Package: amsmath 2025/07/09 v2.17z AMS math features
\@mathmargin=\skip52

For additional information on amsmath, use the `?' option.
(c:/texlive/2026/texmf-dist/tex/latex/amsmath/amstext.sty
Package: amstext 2024/11/17 v2.01 AMS text

(c:/texlive/2026/texmf-dist/tex/latex/amsmath/amsgen.sty
File: amsgen.sty 1999/11/30 v2.0 generic functions
\@emptytoks=\toks20
\ex@=\dimen173
))
(c:/texlive/2026/texmf-dist/tex/latex/amsmath/amsbsy.sty
Package: amsbsy 1999/11/29 v1.2d Bold Symbols
\pmbraise@=\dimen174
)
(c:/texlive/2026/texmf-dist/tex/latex/amsmath/amsopn.sty
Package: amsopn 2022/04/08 v2.04 operator names
)
\inf@bad=\count292
LaTeX Info: Redefining \frac on input line 233.
\uproot@=\count293
\leftroot@=\count294
LaTeX Info: Redefining \overline on input line 398.
LaTeX Info: Redefining \colon on input line 409.
\classnum@=\count295
\DOTSCASE@=\count296
LaTeX Info: Redefining \ldots on input line 495.
LaTeX Info: Redefining \dots on input line 498.
LaTeX Info: Redefining \cdots on input line 619.
\Mathstrutbox@=\box55
\strutbox@=\box56
LaTeX Info: Redefining \big on input line 721.
LaTeX Info: Redefining \Big on input line 722.
LaTeX Info: Redefining \bigg on input line 723.
LaTeX Info: Redefining \Bigg on input line 724.
\big@size=\dimen175
LaTeX Font Info:    Redeclaring font encoding OML on input line 742.
LaTeX Font Info:    Redeclaring font encoding OMS on input line 743.
\macc@depth=\count297
LaTeX Info: Redefining \bmod on input line 904.
LaTeX Info: Redefining \pmod on input line 909.
LaTeX Info: Redefining \smash on input line 939.
LaTeX Info: Redefining \relbar on input line 969.
LaTeX Info: Redefining \Relbar on input line 970.
\c@MaxMatrixCols=\count298
\dotsspace@=\muskip17
\c@parentequation=\count299
\dspbrk@lvl=\count300
\tag@help=\toks21
\row@=\count301
\column@=\count302
\maxfields@=\count303
\andhelp@=\toks22
\eqnshift@=\dimen176
\alignsep@=\dimen177
\tagshift@=\dimen178
\tagwidth@=\dimen179
\totwidth@=\dimen180
\lineht@=\dimen181
\@envbody=\toks23
\multlinegap=\skip53
\multlinetaggap=\skip54
\mathdisplay@stack=\toks24
LaTeX Info: Redefining \[ on input line 2950.
LaTeX Info: Redefining \] on input line 2951.
)
(c:/texlive/2026/texmf-dist/tex/latex/amsfonts/amssymb.sty
Package: amssymb 2013/01/14 v3.01 AMS font symbols

(c:/texlive/2026/texmf-dist/tex/latex/amsfonts/amsfonts.sty
Package: amsfonts 2013/01/14 v3.01 Basic AMSFonts support
\symAMSa=\mathgroup4
\symAMSb=\mathgroup5
LaTeX Font Info:    Redeclaring math symbol \hbar on input line 98.
LaTeX Font Info:    Overwriting math alphabet `\mathfrak' in version `bold'
(Font)                  U/euf/m/n --> U/euf/b/n on input line 106.
))
(c:/texlive/2026/texmf-dist/tex/latex/graphics/graphicx.sty
Package: graphicx 2024/12/31 v1.2e Enhanced LaTeX Graphics (DPC,SPQR)

(c:/texlive/2026/texmf-dist/tex/latex/graphics/keyval.sty
Package: keyval 2022/05/29 v1.15 key=value parser (DPC)
\KV@toks@=\toks25
)
(c:/texlive/2026/texmf-dist/tex/latex/graphics/graphics.sty
Package: graphics 2024/08/06 v1.4g Standard LaTeX Graphics (DPC,SPQR)

(c:/texlive/2026/texmf-dist/tex/latex/graphics/trig.sty
Package: trig 2023/12/02 v1.11 sin cos tan (DPC)
)
(c:/texlive/2026/texmf-dist/tex/latex/graphics-cfg/graphics.cfg
File: graphics.cfg 2016/06/04 v1.11 sample graphics configuration
)
Package graphics Info: Driver file: pdftex.def on input line 106.

(c:/texlive/2026/texmf-dist/tex/latex/graphics-def/pdftex.def
File: pdftex.def 2025/09/29 v1.2d Graphics/color driver for pdftex
))
\Gin@req@height=\dimen182
\Gin@req@width=\dimen183
)
(c:/texlive/2026/texmf-dist/tex/latex/caption/caption.sty
Package: caption 2023/08/05 v3.6o Customizing captions (AR)

(c:/texlive/2026/texmf-dist/tex/latex/caption/caption3.sty
Package: caption3 2023/07/31 v2.4d caption3 kernel (AR)
\caption@tempdima=\dimen184
\captionmargin=\dimen185
\caption@leftmargin=\dimen186
\caption@rightmargin=\dimen187
\caption@width=\dimen188
\caption@indent=\dimen189
\caption@parindent=\dimen190
\caption@hangindent=\dimen191
Package caption Info: Unknown document class (or package),
(caption)             standard defaults will be used.
Package caption Info: \@makecaption = \long macro:#1#2->\ifx \@captype \@IEEEta
blestring \footnotesize \bgroup \par \centering \@IEEEtabletopskipstrut {\norma
lfont \footnotesize #1}\\{\normalfont \footnotesize \scshape #2}\par \addvspace
 {0.5\baselineskip }\egroup \@IEEEtablecaptionsepspace \else \@IEEEfigurecaptio
nsepspace \setbox \@tempboxa \hbox {\normalfont \footnotesize {#1.}\nobreakspac
e \nobreakspace #2}\ifdim \wd \@tempboxa >\hsize \setbox \@tempboxa \hbox {\nor
malfont \footnotesize {#1.}\nobreakspace \nobreakspace }\parbox [t]{\hsize }{\n
ormalfont \footnotesize \noindent \unhbox \@tempboxa #2}\else \ifCLASSOPTIONcon
ference \hbox to\hsize {\normalfont \footnotesize \hfil \box \@tempboxa \hfil }
\else \hbox to\hsize {\normalfont \footnotesize \box \@tempboxa \hfil }\fi \fi 
\fi  on input line 1175.
)

Package caption Warning: Unknown document class (or package),
(caption)                standard defaults will be used.
See the caption package documentation for explanation.

\c@caption@flags=\count304
\c@continuedfloat=\count305
) (c:/texlive/2026/texmf-dist/tex/latex/caption/subcaption.sty
Package: subcaption 2023/07/28 v1.6b Sub-captions (AR)
Package caption Info: New subtype `subfigure' on input line 238.
\c@subfigure=\count306
Package caption Info: New subtype `subtable' on input line 238.
\c@subtable=\count307
)
(c:/texlive/2026/texmf-dist/tex/latex/colortbl/colortbl.sty
Package: colortbl 2024/10/29 v1.0k Color table columns (DPC)

(c:/texlive/2026/texmf-dist/tex/latex/tools/array.sty
Package: array 2025/09/25 v2.6n Tabular extension package (FMi)
\col@sep=\dimen192
\ar@mcellbox=\box57
\extrarowheight=\dimen193
\NC@list=\toks26
\extratabsurround=\skip55
\backup@length=\skip56
\ar@cellbox=\box58
)
(c:/texlive/2026/texmf-dist/tex/latex/graphics/color.sty
Package: color 2025/01/14 v1.3e Standard LaTeX Color (DPC)

(c:/texlive/2026/texmf-dist/tex/latex/graphics-cfg/color.cfg
File: color.cfg 2016/01/02 v1.6 sample color configuration
)
Package color Info: Driver file: pdftex.def on input line 149.

(c:/texlive/2026/texmf-dist/tex/latex/graphics/mathcolor.ltx))
\everycr=\toks27
\minrowclearance=\skip57
\rownum=\count308
)
(c:/texlive/2026/texmf-dist/tex/latex/base/textcomp.sty
Package: textcomp 2024/04/24 v2.1b Standard LaTeX package
)
(c:/texlive/2026/texmf-dist/tex/latex/xcolor/xcolor.sty
Package: xcolor 2024/09/29 v3.02 LaTeX color extensions (UK)

(c:/texlive/2026/texmf-dist/tex/latex/graphics-cfg/color.cfg
File: color.cfg 2016/01/02 v1.6 sample color configuration
)
Package xcolor Info: Driver file: pdftex.def on input line 274.
LaTeX Info: Redefining \color on input line 762.

(c:/texlive/2026/texmf-dist/tex/latex/graphics/mathcolor.ltx)
Package xcolor Info: Model `cmy' substituted by `cmy0' on input line 1349.
Package xcolor Info: Model `hsb' substituted by `rgb' on input line 1353.
Package xcolor Info: Model `RGB' extended on input line 1365.
Package xcolor Info: Model `HTML' substituted by `rgb' on input line 1367.
Package xcolor Info: Model `Hsb' substituted by `hsb' on input line 1368.
Package xcolor Info: Model `tHsb' substituted by `hsb' on input line 1369.
Package xcolor Info: Model `HSB' substituted by `hsb' on input line 1370.
Package xcolor Info: Model `Gray' substituted by `gray' on input line 1371.
Package xcolor Info: Model `wave' substituted by `hsb' on input line 1372.
)
(c:/texlive/2026/texmf-dist/tex/latex/url/url.sty
\Urlmuskip=\muskip18
Package: url 2013/09/16  ver 3.4  Verb mode for urls, etc.
)
(c:/texlive/2026/texmf-dist/tex/latex/booktabs/booktabs.sty
Package: booktabs 2020/01/12 v1.61803398 Publication quality tables
\heavyrulewidth=\dimen194
\lightrulewidth=\dimen195
\cmidrulewidth=\dimen196
\belowrulesep=\dimen197
\belowbottomsep=\dimen198
\aboverulesep=\dimen199
\abovetopsep=\dimen256
\cmidrulesep=\dimen257
\cmidrulekern=\dimen258
\defaultaddspace=\dimen259
\@cmidla=\count309
\@cmidlb=\count310
\@aboverulesep=\dimen260
\@belowrulesep=\dimen261
\@thisruleclass=\count311
\@lastruleclass=\count312
\@thisrulewidth=\dimen262
)
(c:/texlive/2026/texmf-dist/tex/latex/multirow/multirow.sty
Package: multirow 2024/11/12 v2.9 Span multiple rows of a table
\multirow@colwidth=\skip58
\multirow@cntb=\count313
\multirow@dima=\skip59
\bigstrutjot=\dimen263
)
(c:/texlive/2026/texmf-dist/tex/latex/threeparttable/threeparttable.sty
Package: threeparttable 2003/06/13  v 3.0
\@tempboxb=\box59
)
(c:/texlive/2026/texmf-dist/tex/latex/siunitx/siunitx.sty
Package: siunitx 2025-07-09 v3.4.14 A comprehensive (SI) units package
\l__siunitx_number_uncert_offset_int=\count314
\l__siunitx_number_exponent_fixed_int=\count315
\l__siunitx_number_min_decimal_int=\count316
\l__siunitx_number_min_integer_int=\count317
\l__siunitx_number_round_precision_int=\count318
\l__siunitx_number_lower_threshold_int=\count319
\l__siunitx_number_upper_threshold_int=\count320
\l__siunitx_number_group_first_int=\count321
\l__siunitx_number_group_size_int=\count322
\l__siunitx_number_group_minimum_int=\count323
\l__siunitx_angle_tmp_dim=\dimen264
\l__siunitx_angle_marker_box=\box60
\l__siunitx_angle_unit_box=\box61
\l__siunitx_compound_count_int=\count324

(c:/texlive/2026/texmf-dist/tex/latex/translations/translations.sty
Package: translations 2022/02/05 v1.12 internationalization of LaTeX2e packages
 (CN)

(c:/texlive/2026/texmf-dist/tex/latex/etoolbox/etoolbox.sty
Package: etoolbox 2025/10/02 v2.5m e-TeX tools for LaTeX (JAW)
\etb@tempcnta=\count325
)
(c:/texlive/2026/texmf-dist/tex/generic/pdftexcmds/pdftexcmds.sty
Package: pdftexcmds 2020-06-27 v0.33 Utility functions of pdfTeX for LuaTeX (HO
)

(c:/texlive/2026/texmf-dist/tex/generic/infwarerr/infwarerr.sty
Package: infwarerr 2019/12/03 v1.5 Providing info/warning/error messages (HO)
)
(c:/texlive/2026/texmf-dist/tex/generic/iftex/iftex.sty
Package: iftex 2024/12/12 v1.0g TeX engine tests
)
(c:/texlive/2026/texmf-dist/tex/generic/ltxcmds/ltxcmds.sty
Package: ltxcmds 2023-12-04 v1.26 LaTeX kernel commands for general use (HO)
)
Package pdftexcmds Info: \pdf@primitive is available.
Package pdftexcmds Info: \pdf@ifprimitive is available.
Package pdftexcmds Info: \pdfdraftmode found.
))
\l__siunitx_table_tmp_box=\box62
\l__siunitx_table_tmp_dim=\dimen265
\l__siunitx_table_column_width_dim=\dimen266
\l__siunitx_table_integer_box=\box63
\l__siunitx_table_decimal_box=\box64
\l__siunitx_table_uncert_box=\box65
\l__siunitx_table_before_box=\box66
\l__siunitx_table_after_box=\box67
\l__siunitx_table_before_dim=\dimen267
\l__siunitx_table_carry_dim=\dimen268
\l__siunitx_unit_tmp_int=\count326
\l__siunitx_unit_position_int=\count327
\l__siunitx_unit_total_int=\count328
)
(c:/texlive/2026/texmf-dist/tex/latex/l3backend/l3backend-pdftex.def
File: l3backend-pdftex.def 2025-10-09 L3 backend support: PDF output (pdfTeX)
\l__color_backend_stack_int=\count329
)
(./BellChatV4.aux)
\openout1 = `BellChatV4.aux'.

LaTeX Font Info:    Checking defaults for OML/cmm/m/it on input line 26.
LaTeX Font Info:    ... okay on input line 26.
LaTeX Font Info:    Checking defaults for OMS/cmsy/m/n on input line 26.
LaTeX Font Info:    ... okay on input line 26.
LaTeX Font Info:    Checking defaults for OT1/cmr/m/n on input line 26.
LaTeX Font Info:    ... okay on input line 26.
LaTeX Font Info:    Checking defaults for T1/cmr/m/n on input line 26.
LaTeX Font Info:    ... okay on input line 26.
LaTeX Font Info:    Checking defaults for TS1/cmr/m/n on input line 26.
LaTeX Font Info:    ... okay on input line 26.
LaTeX Font Info:    Checking defaults for OMX/cmex/m/n on input line 26.
LaTeX Font Info:    ... okay on input line 26.
LaTeX Font Info:    Checking defaults for U/cmr/m/n on input line 26.
LaTeX Font Info:    ... okay on input line 26.

-- Lines per column: 58 (exact).
(c:/texlive/2026/texmf-dist/tex/context/base/mkii/supp-pdf.mkii
[Loading MPS to PDF converter (version 2006.09.02).]
\scratchcounter=\count330
\scratchdimen=\dimen269
\scratchbox=\box68
\nofMPsegments=\count331
\nofMParguments=\count332
\everyMPshowfont=\toks28
\MPscratchCnt=\count333
\MPscratchDim=\dimen270
\MPnumerator=\count334
\makeMPintoPDFobject=\count335
\everyMPtoPDFconversion=\toks29
) (c:/texlive/2026/texmf-dist/tex/latex/epstopdf-pkg/epstopdf-base.sty
Package: epstopdf-base 2020-01-24 v2.11 Base part for package epstopdf
Package epstopdf-base Info: Redefining graphics rule for `.eps' on input line 4
85.

(c:/texlive/2026/texmf-dist/tex/latex/latexconfig/epstopdf-sys.cfg
File: epstopdf-sys.cfg 2010/07/13 v1.3 Configuration of (r)epstopdf for TeX Liv
e
))
Package caption Info: Begin \AtBeginDocument code.
Package caption Info: threeparttable package is loaded.
Package caption Info: End \AtBeginDocument code.

(c:/texlive/2026/texmf-dist/tex/latex/translations/translations-basic-dictionar
y-english.trsl
File: translations-basic-dictionary-english.trsl (english translation file `tra
nslations-basic-dictionary')
)
Package translations Info: loading dictionary `translations-basic-dictionary' f
or `english'. on input line 26.
LaTeX Font Info:    Trying to load font information for U+msa on input line 60.

 (c:/texlive/2026/texmf-dist/tex/latex/amsfonts/umsa.fd
File: umsa.fd 2013/01/14 v3.01 AMS symbols A
)
LaTeX Font Info:    Trying to load font information for U+msb on input line 60.


(c:/texlive/2026/texmf-dist/tex/latex/amsfonts/umsb.fd
File: umsb.fd 2013/01/14 v3.01 AMS symbols B
)
LaTeX Font Info:    Trying to load font information for T1+phv on input line 70
.

(c:/texlive/2026/texmf-dist/tex/latex/psnfss/t1phv.fd
File: t1phv.fd 2020/03/25 scalable font definitions for T1/phv.
) [1{c:/texlive/2026/texmf-var/fonts/map/pdftex/updmap/pdftex.map}{c:/texlive/2
026/texmf-dist/fonts/enc/dvips/base/8r.enc}


]
Underfull \vbox (badness 10000) has occurred while \output is active []

 [2]
Underfull \hbox (badness 1565) in paragraph at lines 175--190
\T1/ptm/m/n/10 than 35%. Huang \T1/ptm/m/it/10 et al. \T1/ptm/m/n/10 [29] eval-
u-ated the four most
 []


Underfull \hbox (badness 2302) in paragraph at lines 194--211
\T1/ptm/m/n/10 har \T1/ptm/m/it/10 et al. \T1/ptm/m/n/10 [10] sys-tem-a-tised m
odal-i-ties of AAC high-
 []


Underfull \hbox (badness 1558) in paragraph at lines 213--226
 \T1/ptm/m/it/10 2) AI-based AAC ap-pli-ca-tions for speech dis-or-ders: [][]
 []


Underfull \hbox (badness 1776) in paragraph at lines 276--279
\T1/ptm/b/n/10 ment method-olo-gies \T1/ptm/m/n/10 for ac-ces-si-ble mes-sag-in
g soft-ware.
 []

[3]
Underfull \hbox (badness 10000) in paragraph at lines 342--343
[]|\T1/ptm/m/n/7 Cross-platform; na-tive
 []


Underfull \hbox (badness 10000) in paragraph at lines 345--345
[]|\T1/ptm/m/n/7 WebSocket +
 []


Underfull \hbox (badness 10000) in paragraph at lines 346--347
[]|\T1/ptm/m/n/7 Relational, ACID-compliant,
 []


Underfull \hbox (badness 10000) in paragraph at lines 347--348
[]|\T1/ptm/m/n/7 Portability, iso-la-tion, re-verse
 []


Underfull \hbox (badness 10000) in paragraph at lines 348--348
[]|\T1/ptm/m/n/7 AWS Win-dows
 []

LaTeX Font Info:    Trying to load font information for T1+pcr on input line 36
0.
(c:/texlive/2026/texmf-dist/tex/latex/psnfss/t1pcr.fd
File: t1pcr.fd 2001/06/04 font definitions for T1/pcr.
)
Underfull \hbox (badness 2600) in paragraph at lines 355--374
\T1/ptm/m/n/10 SAPI5 (Mi-crosoft Speech API 5, lo-cal pro-cess-ing via
 []


Underfull \hbox (badness 10000) in paragraph at lines 409--409
[]|\T1/ptm/m/n/7 Fake ac-count, no
 []


Overfull \hbox (4.54845pt too wide) in paragraph at lines 410--410
[]|\T1/ptm/m/n/7 Tampering| 
 []


Underfull \hbox (badness 4441) in paragraph at lines 410--410
[]|\T1/ptm/m/n/7 F2/F4: Web-
 []


Underfull \hbox (badness 10000) in paragraph at lines 410--410
[]|\T1/ptm/m/n/7 Message
 []


Underfull \hbox (badness 10000) in paragraph at lines 410--410
\T1/ptm/m/n/7 mod-i-fi-ca-tion in
 []


Underfull \hbox (badness 10000) in paragraph at lines 410--410
[]|\T1/ptm/m/n/7 No
 []


Underfull \hbox (badness 10000) in paragraph at lines 410--410
\T1/ptm/m/n/7 in-de-pen-dent
 []


Underfull \hbox (badness 10000) in paragraph at lines 410--410
\T1/ptm/m/n/7 mes-sage
 []


Overfull \hbox (8.61533pt too wide) in paragraph at lines 411--411
[]|\T1/ptm/m/n/7 Repudiation| 
 []


Underfull \hbox (badness 10000) in paragraph at lines 412--412
[]|\T1/ptm/m/n/7 Info.
 []


Underfull \hbox (badness 10000) in paragraph at lines 412--412
[]|\T1/ptm/m/n/7 F3:
 []


Underfull \hbox (badness 4779) in paragraph at lines 412--412
[]|\T1/ptm/m/n/7 Plaintext in server
 []


Underfull \hbox (badness 10000) in paragraph at lines 412--412
[]|\T1/ptm/m/n/7 No TEE or
 []


Underfull \hbox (badness 10000) in paragraph at lines 413--413
[]|\T1/ptm/m/n/7 F3: Django
 []


Underfull \hbox (badness 10000) in paragraph at lines 413--413
[]|\T1/ptm/m/n/7 No rate
 []


Underfull \hbox (badness 10000) in paragraph at lines 413--413
\T1/ptm/m/n/7 lim-it-ing
 []


Overfull \hbox (0.87337pt too wide) in paragraph at lines 414--414
[]|\T1/ptm/m/n/7 Elevation| 
 []


Underfull \hbox (badness 10000) in paragraph at lines 414--414
[]|\T1/ptm/m/n/7 F2: REST
 []


Underfull \hbox (badness 10000) in paragraph at lines 414--414
[]|\T1/ptm/m/n/7 No RBAC
 []


Underfull \hbox (badness 10000) in paragraph at lines 414--414
\T1/ptm/m/n/7 anal-y-sis
 []

[4]
Overfull \hbox (2.03598pt too wide) in paragraph at lines 437--437
[]|\T1/ptm/m/n/7 Voz$\OMS/cmsy/m/n/7 !$\T1/ptm/m/n/7 STT[]| 
 []


Overfull \hbox (4.36746pt too wide) in paragraph at lines 442--442
[]|\T1/ptm/m/n/7 BLIP+OCR[]| 
 []


Underfull \hbox (badness 1418) in paragraph at lines 446--446
[]\T1/ptm/m/n/10 Table III: |Func-tional Cov-er-age Ma-trix by Sen-sory Pro-fil
e.
 []


Overfull \hbox (12.08385pt too wide) in paragraph at lines 424--455
[] 
 []


Underfull \hbox (badness 1533) in paragraph at lines 482--501
 \T1/ptm/m/it/10 7) Tech-no-log-i-cal Ac-cep-tance In-stru-ment: [][] \T1/ptm/m
/n/10 Tech-no-log-i-cal
 []


Underfull \hbox (badness 1902) in paragraph at lines 482--501
\T1/ptm/m/n/10 ac-cep-tance was mea-sured us-ing the TAM pro-posed by
 []


Underfull \hbox (badness 2726) in paragraph at lines 482--501
\T1/ptm/m/n/10 val-i-dated in ac-ces-si-ble mo-bile ap-pli-ca-tion stud-ies [27
],
 []


Underfull \hbox (badness 2393) in paragraph at lines 482--501
\T1/ptm/b/n/10 Use-ful-ness (PU)\T1/ptm/m/n/10 ---items PTAM001--PTAM006---and 
\T1/ptm/b/n/10 Per-
 []


Underfull \hbox (badness 10000) in paragraph at lines 535--535
[]|\T1/ptm/m/n/7 Technology layer
 []


Underfull \hbox (badness 10000) in paragraph at lines 536--536
[]|\T1/ptm/m/n/7 Requirements
 []


Underfull \hbox (badness 10000) in paragraph at lines 537--538
[]|\T1/ptm/m/n/7 PostgreSQL
 []


Underfull \hbox (badness 10000) in paragraph at lines 538--538
[]|\T1/ptm/m/n/7 Unit/integration
 []


Underfull \hbox (badness 10000) in paragraph at lines 538--538
\T1/ptm/m/n/7 tests; TAM sur-vey;
 []


Underfull \hbox (badness 10000) in paragraph at lines 538--539
[]|\T1/ptm/m/n/7 Acceptance
 []


Underfull \hbox (badness 10000) in paragraph at lines 538--539
\T1/ptm/m/n/7 cri-te-rion: er-ror
 []


Underfull \hbox (badness 10000) in paragraph at lines 539--539
[]|\T1/ptm/m/n/7 Software
 []


Underfull \hbox (badness 10000) in paragraph at lines 539--539
[]|\T1/ptm/m/n/7 REST API (Spring
 []


Underfull \hbox (badness 10000) in paragraph at lines 539--539
\T1/ptm/m/n/7 mo-bile app (Re-act
 []


Underfull \hbox (badness 1946) in paragraph at lines 539--540
[]|\T1/ptm/m/n/7 WebSocket + Rab-
 []


Underfull \hbox (badness 2269) in paragraph at lines 540--540
[]|\T1/ptm/m/n/7 Multimedia ar-chi-tec-ture
 []


Underfull \hbox (badness 10000) in paragraph at lines 541--541
[]|\T1/ptm/m/n/7 Software
 []


Underfull \hbox (badness 4193) in paragraph at lines 541--542
[]|\T1/ptm/m/n/7 Removal of du-pli-
 []


Underfull \hbox (badness 3219) in paragraph at lines 541--542
\T1/ptm/m/n/7 cate IDs in vir-tu-
 []


Underfull \hbox (badness 10000) in paragraph at lines 543--543
[]|\T1/ptm/m/n/7 Requirements
 []


Underfull \hbox (badness 3396) in paragraph at lines 543--544
[]|\T1/ptm/m/n/7 Final val-i-da-tion of
 []


Underfull \hbox (badness 4981) in paragraph at lines 544--544
[]|\T1/ptm/m/n/7 Incident and im-prove-
 []


Underfull \hbox (badness 10000) in paragraph at lines 544--545
[]|\T1/ptm/m/n/7 Correction of 48
 []


Underfull \hbox (badness 4391) in paragraph at lines 544--545
\T1/ptm/m/n/7 of 75 ac-ces-si-bil-ity
 []

<figfinals/fig01.pdf, id=29, 11063.3325pt x 6690.9975pt>
File: figfinals/fig01.pdf Graphic file (type pdf)
<use figfinals/fig01.pdf>
Package pdftex.def Info: figfinals/fig01.pdf  used on input line 567.
(pdftex.def)             Requested size: 252.0pt x 152.32764pt.
[5]
<figfinals/fig02.pdf, id=34, 5826.76875pt x 5510.5875pt>
File: figfinals/fig02.pdf Graphic file (type pdf)
<use figfinals/fig02.pdf>
Package pdftex.def Info: figfinals/fig02.pdf  used on input line 595.
(pdftex.def)             Requested size: 252.0pt x 238.296pt.

Underfull \hbox (badness 4647) in paragraph at lines 600--600
[]\T1/ptm/m/n/10 Figure 2: |Se-cure and ac-ces-si-ble com-mu-ni-ca-tion flow:
 []

<figfinals/fig03a.pdf, id=35, 124.3044pt x 294.50024pt>
File: figfinals/fig03a.pdf Graphic file (type pdf)
<use figfinals/fig03a.pdf>
Package pdftex.def Info: figfinals/fig03a.pdf  used on input line 628.
(pdftex.def)             Requested size: 118.6778pt x 281.18465pt.
<figfinals/fig03b.pdf, id=36, 141.28784pt x 319.79475pt>
File: figfinals/fig03b.pdf Graphic file (type pdf)
<use figfinals/fig03b.pdf>
Package pdftex.def Info: figfinals/fig03b.pdf  used on input line 635.
(pdftex.def)             Requested size: 118.6778pt x 268.62575pt.
<figfinals/fig03c.pdf, id=37, 124.3044pt x 294.50024pt>
File: figfinals/fig03c.pdf Graphic file (type pdf)
<use figfinals/fig03c.pdf>
Package pdftex.def Info: figfinals/fig03c.pdf  used on input line 642.
(pdftex.def)             Requested size: 118.6778pt x 281.18465pt.
<figfinals/fig03d.pdf, id=38, 138.0357pt x 312.92911pt>
File: figfinals/fig03d.pdf Graphic file (type pdf)
<use figfinals/fig03d.pdf>
Package pdftex.def Info: figfinals/fig03d.pdf  used on input line 649.
(pdftex.def)             Requested size: 118.6778pt x 269.0517pt.
[6 <./figfinals/fig01.pdf> <./figfinals/fig02.pdf

pdfTeX warning: pdflatex.exe (file ./figfinals/fig02.pdf): PDF inclusion: multi
ple pdfs with page group included in a single page
>]
Underfull \hbox (badness 3449) in paragraph at lines 742--769
[]\T1/ptm/m/n/10 To char-ac-terise the sta-tis-ti-cal power as-so-ci-ated with
 []


Underfull \hbox (badness 1728) in paragraph at lines 742--769
\OML/cmm/m/it/10 n[]\OT1/cmr/m/n/10 25$\T1/ptm/m/n/10 , a post-hoc power anal-y
-sis was con-ducted us-ing
 []


Underfull \hbox (badness 1412) in paragraph at lines 742--769
\T1/ptm/m/n/10 test-ing whether each TAM con-struct mean dif-fers from
 []


Underfull \hbox (badness 3449) in paragraph at lines 742--769
\T1/ptm/m/n/10 boot-strap: $\OT1/cmr/m/n/10 [4\OML/cmm/m/it/10 :\OT1/cmr/m/n/10
 300\OML/cmm/m/it/10 ;  \OT1/cmr/m/n/10 4\OML/cmm/m/it/10 :\OT1/cmr/m/n/10 773]
$\T1/ptm/m/n/10 ), yield-ing post-hoc power of
 []


Underfull \hbox (badness 3428) in paragraph at lines 742--769
\T1/ptm/m/n/10 ($[][]\OT1/cmr/m/n/10 3\OML/cmm/m/it/10 :\OT1/cmr/m/n/10 847$\T1
/ptm/m/n/10 , $\OML/cmm/m/it/10 SD[]\OT1/cmr/m/n/10 0\OML/cmm/m/it/10 :\OT1/cmr
/m/n/10 963$\T1/ptm/m/n/10 ; $\OML/cmm/m/it/10 d[][][]\OT1/cmr/m/n/10 0\OML/cmm
/m/it/10 :\OT1/cmr/m/n/10 159$\T1/ptm/m/n/10 ; $\OT1/cmr/m/n/10 1[]\OML/cmm/m/i
t/10 ^^L[]\OT1/cmr/m/n/10 0\OML/cmm/m/it/10 :\OT1/cmr/m/n/10 119$\T1/ptm/m/n/10
 ;
 []

[7 <./figfinals/fig03a.pdf> <./figfinals/fig03b.pdf> <./figfinals/fig03c.pdf> <
./figfinals/fig03d.pdf>]

LaTeX Warning: Reference `subsec:limits' on page 8 undefined on input line 809.



Underfull \hbox (badness 4108) in paragraph at lines 770--819
[]\T1/ptm/m/n/10 Gender dis-tri-bu-tion was 14 women (56%) and 11
 []


Underfull \hbox (badness 2582) in paragraph at lines 821--832
 \T1/ptm/m/it/10 b) Pre-use base-line.: [][] \T1/ptm/m/n/10 Prior to Stage 1, e
ach par-
 []

[8]
Underfull \hbox (badness 10000) in paragraph at lines 982--988
 \T1/ptm/m/it/10 3) Im-age De-scrip-tion Mod-ule (Im-age Cap-tion-
 []


Underfull \hbox (badness 10000) in paragraph at lines 982--988
\T1/ptm/m/it/10 ing): [][] \T1/ptm/m/n/10 The im-age de-scrip-tion mod-ule uses
 the
 []


Underfull \hbox (badness 10000) in paragraph at lines 982--988
\T1/pcr/m/n/10 blip-image-captioning-base \T1/ptm/m/n/10 model from
 []


Underfull \hbox (badness 4543) in paragraph at lines 1053--1068
[]\T1/ptm/m/n/10 Load times scaled lin-early with du-ra-tion: 3.91min,
 []


Underfull \hbox (badness 2617) in paragraph at lines 1053--1068
\T1/ptm/m/n/10 ex-ceeded orig-i-nal file weights (9.22MB, 48.9MB, and
 []

[9]
Underfull \hbox (badness 7667) in paragraph at lines 1143--1143
[]\T1/ptm/m/n/10 Table X: |TAM Ques-tion-naire Re-sults ($\OML/cmm/m/it/10 n[]\
OT1/cmr/m/n/10 25$\T1/ptm/m/n/10 , Lik-ert
 []


Underfull \hbox (badness 4416) in paragraph at lines 1143--1143
\T1/ptm/m/n/10 1--5 scale). PU=Perceived Use-ful-ness (PTAM001--006);
 []


Overfull \hbox (19.45921pt too wide) in paragraph at lines 1148--1173
 [][] 
 []


Underfull \hbox (badness 10000) in paragraph at lines 1194--1214
 \T1/ptm/m/it/10 2) Per-ceived Ease of Use: [][] \T1/ptm/m/n/10 The PEOU con-
 []


Underfull \hbox (badness 1629) in paragraph at lines 1194--1214
\T1/ptm/m/n/10 struct (PTAM007--PTAM012) achieved a con-struct mean
 []


Underfull \hbox (badness 1648) in paragraph at lines 1194--1214
\T1/ptm/m/n/10 of $[][]\OT1/cmr/m/n/10 3\OML/cmm/m/it/10 :\OT1/cmr/m/n/10 85$\T
1/ptm/m/n/10 , with no-tably greater in-ter-nal dis-per-sion
 []


Underfull \hbox (badness 10000) in paragraph at lines 1194--1214
\T1/ptm/m/n/10 than PU. Items PTAM009 ($[][]\OT1/cmr/m/n/10 4\OML/cmm/m/it/10 :
\OT1/cmr/m/n/10 20$\T1/ptm/m/n/10 ; SD=1.00) and
 []


Underfull \hbox (badness 7256) in paragraph at lines 1194--1214
\T1/ptm/m/n/10 PTAM010 ($[][]\OT1/cmr/m/n/10 4\OML/cmm/m/it/10 :\OT1/cmr/m/n/10
 16$\T1/ptm/m/n/10 ; SD=1.07)---evaluating clar-ity and
 []


Underfull \hbox (badness 10000) in paragraph at lines 1194--1214
\T1/ptm/m/n/10 in-ter-ac-tion flexibility---show pos-i-tive rat-ings in-di-cat-
ing
 []


Underfull \hbox (badness 10000) in paragraph at lines 1194--1214
\T1/ptm/m/n/10 that the sys-tem's main in-ter-face is per-ceived as
 []


Underfull \hbox (badness 10000) in paragraph at lines 1194--1214
\T1/ptm/m/n/10 com-pre-hen-si-ble. Items PTAM007 ($[][]\OT1/cmr/m/n/10 3\OML/cm
m/m/it/10 :\OT1/cmr/m/n/10 56$\T1/ptm/m/n/10 ; SD=1.36)
 []


Underfull \vbox (badness 10000) has occurred while \output is active []

 [10]
<figfinals/fig04.pdf, id=78, 418.33891pt x 361.43332pt>
File: figfinals/fig04.pdf Graphic file (type pdf)
<use figfinals/fig04.pdf>
Package pdftex.def Info: figfinals/fig04.pdf  used on input line 1250.
(pdftex.def)             Requested size: 252.0pt x 217.722pt.

Underfull \hbox (badness 1430) in paragraph at lines 1266--1290
\T1/ptm/m/n/10 a sig-nif-i-cant PEOU dif-fer-ence be-tween What-sApp users
 []


Underfull \hbox (badness 2698) in paragraph at lines 1266--1290
[][]\OT1/cmr/m/n/10 3\OML/cmm/m/it/10 :\OT1/cmr/m/n/10 222$\T1/ptm/m/n/10 , $\O
ML/cmm/m/it/10 SD[]\OT1/cmr/m/n/10 0\OML/cmm/m/it/10 :\OT1/cmr/m/n/10 890$\T1/p
tm/m/n/10 ): $\OML/cmm/m/it/10 t[]\OT1/cmr/m/n/10 (14\OML/cmm/m/it/10 :\OT1/cmr
/m/n/10 4)[]2\OML/cmm/m/it/10 :\OT1/cmr/m/n/10 690$\T1/ptm/m/n/10 , $\OML/cmm/m
/it/10 p[]\OT1/cmr/m/n/10 0\OML/cmm/m/it/10 :\OT1/cmr/m/n/10 016$\T1/ptm/m/n/10
 ,
 []


Underfull \hbox (badness 1953) in paragraph at lines 1266--1290
\OML/cmm/m/it/10 d[]\OT1/cmr/m/n/10 1\OML/cmm/m/it/10 :\OT1/cmr/m/n/10 131$ \T1
/ptm/m/n/10 (large ef-fect); PU showed no such dif-fer-ence
 []


Underfull \hbox (badness 1365) in paragraph at lines 1292--1305
 \T1/ptm/m/it/10 5) Di-rect Ob-ser-va-tion: [][] \T1/ptm/m/n/10 The di-rect ob-
ser-va-tion ses-sion
 []


Underfull \hbox (badness 10000) in paragraph at lines 1321--1321
[]|\T1/ptm/m/n/9 API
 []


Underfull \hbox (badness 2635) in paragraph at lines 1321--1321
\T1/ptm/m/n/9 TTS, STT, cap-tion-
 []


Underfull \hbox (badness 3291) in paragraph at lines 1321--1321
\T1/ptm/m/n/9 base64 over-head in
 []


Underfull \hbox (badness 10000) in paragraph at lines 1322--1322
[]|\T1/ptm/m/n/9 64% re-duc-tion
 []


Underfull \hbox (badness 10000) in paragraph at lines 1322--1322
\T1/ptm/m/n/9 in WCAG 2.1
 []


Underfull \hbox (badness 10000) in paragraph at lines 1322--1322
\T1/ptm/m/n/9 warn-ings (48/75);
 []


Underfull \hbox (badness 10000) in paragraph at lines 1323--1323
[]|\T1/ptm/m/n/9 TAM
 []


Underfull \hbox (badness 10000) in paragraph at lines 1323--1323
[]|$[][]\OT1/cmr/m/n/9 4\OML/cmm/m/it/9 :\OT1/cmr/m/n/9 20$\T1/ptm/m/n/9 ;
 []


Underfull \hbox (badness 10000) in paragraph at lines 1323--1323
\T1/ptm/m/n/9 PU$\OT1/cmr/m/n/9 = 4\OML/cmm/m/it/9 :\OT1/cmr/m/n/9 55$\T1/ptm/m
/n/9 ;
 []


Underfull \hbox (badness 10000) in paragraph at lines 1323--1323
\T1/ptm/m/n/9 PEOU$\OT1/cmr/m/n/9 = 3\OML/cmm/m/it/9 :\OT1/cmr/m/n/9 85$\T1/ptm
/m/n/9 ;
 []


Underfull \hbox (badness 10000) in paragraph at lines 1324--1324
[]|\T1/ptm/m/n/9 8% as-sis-tance
 []


Underfull \hbox (badness 10000) in paragraph at lines 1324--1324
\T1/ptm/m/n/9 re-quests; er-rors
 []


Underfull \hbox (badness 10000) in paragraph at lines 1324--1324
\T1/ptm/m/n/9 con-cen-trated on
 []

[11 <./figfinals/fig04.pdf>]
Underfull \vbox (badness 10000) has occurred while \output is active []


Underfull \hbox (badness 1748) in paragraph at lines 1431--1446
\T1/ptm/m/n/10 pli-ca-tions as-so-ciates with pos-i-tive user ac-cep-tance [27]
,
 []


Underfull \hbox (badness 2547) in paragraph at lines 1454--1466
[]\T1/ptm/m/n/10 The PEOU con-struct showed greater in-ter-nal dis-per-
 []


Underfull \hbox (badness 2384) in paragraph at lines 1467--1476
[]\T1/ptm/m/n/10 The HJ-Biplot (Fig. 4[]) re-vealed that PTAM007 and
 []

[12]
Underfull \hbox (badness 2221) in paragraph at lines 1530--1543
\OML/cmm/m/it/10 n[]\OT1/cmr/m/n/10 312$ \T1/ptm/m/n/10 re-spec-tively. Single-
site re-cruit-ment in Quevedo,
 []


LaTeX Warning: Reference `subsec:tam' on page 13 undefined on input line 1559.

[13]
Underfull \hbox (badness 10000) in paragraph at lines 1601--1616
[]\T1/ptm/m/n/10 The \T1/ptm/b/n/10 first con-clu-sion \T1/ptm/m/n/10 con-cerns
 the tech-ni-cal
 []


Underfull \hbox (badness 10000) in paragraph at lines 1601--1616
\T1/ptm/m/n/10 vi-a-bil-ity of mul-ti-modal in-te-gra-tion with guar-an-teed
 []


Underfull \hbox (badness 2165) in paragraph at lines 1601--1616
\T1/ptm/m/n/10 pri-vacy (RQ1=confirmed). All four con-ver-sion mod-ules
 []


Underfull \hbox (badness 3058) in paragraph at lines 1601--1616
\T1/ptm/m/n/10 ver-i-fied trans-mis-sion in-tegrity per con-di-tion  ($\OML/cmm
/m/it/10 < \OT1/cmr/m/n/10 1 %$
 []


Underfull \hbox (badness 10000) in paragraph at lines 1601--1616
\T1/ptm/m/n/10 encryption---without de-grad-ing er-ror rate---demonstrates
 []


Underfull \hbox (badness 10000) in paragraph at lines 1601--1616
\T1/ptm/m/n/10 voice-segment caching rep-re-sents the highest-urgency
 []


Underfull \hbox (badness 3439) in paragraph at lines 1617--1637
[]\T1/ptm/m/n/10 The \T1/ptm/b/n/10 sec-ond con-clu-sion \T1/ptm/m/n/10 con-cer
ns pos-i-tive tech-no-log-
 []


Underfull \hbox (badness 5847) in paragraph at lines 1617--1637
\T1/ptm/m/n/10 i-cal ac-cep-tance in a het-ero-ge-neous dis-abil-ity pop-u-la-
 []


Underfull \hbox (badness 3579) in paragraph at lines 1638--1649
[]\T1/ptm/m/n/10 The \T1/ptm/b/n/10 third con-clu-sion \T1/ptm/m/n/10 con-cerns
 the ef-fi-cacy of the
 []

(./BellChatV4.bbl [14]
Underfull \hbox (badness 1521) in paragraph at lines 131--136
[]\T1/ptm/m/n/8 P. Acosta-Vargas, J. Guaña-Moya, J. Jadán-Guerrero, C. Alvites-

 []


Underfull \hbox (badness 1558) in paragraph at lines 154--158
[]\T1/ptm/m/n/8 G. Guerrero-Ulloa, M. J. Hornos, and C. Rodríguez-Domínguez,
 []


Underfull \hbox (badness 1558) in paragraph at lines 206--210
[]\T1/ptm/m/n/8 G. Guerrero-Ulloa, M. J. Hornos, and C. Rodríguez-Domínguez,
 []

[15])
<figfinals/photo_guerrero.png, id=128, 225.84375pt x 225.84375pt>
File: figfinals/photo_guerrero.png Graphic file (type png)
<use figfinals/photo_guerrero.png>
Package pdftex.def Info: figfinals/photo_guerrero.png  used on input line 1681.

(pdftex.def)             Requested size: 72.27147pt x 72.27147pt.
File: figfinals/photo_guerrero.png Graphic file (type png)
<use figfinals/photo_guerrero.png>
Package pdftex.def Info: figfinals/photo_guerrero.png  used on input line 1681.

(pdftex.def)             Requested size: 72.27147pt x 72.27147pt.
<figfinals/photo_leturne.png, id=131, 225.84375pt x 225.84375pt>
File: figfinals/photo_leturne.png Graphic file (type png)
<use figfinals/photo_leturne.png>
Package pdftex.def Info: figfinals/photo_leturne.png  used on input line 1695.
(pdftex.def)             Requested size: 72.27147pt x 72.27147pt.
File: figfinals/photo_leturne.png Graphic file (type png)
<use figfinals/photo_leturne.png>
Package pdftex.def Info: figfinals/photo_leturne.png  used on input line 1695.
(pdftex.def)             Requested size: 72.27147pt x 72.27147pt.

Underfull \hbox (badness 1354) in paragraph at lines 1695--1704
\T1/ptm/m/n/8 searcher at the Fac-ulty of Com-put-ing Sci-ence,
 []

[16

 <./figfinals/photo_guerrero.png> <./figfinals/photo_leturne.png>]
(./BellChatV4.aux)
 ***********
LaTeX2e <2025-11-01>
L3 programming layer <2026-01-19>
 ***********


LaTeX Warning: There were undefined references.

 ) 
Here is how much of TeX's memory you used:
 12018 strings out of 467525
 254916 string characters out of 5423209
 661642 words of memory out of 5000000
 40777 multiletter control sequences out of 15000+600000
 759256 words of font info for 175 fonts, out of 8000000 for 9000
 1141 hyphenation exceptions out of 8191
 73i,16n,80p,1846b,543s stack positions out of 10000i,1000n,20000p,200000b,200000s
<c:/texlive/2026/texmf-dist/fonts/type1/public/amsfonts/cm/cmmi10.pfb><c:/tex
live/2026/texmf-dist/fonts/type1/public/amsfonts/cm/cmmi7.pfb><c:/texlive/2026/
texmf-dist/fonts/type1/public/amsfonts/cm/cmmi9.pfb><c:/texlive/2026/texmf-dist
/fonts/type1/public/amsfonts/cm/cmr10.pfb><c:/texlive/2026/texmf-dist/fonts/typ
e1/public/amsfonts/cm/cmr7.pfb><c:/texlive/2026/texmf-dist/fonts/type1/public/a
msfonts/cm/cmr9.pfb><c:/texlive/2026/texmf-dist/fonts/type1/public/amsfonts/cm/
cmsy10.pfb><c:/texlive/2026/texmf-dist/fonts/type1/public/amsfonts/cm/cmsy7.pfb
><c:/texlive/2026/texmf-dist/fonts/type1/public/amsfonts/cm/cmsy9.pfb><c:/texli
ve/2026/texmf-dist/fonts/type1/public/amsfonts/symbols/msam10.pfb><c:/texlive/2
026/texmf-dist/fonts/type1/public/amsfonts/symbols/msam7.pfb><c:/texlive/2026/t
exmf-dist/fonts/type1/urw/courier/ucrr8a.pfb><c:/texlive/2026/texmf-dist/fonts/
type1/urw/helvetic/uhvb8a.pfb><c:/texlive/2026/texmf-dist/fonts/type1/urw/helve
tic/uhvr8a.pfb><c:/texlive/2026/texmf-dist/fonts/type1/urw/times/utmb8a.pfb><c:
/texlive/2026/texmf-dist/fonts/type1/urw/times/utmbi8a.pfb><c:/texlive/2026/tex
mf-dist/fonts/type1/urw/times/utmr8a.pfb><c:/texlive/2026/texmf-dist/fonts/type
1/urw/times/utmri8a.pfb>
Output written on BellChatV4.pdf (16 pages, 10288539 bytes).
PDF statistics:
 216 PDF objects out of 1000 (max. 8388607)
 128 compressed objects within 2 object streams
 0 named destinations out of 1000 (max. 500000)
 70 words of extra memory for PDF output out of 10000 (max. 10000000)

