This is pdfTeX, Version 3.141592653-2.6-1.40.24 (TeX Live 2022) (preloaded format=pdflatex 2022.8.23)  10 JUL 2026 00:29
entering extended mode
 restricted \write18 enabled.
 %&-line parsing enabled.
**tordis-eait.tex
(./tordis-eait.tex
LaTeX2e <2022-06-01> patch level 5
L3 programming layer <2022-08-05> (./sn-jnl.cls
Document Class: sn-jnl 2019/11/18 v0.1: An authoring template for Springer Jour
nal articles
(c:/texlive/2022/texmf-dist/tex/latex/base/article.cls
Document Class: article 2021/10/04 v1.4n Standard LaTeX document class
(c:/texlive/2022/texmf-dist/tex/latex/base/fleqn.clo
File: fleqn.clo 2016/12/29 v1.2b Standard LaTeX option (flush left equations)
\mathindent=\skip47
Applying: [2015/01/01] Make \[ robust on input line 50.
LaTeX Info: Redefining \[ on input line 51.
Already applied: [0000/00/00] Make \[ robust on input line 62.
Applying: [2015/01/01] Make \] robust on input line 74.
LaTeX Info: Redefining \] on input line 75.
Already applied: [0000/00/00] Make \] robust on input line 83.
)
(c:/texlive/2022/texmf-dist/tex/latex/base/size10.clo
File: size10.clo 2021/10/04 v1.4n Standard LaTeX file (size option)
)
\c@part=\count185
\c@section=\count186
\c@subsection=\count187
\c@subsubsection=\count188
\c@paragraph=\count189
\c@subparagraph=\count190
\c@figure=\count191
\c@table=\count192
\abovecaptionskip=\skip48
\belowcaptionskip=\skip49
\bibindent=\dimen138
)
LaTeX Info: Redefining \rm on input line 146.
LaTeX Info: Redefining \sf on input line 147.
LaTeX Info: Redefining \tt on input line 148.
LaTeX Info: Redefining \bf on input line 149.
LaTeX Info: Redefining \it on input line 150.
LaTeX Info: Redefining \sl on input line 151.
LaTeX Info: Redefining \sc on input line 152.
LaTeX Info: Redefining \cal on input line 153.
LaTeX Info: Redefining \mit on input line 154.
LaTeX Info: Redefining \textsubscript on input line 212.
\columnhsize=\skip50

(c:/texlive/2022/texmf-dist/tex/latex/geometry/geometry.sty
Package: geometry 2020/01/02 v5.9 Page Geometry

(c:/texlive/2022/texmf-dist/tex/latex/graphics/keyval.sty
Package: keyval 2022/05/29 v1.15 key=value parser (DPC)
\KV@toks@=\toks16
)
(c:/texlive/2022/texmf-dist/tex/generic/iftex/ifvtex.sty
Package: ifvtex 2019/10/25 v1.7 ifvtex legacy package. Use iftex instead.

(c:/texlive/2022/texmf-dist/tex/generic/iftex/iftex.sty
Package: iftex 2022/02/03 v1.0f TeX engine tests
))
\Gm@cnth=\count193
\Gm@cntv=\count194
\c@Gm@tempcnt=\count195
\Gm@bindingoffset=\dimen139
\Gm@wd@mp=\dimen140
\Gm@odd@mp=\dimen141
\Gm@even@mp=\dimen142
\Gm@layoutwidth=\dimen143
\Gm@layoutheight=\dimen144
\Gm@layouthoffset=\dimen145
\Gm@layoutvoffset=\dimen146
\Gm@dimlist=\toks17
)
\artcatbox=\box51
\aucount=\count196
\corraucount=\count197
\punctcount=\count198
\emailcnt=\count199
\c@affn=\count266
\addcount=\count267
\PacsCount=\count268
\PacsTmpCnt=\count269
\FMremarkdim=\dimen147
\fmremarkbox=\box52

(c:/texlive/2022/texmf-dist/tex/latex/sttools/cuted.sty
Package: cuted 2021/10/04 v2.0 Mixing onecolumn and twocolumn modes
\At@ViperColsBreak=\toks18
\preCutedStrip=\toks19
\postCutedStrip=\toks20
\cuted@@tempbox@a=\box53
\cuted@@tempbox@c=\box54
\cuted@@tempbox@var=\box55
\hold@viper=\box56
\@viper=\box57
\cuted@@varbox@a=\box58
\cuted@@varbox@c=\box59
\cuted@@tempdim@spread=\dimen148
\cuted@@tempdim@a=\dimen149
\cuted@@tempdim@b=\dimen150
\ht@hold@viper=\dimen151
\ht@viper=\dimen152
\var@@pagediscards@ht=\dimen153
\stripsep=\skip51
\viper@penalty=\count270
)
\firstpagehtcheck=\dimen154
\labelwidthi=\dimen155
\labelwidthii=\dimen156
\labelwidthiii=\dimen157
\labelwidthiv=\dimen158
\figwidth=\dimen159
\figheight=\dimen160
\sidecapwidth=\dimen161
\wrapcapline=\dimen162
\totalwrapline=\dimen163
\wraptotline=\dimen164
\figurebox=\box60
\wrapfigcapbox=\box61
\figcapbox=\box62
\capbox=\box63
\headwidthskip=\skip52
\tabcapbox=\box64
\temptbox=\box65
\tempdime=\dimen165
\tabhtdime=\dimen166

(c:/texlive/2022/texmf-dist/tex/latex/graphics/rotating.sty
Package: rotating 2016/08/11 v2.16d rotated objects in LaTeX

(c:/texlive/2022/texmf-dist/tex/latex/graphics/graphicx.sty
Package: graphicx 2021/09/16 v1.2d Enhanced LaTeX Graphics (DPC,SPQR)

(c:/texlive/2022/texmf-dist/tex/latex/graphics/graphics.sty
Package: graphics 2022/03/10 v1.4e Standard LaTeX Graphics (DPC,SPQR)

(c:/texlive/2022/texmf-dist/tex/latex/graphics/trig.sty
Package: trig 2021/08/11 v1.11 sin cos tan (DPC)
)
(c:/texlive/2022/texmf-dist/tex/latex/graphics-cfg/graphics.cfg
File: graphics.cfg 2016/06/04 v1.11 sample graphics configuration
)
Package graphics Info: Driver file: pdftex.def on input line 107.

(c:/texlive/2022/texmf-dist/tex/latex/graphics-def/pdftex.def
File: pdftex.def 2020/10/05 v1.2a Graphics/color driver for pdftex
))
\Gin@req@height=\dimen167
\Gin@req@width=\dimen168
)
(c:/texlive/2022/texmf-dist/tex/latex/base/ifthen.sty
Package: ifthen 2022/04/13 v1.1d Standard LaTeX ifthen package (DPC)
)
\c@r@tfl@t=\count271
\rotFPtop=\skip53
\rotFPbot=\skip54
\rot@float@box=\box66
\rot@mess@toks=\toks21
)
(c:/texlive/2022/texmf-dist/tex/latex/threeparttable/threeparttable.sty
Package: threeparttable 2003/06/13  v 3.0
\@tempboxb=\box67
)
(c:/texlive/2022/texmf-dist/tex/latex/appendix/appendix.sty
Package: appendix 2020/02/08 v1.2c extra appendix facilities
\c@@pps=\count272
\c@@ppsavesec=\count273
\c@@ppsaveapp=\count274
)
(c:/texlive/2022/texmf-dist/tex/latex/hyperref/hyperref.sty
Package: hyperref 2022-06-20 v7.00s Hypertext links for LaTeX

(c:/texlive/2022/texmf-dist/tex/generic/ltxcmds/ltxcmds.sty
Package: ltxcmds 2020-05-10 v1.25 LaTeX kernel commands for general use (HO)
)
(c:/texlive/2022/texmf-dist/tex/generic/pdftexcmds/pdftexcmds.sty
Package: pdftexcmds 2020-06-27 v0.33 Utility functions of pdfTeX for LuaTeX (HO
)

(c:/texlive/2022/texmf-dist/tex/generic/infwarerr/infwarerr.sty
Package: infwarerr 2019/12/03 v1.5 Providing info/warning/error messages (HO)
)
Package pdftexcmds Info: \pdf@primitive is available.
Package pdftexcmds Info: \pdf@ifprimitive is available.
Package pdftexcmds Info: \pdfdraftmode found.
)
(c:/texlive/2022/texmf-dist/tex/generic/kvsetkeys/kvsetkeys.sty
Package: kvsetkeys 2019/12/15 v1.18 Key value parser (HO)
)
(c:/texlive/2022/texmf-dist/tex/generic/kvdefinekeys/kvdefinekeys.sty
Package: kvdefinekeys 2019-12-19 v1.6 Define keys (HO)
)
(c:/texlive/2022/texmf-dist/tex/generic/pdfescape/pdfescape.sty
Package: pdfescape 2019/12/09 v1.15 Implements pdfTeX's escape features (HO)
)
(c:/texlive/2022/texmf-dist/tex/latex/hycolor/hycolor.sty
Package: hycolor 2020-01-27 v1.10 Color options for hyperref/bookmark (HO)
)
(c:/texlive/2022/texmf-dist/tex/latex/letltxmacro/letltxmacro.sty
Package: letltxmacro 2019/12/03 v1.6 Let assignment for LaTeX macros (HO)
)
(c:/texlive/2022/texmf-dist/tex/latex/auxhook/auxhook.sty
Package: auxhook 2019-12-17 v1.6 Hooks for auxiliary files (HO)
)
(c:/texlive/2022/texmf-dist/tex/latex/hyperref/nameref.sty
Package: nameref 2022-05-17 v2.50 Cross-referencing by name of section

(c:/texlive/2022/texmf-dist/tex/latex/refcount/refcount.sty
Package: refcount 2019/12/15 v3.6 Data extraction from label references (HO)
)
(c:/texlive/2022/texmf-dist/tex/generic/gettitlestring/gettitlestring.sty
Package: gettitlestring 2019/12/15 v1.6 Cleanup title references (HO)

(c:/texlive/2022/texmf-dist/tex/latex/kvoptions/kvoptions.sty
Package: kvoptions 2022-06-15 v3.15 Key value format for package options (HO)
))
\c@section@level=\count275
)
\@linkdim=\dimen169
\Hy@linkcounter=\count276
\Hy@pagecounter=\count277

(c:/texlive/2022/texmf-dist/tex/latex/hyperref/pd1enc.def
File: pd1enc.def 2022-06-20 v7.00s Hyperref: PDFDocEncoding definition (HO)
Now handling font encoding PD1 ...
... no UTF-8 mapping file for font encoding PD1
)
(c:/texlive/2022/texmf-dist/tex/generic/intcalc/intcalc.sty
Package: intcalc 2019/12/15 v1.3 Expandable calculations with integers (HO)
)
(c:/texlive/2022/texmf-dist/tex/generic/etexcmds/etexcmds.sty
Package: etexcmds 2019/12/15 v1.7 Avoid name clashes with e-TeX commands (HO)
)
\Hy@SavedSpaceFactor=\count278

(c:/texlive/2022/texmf-dist/tex/latex/hyperref/puenc.def
File: puenc.def 2022-06-20 v7.00s Hyperref: PDF Unicode definition (HO)
Now handling font encoding PU ...
... no UTF-8 mapping file for font encoding PU
)
Package hyperref Info: Hyper figures OFF on input line 4162.
Package hyperref Info: Link nesting OFF on input line 4167.
Package hyperref Info: Hyper index ON on input line 4170.
Package hyperref Info: Plain pages OFF on input line 4177.
Package hyperref Info: Backreferencing OFF on input line 4182.
Package hyperref Info: Implicit mode ON; LaTeX internals redefined.
Package hyperref Info: Bookmarks ON on input line 4408.
\c@Hy@tempcnt=\count279

(c:/texlive/2022/texmf-dist/tex/latex/url/url.sty
\Urlmuskip=\muskip16
Package: url 2013/09/16  ver 3.4  Verb mode for urls, etc.
)
LaTeX Info: Redefining \url on input line 4746.
\XeTeXLinkMargin=\dimen170

(c:/texlive/2022/texmf-dist/tex/generic/bitset/bitset.sty
Package: bitset 2019/12/09 v1.3 Handle bit-vector datatype (HO)

(c:/texlive/2022/texmf-dist/tex/generic/bigintcalc/bigintcalc.sty
Package: bigintcalc 2019/12/15 v1.5 Expandable calculations on big integers (HO
)
))
\Fld@menulength=\count280
\Field@Width=\dimen171
\Fld@charsize=\dimen172
Package hyperref Info: Hyper figures OFF on input line 6024.
Package hyperref Info: Link nesting OFF on input line 6029.
Package hyperref Info: Hyper index ON on input line 6032.
Package hyperref Info: backreferencing OFF on input line 6039.
Package hyperref Info: Link coloring OFF on input line 6044.
Package hyperref Info: Link coloring with OCG OFF on input line 6049.
Package hyperref Info: PDF/A mode OFF on input line 6054.

(c:/texlive/2022/texmf-dist/tex/latex/base/atbegshi-ltx.sty
Package: atbegshi-ltx 2021/01/10 v1.0c Emulation of the original atbegshi
package with kernel methods
)
\Hy@abspage=\count281
\c@Item=\count282
\c@Hfootnote=\count283
)
Package hyperref Info: Driver (autodetected): hpdftex.

(c:/texlive/2022/texmf-dist/tex/latex/hyperref/hpdftex.def
File: hpdftex.def 2022-06-20 v7.00s Hyperref driver for pdfTeX

(c:/texlive/2022/texmf-dist/tex/latex/base/atveryend-ltx.sty
Package: atveryend-ltx 2020/08/19 v1.0a Emulation of the original atveryend pac
kage
with kernel methods
)
\Fld@listcount=\count284
\c@bookmark@seq@number=\count285

(c:/texlive/2022/texmf-dist/tex/latex/rerunfilecheck/rerunfilecheck.sty
Package: rerunfilecheck 2022-07-10 v1.10 Rerun checks for auxiliary files (HO)

(c:/texlive/2022/texmf-dist/tex/generic/uniquecounter/uniquecounter.sty
Package: uniquecounter 2019/12/15 v1.4 Provide unlimited unique counter (HO)
)
Package uniquecounter Info: New unique counter `rerunfilecheck' on input line 2
85.
)
\Hy@SectionHShift=\skip55
)
Package hyperref Info: Option `colorlinks' set `true' on input line 1471.
Package hyperref Info: Option `breaklinks' set `true' on input line 1471.
Package hyperref Info: Option `plainpages' set `false' on input line 1471.
Package hyperref Info: Option `bookmarksopen' set `true' on input line 1471.
Package hyperref Info: Option `bookmarksnumbered' set `false' on input line 147
1.

(c:/texlive/2022/texmf-dist/tex/latex/wrapfig/wrapfig.sty
\wrapoverhang=\dimen173
\WF@size=\dimen174
\c@WF@wrappedlines=\count286
\WF@box=\box68
\WF@everypar=\toks22
Package: wrapfig 2003/01/31  v 3.6
)
\wraplines=\count287
\@authorfigbox=\box69
\@authorfigboxdim=\skip56
\biofigadjskip=\skip57

(c:/texlive/2022/texmf-dist/tex/latex/amscls/amsthm.sty
Package: amsthm 2020/05/29 v2.20.6
\thm@style=\toks23
\thm@bodyfont=\toks24
\thm@headfont=\toks25
\thm@notefont=\toks26
\thm@headpunct=\toks27
\thm@preskip=\skip58
\thm@postskip=\skip59
\thm@headsep=\skip60
\dth@everypar=\toks28
)
(c:/texlive/2022/texmf-dist/tex/latex/base/fix-cm.sty
Package: fix-cm 2020/11/24 v1.1t fixes to LaTeX

(c:/texlive/2022/texmf-dist/tex/latex/base/ts1enc.def
File: ts1enc.def 2001/06/05 v3.0e (jk/car/fm) Standard LaTeX file
LaTeX Font Info:    Redeclaring font encoding TS1 on input line 47.
))
(c:/texlive/2022/texmf-dist/tex/latex/apacite/apacite.sty
Package: apacite 2013/07/21 v6.03 APA citation
\c@BibCnt=\count288
\bibleftmargin=\skip61
\bibindent=\skip62
\bibparsep=\skip63
\bibitemsep=\skip64
\biblabelsep=\skip65
)
(c:/texlive/2022/texmf-dist/tex/latex/natbib/natbib.sty
Package: natbib 2010/09/13 8.31b (PWD, AO)
\bibhang=\skip66
\bibsep=\skip67
LaTeX Info: Redefining \cite on input line 694.
\c@NAT@ctr=\count289
)
LaTeX Info: Redefining \BBA on input line 1704.
)
(c:/texlive/2022/texmf-dist/tex/latex/base/fontenc.sty
Package: fontenc 2021/04/29 v2.0v Standard LaTeX package
)
(c:/texlive/2022/texmf-dist/tex/latex/base/inputenc.sty
Package: inputenc 2021/02/14 v1.3d Input encoding file
\inpenc@prehook=\toks29
\inpenc@posthook=\toks30
)
(c:/texlive/2022/texmf-dist/tex/latex/multirow/multirow.sty
Package: multirow 2021/03/15 v2.8 Span multiple rows of a table
\multirow@colwidth=\skip68
\multirow@cntb=\count290
\multirow@dima=\skip69
\bigstrutjot=\dimen175
)
(c:/texlive/2022/texmf-dist/tex/latex/amsmath/amsmath.sty
Package: amsmath 2022/04/08 v2.17n AMS math features
\@mathmargin=\skip70

For additional information on amsmath, use the `?' option.
(c:/texlive/2022/texmf-dist/tex/latex/amsmath/amstext.sty
Package: amstext 2021/08/26 v2.01 AMS text

(c:/texlive/2022/texmf-dist/tex/latex/amsmath/amsgen.sty
File: amsgen.sty 1999/11/30 v2.0 generic functions
\@emptytoks=\toks31
\ex@=\dimen176
))
(c:/texlive/2022/texmf-dist/tex/latex/amsmath/amsbsy.sty
Package: amsbsy 1999/11/29 v1.2d Bold Symbols
\pmbraise@=\dimen177
)
(c:/texlive/2022/texmf-dist/tex/latex/amsmath/amsopn.sty
Package: amsopn 2022/04/08 v2.04 operator names
)
\inf@bad=\count291
LaTeX Info: Redefining \frac on input line 234.
\uproot@=\count292
\leftroot@=\count293
LaTeX Info: Redefining \overline on input line 399.
LaTeX Info: Redefining \colon on input line 410.
\classnum@=\count294
\DOTSCASE@=\count295
LaTeX Info: Redefining \ldots on input line 496.
LaTeX Info: Redefining \dots on input line 499.
LaTeX Info: Redefining \cdots on input line 620.
\Mathstrutbox@=\box70
\strutbox@=\box71
LaTeX Info: Redefining \big on input line 722.
LaTeX Info: Redefining \Big on input line 723.
LaTeX Info: Redefining \bigg on input line 724.
LaTeX Info: Redefining \Bigg on input line 725.
\big@size=\dimen178
LaTeX Font Info:    Redeclaring font encoding OML on input line 743.
LaTeX Font Info:    Redeclaring font encoding OMS on input line 744.
\macc@depth=\count296
LaTeX Info: Redefining \bmod on input line 905.
LaTeX Info: Redefining \pmod on input line 910.
LaTeX Info: Redefining \smash on input line 940.
LaTeX Info: Redefining \relbar on input line 970.
LaTeX Info: Redefining \Relbar on input line 971.
\c@MaxMatrixCols=\count297
\dotsspace@=\muskip17
\c@parentequation=\count298
\dspbrk@lvl=\count299
\tag@help=\toks32
\row@=\count300
\column@=\count301
\maxfields@=\count302
\andhelp@=\toks33
\eqnshift@=\dimen179
\alignsep@=\dimen180
\tagshift@=\dimen181
\tagwidth@=\dimen182
\totwidth@=\dimen183
\lineht@=\dimen184
\@envbody=\toks34
\multlinegap=\skip71
\multlinetaggap=\skip72
\mathdisplay@stack=\toks35
LaTeX Info: Redefining \[ on input line 2953.
LaTeX Info: Redefining \] on input line 2954.
)
(c:/texlive/2022/texmf-dist/tex/latex/amsfonts/amssymb.sty
Package: amssymb 2013/01/14 v3.01 AMS font symbols

(c:/texlive/2022/texmf-dist/tex/latex/amsfonts/amsfonts.sty
Package: amsfonts 2013/01/14 v3.01 Basic AMSFonts support
\symAMSa=\mathgroup4
\symAMSb=\mathgroup5
LaTeX Font Info:    Redeclaring math symbol \hbar on input line 98.
LaTeX Font Info:    Overwriting math alphabet `\mathfrak' in version `bold'
(Font)                  U/euf/m/n --> U/euf/b/n on input line 106.
))
(c:/texlive/2022/texmf-dist/tex/latex/jknapltx/mathrsfs.sty
Package: mathrsfs 1996/01/01 Math RSFS package v1.0 (jk)
\symrsfs=\mathgroup6
)
(c:/texlive/2022/texmf-dist/tex/latex/xcolor/xcolor.sty
Package: xcolor 2022/06/12 v2.14 LaTeX color extensions (UK)

(c:/texlive/2022/texmf-dist/tex/latex/graphics-cfg/color.cfg
File: color.cfg 2016/01/02 v1.6 sample color configuration
)
Package xcolor Info: Driver file: pdftex.def on input line 227.

(c:/texlive/2022/texmf-dist/tex/latex/graphics/mathcolor.ltx)
Package xcolor Info: Model `cmy' substituted by `cmy0' on input line 1353.
Package xcolor Info: Model `hsb' substituted by `rgb' on input line 1357.
Package xcolor Info: Model `RGB' extended on input line 1369.
Package xcolor Info: Model `HTML' substituted by `rgb' on input line 1371.
Package xcolor Info: Model `Hsb' substituted by `hsb' on input line 1372.
Package xcolor Info: Model `tHsb' substituted by `hsb' on input line 1373.
Package xcolor Info: Model `HSB' substituted by `hsb' on input line 1374.
Package xcolor Info: Model `Gray' substituted by `gray' on input line 1375.
Package xcolor Info: Model `wave' substituted by `hsb' on input line 1376.
)
(c:/texlive/2022/texmf-dist/tex/latex/base/textcomp.sty
Package: textcomp 2020/02/02 v2.0n Standard LaTeX package
)
(c:/texlive/2022/texmf-dist/tex/latex/ncctools/manyfoot.sty
Package: manyfoot 2019/08/03 v1.11 Many Footnote Levels Package (NCC)

(c:/texlive/2022/texmf-dist/tex/latex/ncctools/nccfoots.sty
Package: nccfoots 2005/02/03 v1.2 NCC Footnotes Package (NCC)
)
\MFL@columnwidth=\dimen185
)
(c:/texlive/2022/texmf-dist/tex/latex/booktabs/booktabs.sty
Package: booktabs 2020/01/12 v1.61803398 Publication quality tables
\heavyrulewidth=\dimen186
\lightrulewidth=\dimen187
\cmidrulewidth=\dimen188
\belowrulesep=\dimen189
\belowbottomsep=\dimen190
\aboverulesep=\dimen191
\abovetopsep=\dimen192
\cmidrulesep=\dimen193
\cmidrulekern=\dimen194
\defaultaddspace=\dimen195
\@cmidla=\count303
\@cmidlb=\count304
\@aboverulesep=\dimen196
\@belowrulesep=\dimen197
\@thisruleclass=\count305
\@lastruleclass=\count306
\@thisrulewidth=\dimen198
)
(c:/texlive/2022/texmf-dist/tex/latex/algorithms/algorithm.sty
Package: algorithm 2009/08/24 v0.1 Document Style `algorithm' - floating enviro
nment

(c:/texlive/2022/texmf-dist/tex/latex/float/float.sty
Package: float 2001/11/08 v1.3d Float enhancements (AL)
\c@float@type=\count307
\float@exts=\toks36
\float@box=\box72
\@float@everytoks=\toks37
\@floatcapt=\box73
)
\@float@every@algorithm=\toks38
\c@algorithm=\count308
)
(c:/texlive/2022/texmf-dist/tex/latex/algorithmicx/algorithmicx.sty
Package: algorithmicx 2005/04/27 v1.2 Algorithmicx

Document Style algorithmicx 1.2 - a greatly improved `algorithmic' style
\c@ALG@line=\count309
\c@ALG@rem=\count310
\c@ALG@nested=\count311
\ALG@tlm=\skip73
\ALG@thistlm=\skip74
\c@ALG@Lnr=\count312
\c@ALG@blocknr=\count313
\c@ALG@storecount=\count314
\c@ALG@tmpcounter=\count315
\ALG@tmplength=\skip75
) (c:/texlive/2022/texmf-dist/tex/latex/algorithmicx/algpseudocode.sty
Package: algpseudocode 

Document Style - pseudocode environments for use with the `algorithmicx' style
) (c:/texlive/2022/texmf-dist/tex/latex/listings/listings.sty
\lst@mode=\count316
\lst@gtempboxa=\box74
\lst@token=\toks39
\lst@length=\count317
\lst@currlwidth=\dimen199
\lst@column=\count318
\lst@pos=\count319
\lst@lostspace=\dimen256
\lst@width=\dimen257
\lst@newlines=\count320
\lst@lineno=\count321
\lst@maxwidth=\dimen258

(c:/texlive/2022/texmf-dist/tex/latex/listings/lstmisc.sty
File: lstmisc.sty 2020/03/24 1.8d (Carsten Heinz)
\c@lstnumber=\count322
\lst@skipnumbers=\count323
\lst@framebox=\box75
)
(c:/texlive/2022/texmf-dist/tex/latex/listings/listings.cfg
File: listings.cfg 2020/03/24 1.8d listings configuration
))
Package: listings 2020/03/24 1.8d (Carsten Heinz)

(c:/texlive/2022/texmf-dist/tex/latex/tools/tabularx.sty
Package: tabularx 2020/01/15 v2.11c `tabularx' package (DPC)

(c:/texlive/2022/texmf-dist/tex/latex/tools/array.sty
Package: array 2022/03/10 v2.5f Tabular extension package (FMi)
\col@sep=\dimen259
\ar@mcellbox=\box76
\extrarowheight=\dimen260
\NC@list=\toks40
\extratabsurround=\skip76
\backup@length=\skip77
\ar@cellbox=\box77
)
\TX@col@width=\dimen261
\TX@old@table=\dimen262
\TX@old@col=\dimen263
\TX@target=\dimen264
\TX@delta=\dimen265
\TX@cols=\count324
\TX@ftn=\toks41
)
(c:/texlive/2022/texmf-dist/tex/latex/pgfplots/pgfplots.sty
(c:/texlive/2022/texmf-dist/tex/generic/pgfplots/pgfplots.revision.tex)
Package: pgfplots 2021/05/15 v1.18.1 Data Visualization (1.18.1)

(c:/texlive/2022/texmf-dist/tex/latex/pgf/frontendlayer/tikz.sty
(c:/texlive/2022/texmf-dist/tex/latex/pgf/basiclayer/pgf.sty
(c:/texlive/2022/texmf-dist/tex/latex/pgf/utilities/pgfrcs.sty
(c:/texlive/2022/texmf-dist/tex/generic/pgf/utilities/pgfutil-common.tex
\pgfutil@everybye=\toks42
\pgfutil@tempdima=\dimen266
\pgfutil@tempdimb=\dimen267

(c:/texlive/2022/texmf-dist/tex/generic/pgf/utilities/pgfutil-common-lists.tex)
) (c:/texlive/2022/texmf-dist/tex/generic/pgf/utilities/pgfutil-latex.def
\pgfutil@abb=\box78
)
(c:/texlive/2022/texmf-dist/tex/generic/pgf/utilities/pgfrcs.code.tex
(c:/texlive/2022/texmf-dist/tex/generic/pgf/pgf.revision.tex)
Package: pgfrcs 2021/05/15 v3.1.9a (3.1.9a)
))
Package: pgf 2021/05/15 v3.1.9a (3.1.9a)

(c:/texlive/2022/texmf-dist/tex/latex/pgf/basiclayer/pgfcore.sty
(c:/texlive/2022/texmf-dist/tex/latex/pgf/systemlayer/pgfsys.sty
(c:/texlive/2022/texmf-dist/tex/generic/pgf/systemlayer/pgfsys.code.tex
Package: pgfsys 2021/05/15 v3.1.9a (3.1.9a)

(c:/texlive/2022/texmf-dist/tex/generic/pgf/utilities/pgfkeys.code.tex
\pgfkeys@pathtoks=\toks43
\pgfkeys@temptoks=\toks44

(c:/texlive/2022/texmf-dist/tex/generic/pgf/utilities/pgfkeysfiltered.code.tex
\pgfkeys@tmptoks=\toks45
))
\pgf@x=\dimen268
\pgf@y=\dimen269
\pgf@xa=\dimen270
\pgf@ya=\dimen271
\pgf@xb=\dimen272
\pgf@yb=\dimen273
\pgf@xc=\dimen274
\pgf@yc=\dimen275
\pgf@xd=\dimen276
\pgf@yd=\dimen277
\w@pgf@writea=\write3
\r@pgf@reada=\read2
\c@pgf@counta=\count325
\c@pgf@countb=\count326
\c@pgf@countc=\count327
\c@pgf@countd=\count328
\t@pgf@toka=\toks46
\t@pgf@tokb=\toks47
\t@pgf@tokc=\toks48
\pgf@sys@id@count=\count329
 (c:/texlive/2022/texmf-dist/tex/generic/pgf/systemlayer/pgf.cfg
File: pgf.cfg 2021/05/15 v3.1.9a (3.1.9a)
)
Driver file for pgf: pgfsys-pdftex.def

(c:/texlive/2022/texmf-dist/tex/generic/pgf/systemlayer/pgfsys-pdftex.def
File: pgfsys-pdftex.def 2021/05/15 v3.1.9a (3.1.9a)

(c:/texlive/2022/texmf-dist/tex/generic/pgf/systemlayer/pgfsys-common-pdf.def
File: pgfsys-common-pdf.def 2021/05/15 v3.1.9a (3.1.9a)
)))
(c:/texlive/2022/texmf-dist/tex/generic/pgf/systemlayer/pgfsyssoftpath.code.tex
File: pgfsyssoftpath.code.tex 2021/05/15 v3.1.9a (3.1.9a)
\pgfsyssoftpath@smallbuffer@items=\count330
\pgfsyssoftpath@bigbuffer@items=\count331
)
(c:/texlive/2022/texmf-dist/tex/generic/pgf/systemlayer/pgfsysprotocol.code.tex
File: pgfsysprotocol.code.tex 2021/05/15 v3.1.9a (3.1.9a)
)) (c:/texlive/2022/texmf-dist/tex/generic/pgf/basiclayer/pgfcore.code.tex
Package: pgfcore 2021/05/15 v3.1.9a (3.1.9a)

(c:/texlive/2022/texmf-dist/tex/generic/pgf/math/pgfmath.code.tex
(c:/texlive/2022/texmf-dist/tex/generic/pgf/math/pgfmathcalc.code.tex
(c:/texlive/2022/texmf-dist/tex/generic/pgf/math/pgfmathutil.code.tex)
(c:/texlive/2022/texmf-dist/tex/generic/pgf/math/pgfmathparser.code.tex
\pgfmath@dimen=\dimen278
\pgfmath@count=\count332
\pgfmath@box=\box79
\pgfmath@toks=\toks49
\pgfmath@stack@operand=\toks50
\pgfmath@stack@operation=\toks51
)
(c:/texlive/2022/texmf-dist/tex/generic/pgf/math/pgfmathfunctions.code.tex
(c:/texlive/2022/texmf-dist/tex/generic/pgf/math/pgfmathfunctions.basic.code.te
x)
(c:/texlive/2022/texmf-dist/tex/generic/pgf/math/pgfmathfunctions.trigonometric
.code.tex)
(c:/texlive/2022/texmf-dist/tex/generic/pgf/math/pgfmathfunctions.random.code.t
ex)
(c:/texlive/2022/texmf-dist/tex/generic/pgf/math/pgfmathfunctions.comparison.co
de.tex)
(c:/texlive/2022/texmf-dist/tex/generic/pgf/math/pgfmathfunctions.base.code.tex
)
(c:/texlive/2022/texmf-dist/tex/generic/pgf/math/pgfmathfunctions.round.code.te
x)
(c:/texlive/2022/texmf-dist/tex/generic/pgf/math/pgfmathfunctions.misc.code.tex
)
(c:/texlive/2022/texmf-dist/tex/generic/pgf/math/pgfmathfunctions.integerarithm
etics.code.tex)))
(c:/texlive/2022/texmf-dist/tex/generic/pgf/math/pgfmathfloat.code.tex
\c@pgfmathroundto@lastzeros=\count333
))
(c:/texlive/2022/texmf-dist/tex/generic/pgf/math/pgfint.code.tex)
(c:/texlive/2022/texmf-dist/tex/generic/pgf/basiclayer/pgfcorepoints.code.tex
File: pgfcorepoints.code.tex 2021/05/15 v3.1.9a (3.1.9a)
\pgf@picminx=\dimen279
\pgf@picmaxx=\dimen280
\pgf@picminy=\dimen281
\pgf@picmaxy=\dimen282
\pgf@pathminx=\dimen283
\pgf@pathmaxx=\dimen284
\pgf@pathminy=\dimen285
\pgf@pathmaxy=\dimen286
\pgf@xx=\dimen287
\pgf@xy=\dimen288
\pgf@yx=\dimen289
\pgf@yy=\dimen290
\pgf@zx=\dimen291
\pgf@zy=\dimen292
)
(c:/texlive/2022/texmf-dist/tex/generic/pgf/basiclayer/pgfcorepathconstruct.cod
e.tex
File: pgfcorepathconstruct.code.tex 2021/05/15 v3.1.9a (3.1.9a)
\pgf@path@lastx=\dimen293
\pgf@path@lasty=\dimen294
)
(c:/texlive/2022/texmf-dist/tex/generic/pgf/basiclayer/pgfcorepathusage.code.te
x
File: pgfcorepathusage.code.tex 2021/05/15 v3.1.9a (3.1.9a)
\pgf@shorten@end@additional=\dimen295
\pgf@shorten@start@additional=\dimen296
)
(c:/texlive/2022/texmf-dist/tex/generic/pgf/basiclayer/pgfcorescopes.code.tex
File: pgfcorescopes.code.tex 2021/05/15 v3.1.9a (3.1.9a)
\pgfpic=\box80
\pgf@hbox=\box81
\pgf@layerbox@main=\box82
\pgf@picture@serial@count=\count334
)
(c:/texlive/2022/texmf-dist/tex/generic/pgf/basiclayer/pgfcoregraphicstate.code
.tex
File: pgfcoregraphicstate.code.tex 2021/05/15 v3.1.9a (3.1.9a)
\pgflinewidth=\dimen297
)
(c:/texlive/2022/texmf-dist/tex/generic/pgf/basiclayer/pgfcoretransformations.c
ode.tex
File: pgfcoretransformations.code.tex 2021/05/15 v3.1.9a (3.1.9a)
\pgf@pt@x=\dimen298
\pgf@pt@y=\dimen299
\pgf@pt@temp=\dimen300
)
(c:/texlive/2022/texmf-dist/tex/generic/pgf/basiclayer/pgfcorequick.code.tex
File: pgfcorequick.code.tex 2021/05/15 v3.1.9a (3.1.9a)
)
(c:/texlive/2022/texmf-dist/tex/generic/pgf/basiclayer/pgfcoreobjects.code.tex
File: pgfcoreobjects.code.tex 2021/05/15 v3.1.9a (3.1.9a)
)
(c:/texlive/2022/texmf-dist/tex/generic/pgf/basiclayer/pgfcorepathprocessing.co
de.tex
File: pgfcorepathprocessing.code.tex 2021/05/15 v3.1.9a (3.1.9a)
)
(c:/texlive/2022/texmf-dist/tex/generic/pgf/basiclayer/pgfcorearrows.code.tex
File: pgfcorearrows.code.tex 2021/05/15 v3.1.9a (3.1.9a)
\pgfarrowsep=\dimen301
)
(c:/texlive/2022/texmf-dist/tex/generic/pgf/basiclayer/pgfcoreshade.code.tex
File: pgfcoreshade.code.tex 2021/05/15 v3.1.9a (3.1.9a)
\pgf@max=\dimen302
\pgf@sys@shading@range@num=\count335
\pgf@shadingcount=\count336
)
(c:/texlive/2022/texmf-dist/tex/generic/pgf/basiclayer/pgfcoreimage.code.tex
File: pgfcoreimage.code.tex 2021/05/15 v3.1.9a (3.1.9a)

(c:/texlive/2022/texmf-dist/tex/generic/pgf/basiclayer/pgfcoreexternal.code.tex
File: pgfcoreexternal.code.tex 2021/05/15 v3.1.9a (3.1.9a)
\pgfexternal@startupbox=\box83
))
(c:/texlive/2022/texmf-dist/tex/generic/pgf/basiclayer/pgfcorelayers.code.tex
File: pgfcorelayers.code.tex 2021/05/15 v3.1.9a (3.1.9a)
)
(c:/texlive/2022/texmf-dist/tex/generic/pgf/basiclayer/pgfcoretransparency.code
.tex
File: pgfcoretransparency.code.tex 2021/05/15 v3.1.9a (3.1.9a)
)
(c:/texlive/2022/texmf-dist/tex/generic/pgf/basiclayer/pgfcorepatterns.code.tex
File: pgfcorepatterns.code.tex 2021/05/15 v3.1.9a (3.1.9a)
) (c:/texlive/2022/texmf-dist/tex/generic/pgf/basiclayer/pgfcorerdf.code.tex
File: pgfcorerdf.code.tex 2021/05/15 v3.1.9a (3.1.9a)
))) (c:/texlive/2022/texmf-dist/tex/generic/pgf/modules/pgfmoduleshapes.code.te
x
File: pgfmoduleshapes.code.tex 2021/05/15 v3.1.9a (3.1.9a)
\pgfnodeparttextbox=\box84
)
(c:/texlive/2022/texmf-dist/tex/generic/pgf/modules/pgfmoduleplot.code.tex
File: pgfmoduleplot.code.tex 2021/05/15 v3.1.9a (3.1.9a)
)
(c:/texlive/2022/texmf-dist/tex/latex/pgf/compatibility/pgfcomp-version-0-65.st
y
Package: pgfcomp-version-0-65 2021/05/15 v3.1.9a (3.1.9a)
\pgf@nodesepstart=\dimen303
\pgf@nodesepend=\dimen304
)
(c:/texlive/2022/texmf-dist/tex/latex/pgf/compatibility/pgfcomp-version-1-18.st
y
Package: pgfcomp-version-1-18 2021/05/15 v3.1.9a (3.1.9a)
)) (c:/texlive/2022/texmf-dist/tex/latex/pgf/utilities/pgffor.sty
(c:/texlive/2022/texmf-dist/tex/latex/pgf/utilities/pgfkeys.sty
(c:/texlive/2022/texmf-dist/tex/generic/pgf/utilities/pgfkeys.code.tex))
(c:/texlive/2022/texmf-dist/tex/latex/pgf/math/pgfmath.sty
(c:/texlive/2022/texmf-dist/tex/generic/pgf/math/pgfmath.code.tex))
(c:/texlive/2022/texmf-dist/tex/generic/pgf/utilities/pgffor.code.tex
Package: pgffor 2021/05/15 v3.1.9a (3.1.9a)

(c:/texlive/2022/texmf-dist/tex/generic/pgf/math/pgfmath.code.tex)
\pgffor@iter=\dimen305
\pgffor@skip=\dimen306
\pgffor@stack=\toks52
\pgffor@toks=\toks53
))
(c:/texlive/2022/texmf-dist/tex/generic/pgf/frontendlayer/tikz/tikz.code.tex
Package: tikz 2021/05/15 v3.1.9a (3.1.9a)

(c:/texlive/2022/texmf-dist/tex/generic/pgf/libraries/pgflibraryplothandlers.co
de.tex
File: pgflibraryplothandlers.code.tex 2021/05/15 v3.1.9a (3.1.9a)
\pgf@plot@mark@count=\count337
\pgfplotmarksize=\dimen307
)
\tikz@lastx=\dimen308
\tikz@lasty=\dimen309
\tikz@lastxsaved=\dimen310
\tikz@lastysaved=\dimen311
\tikz@lastmovetox=\dimen312
\tikz@lastmovetoy=\dimen313
\tikzleveldistance=\dimen314
\tikzsiblingdistance=\dimen315
\tikz@figbox=\box85
\tikz@figbox@bg=\box86
\tikz@tempbox=\box87
\tikz@tempbox@bg=\box88
\tikztreelevel=\count338
\tikznumberofchildren=\count339
\tikznumberofcurrentchild=\count340
\tikz@fig@count=\count341

(c:/texlive/2022/texmf-dist/tex/generic/pgf/modules/pgfmodulematrix.code.tex
File: pgfmodulematrix.code.tex 2021/05/15 v3.1.9a (3.1.9a)
\pgfmatrixcurrentrow=\count342
\pgfmatrixcurrentcolumn=\count343
\pgf@matrix@numberofcolumns=\count344
)
\tikz@expandcount=\count345

(c:/texlive/2022/texmf-dist/tex/generic/pgf/frontendlayer/tikz/libraries/tikzli
brarytopaths.code.tex
File: tikzlibrarytopaths.code.tex 2021/05/15 v3.1.9a (3.1.9a)
)))
(c:/texlive/2022/texmf-dist/tex/generic/pgfplots/pgfplots.code.tex
(c:/texlive/2022/texmf-dist/tex/generic/pgfplots/pgfplotscore.code.tex
\t@pgfplots@toka=\toks54
\t@pgfplots@tokb=\toks55
\t@pgfplots@tokc=\toks56
\pgfplots@tmpa=\dimen316
\c@pgfplots@coordindex=\count346
\c@pgfplots@scanlineindex=\count347

(c:/texlive/2022/texmf-dist/tex/generic/pgfplots/sys/pgfplotssysgeneric.code.te
x))
(c:/texlive/2022/texmf-dist/tex/generic/pgfplots/libs/pgfplotslibrary.code.tex)

(c:/texlive/2022/texmf-dist/tex/generic/pgfplots/oldpgfcompatib/pgfplotsoldpgfs
upp_loader.code.tex
(c:/texlive/2022/texmf-dist/tex/generic/pgf/libraries/pgflibraryfpu.code.tex))
(c:/texlive/2022/texmf-dist/tex/generic/pgfplots/util/pgfplotsutil.code.tex
(c:/texlive/2022/texmf-dist/tex/generic/pgfplots/liststructure/pgfplotsliststru
cture.code.tex)
(c:/texlive/2022/texmf-dist/tex/generic/pgfplots/liststructure/pgfplotsliststru
ctureext.code.tex)
(c:/texlive/2022/texmf-dist/tex/generic/pgfplots/liststructure/pgfplotsarray.co
de.tex
\c@pgfplotsarray@tmp=\count348
)
(c:/texlive/2022/texmf-dist/tex/generic/pgfplots/liststructure/pgfplotsmatrix.c
ode.tex)
(c:/texlive/2022/texmf-dist/tex/generic/pgfplots/numtable/pgfplotstableshared.c
ode.tex
\c@pgfplotstable@counta=\count349
\t@pgfplotstable@a=\toks57
)
(c:/texlive/2022/texmf-dist/tex/generic/pgfplots/liststructure/pgfplotsdeque.co
de.tex)
(c:/texlive/2022/texmf-dist/tex/generic/pgfplots/util/pgfplotsbinary.code.tex
(c:/texlive/2022/texmf-dist/tex/generic/pgfplots/util/pgfplotsbinary.data.code.
tex))
(c:/texlive/2022/texmf-dist/tex/generic/pgfplots/util/pgfplotsutil.verb.code.te
x)
(c:/texlive/2022/texmf-dist/tex/generic/pgfplots/libs/pgflibrarypgfplots.surfsh
ading.code.tex
\c@pgfplotslibrarysurf@no=\count350

(c:/texlive/2022/texmf-dist/tex/generic/pgfplots/sys/pgflibrarypgfplots.surfsha
ding.pgfsys-pdftex.def)))
(c:/texlive/2022/texmf-dist/tex/generic/pgfplots/util/pgfplotscolormap.code.tex
(c:/texlive/2022/texmf-dist/tex/generic/pgfplots/util/pgfplotscolor.code.tex))
(c:/texlive/2022/texmf-dist/tex/generic/pgfplots/pgfplotsstackedplots.code.tex)
(c:/texlive/2022/texmf-dist/tex/generic/pgfplots/pgfplotsplothandlers.code.tex
(c:/texlive/2022/texmf-dist/tex/generic/pgfplots/pgfplotsmeshplothandler.code.t
ex
(c:/texlive/2022/texmf-dist/tex/generic/pgfplots/pgfplotsmeshplotimage.code.tex
))) (c:/texlive/2022/texmf-dist/tex/generic/pgfplots/pgfplots.scaling.code.tex)

(c:/texlive/2022/texmf-dist/tex/generic/pgfplots/pgfplotscoordprocessing.code.t
ex)
(c:/texlive/2022/texmf-dist/tex/generic/pgfplots/pgfplots.errorbars.code.tex)
(c:/texlive/2022/texmf-dist/tex/generic/pgfplots/pgfplots.markers.code.tex)
(c:/texlive/2022/texmf-dist/tex/generic/pgfplots/pgfplotsticks.code.tex)
(c:/texlive/2022/texmf-dist/tex/generic/pgfplots/pgfplots.paths.code.tex)
(c:/texlive/2022/texmf-dist/tex/generic/pgf/frontendlayer/tikz/libraries/tikzli
brarydecorations.code.tex
(c:/texlive/2022/texmf-dist/tex/generic/pgf/modules/pgfmoduledecorations.code.t
ex
\pgfdecoratedcompleteddistance=\dimen317
\pgfdecoratedremainingdistance=\dimen318
\pgfdecoratedinputsegmentcompleteddistance=\dimen319
\pgfdecoratedinputsegmentremainingdistance=\dimen320
\pgf@decorate@distancetomove=\dimen321
\pgf@decorate@repeatstate=\count351
\pgfdecorationsegmentamplitude=\dimen322
\pgfdecorationsegmentlength=\dimen323
)
\tikz@lib@dec@box=\box89
)
(c:/texlive/2022/texmf-dist/tex/generic/pgf/frontendlayer/tikz/libraries/tikzli
brarydecorations.pathmorphing.code.tex
(c:/texlive/2022/texmf-dist/tex/generic/pgf/libraries/decorations/pgflibrarydec
orations.pathmorphing.code.tex))
(c:/texlive/2022/texmf-dist/tex/generic/pgf/frontendlayer/tikz/libraries/tikzli
brarydecorations.pathreplacing.code.tex
(c:/texlive/2022/texmf-dist/tex/generic/pgf/libraries/decorations/pgflibrarydec
orations.pathreplacing.code.tex))
(c:/texlive/2022/texmf-dist/tex/generic/pgfplots/libs/tikzlibrarypgfplots.conto
urlua.code.tex)
\pgfplots@numplots=\count352
\pgfplots@xmin@reg=\dimen324
\pgfplots@xmax@reg=\dimen325
\pgfplots@ymin@reg=\dimen326
\pgfplots@ymax@reg=\dimen327
\pgfplots@zmin@reg=\dimen328
\pgfplots@zmax@reg=\dimen329
)
(c:/texlive/2022/texmf-dist/tex/generic/pgf/frontendlayer/tikz/libraries/tikzli
braryplotmarks.code.tex
File: tikzlibraryplotmarks.code.tex 2021/05/15 v3.1.9a (3.1.9a)

(c:/texlive/2022/texmf-dist/tex/generic/pgf/libraries/pgflibraryplotmarks.code.
tex
File: pgflibraryplotmarks.code.tex 2021/05/15 v3.1.9a (3.1.9a)
))) (c:/texlive/2022/texmf-dist/tex/latex/caption/subcaption.sty
Package: subcaption 2022/01/07 v1.5 Sub-captions (AR)

(c:/texlive/2022/texmf-dist/tex/latex/caption/caption.sty
Package: caption 2022/03/01 v3.6b Customizing captions (AR)

(c:/texlive/2022/texmf-dist/tex/latex/caption/caption3.sty
Package: caption3 2022/03/17 v2.3b caption3 kernel (AR)
\caption@tempdima=\dimen330
\captionmargin=\dimen331
\caption@leftmargin=\dimen332
\caption@rightmargin=\dimen333
\caption@width=\dimen334
\caption@indent=\dimen335
\caption@parindent=\dimen336
\caption@hangindent=\dimen337
Package caption Info: Unknown document class (or package),
(caption)             standard defaults will be used.
Package caption Info: \@makecaption = \long macro:#1#2->\ifx \FigName \@captype
 \vskip \abovecaptionskip \@figurecaption {#1}{#2} \else \@tablecaption {#1}{#2
} \vskip \belowcaptionskip \fi  on input line 1176.
)

Package caption Warning: Unknown document class (or package),
(caption)                standard defaults will be used.
See the caption package documentation for explanation.

\c@caption@flags=\count353
\c@continuedfloat=\count354
Package caption Info: float package is loaded.
Package caption Info: hyperref package is loaded.
Package caption Info: listings package is loaded.
Package caption Info: rotating package is loaded.
Package caption Info: threeparttable package is loaded.
Package caption Info: wrapfig package is loaded.
)
\c@subfigure=\count355
\c@subtable=\count356
) (c:/texlive/2022/texmf-dist/tex/latex/adjustbox/adjustbox.sty
Package: adjustbox 2020/08/19 v1.3 Adjusting TeX boxes (trim, clip, ...)

(c:/texlive/2022/texmf-dist/tex/latex/xkeyval/xkeyval.sty
Package: xkeyval 2022/06/16 v2.9 package option processing (HA)

(c:/texlive/2022/texmf-dist/tex/generic/xkeyval/xkeyval.tex
(c:/texlive/2022/texmf-dist/tex/generic/xkeyval/xkvutils.tex
\XKV@toks=\toks58
\XKV@tempa@toks=\toks59
)
\XKV@depth=\count357
File: xkeyval.tex 2014/12/03 v2.7a key=value parser (HA)
))
(c:/texlive/2022/texmf-dist/tex/latex/adjustbox/adjcalc.sty
Package: adjcalc 2012/05/16 v1.1 Provides advanced setlength with multiple back
-ends (calc, etex, pgfmath)
)
(c:/texlive/2022/texmf-dist/tex/latex/adjustbox/trimclip.sty
Package: trimclip 2020/08/19 v1.2 Trim and clip general TeX material

(c:/texlive/2022/texmf-dist/tex/latex/collectbox/collectbox.sty
Package: collectbox 2012/05/17 v0.4b Collect macro arguments as boxes
\collectedbox=\box90
)
\tc@llx=\dimen338
\tc@lly=\dimen339
\tc@urx=\dimen340
\tc@ury=\dimen341
Package trimclip Info: Using driver 'tc-pdftex.def'.

(c:/texlive/2022/texmf-dist/tex/latex/adjustbox/tc-pdftex.def
File: tc-pdftex.def 2019/01/04 v2.2 Clipping driver for pdftex
))
\adjbox@Width=\dimen342
\adjbox@Height=\dimen343
\adjbox@Depth=\dimen344
\adjbox@Totalheight=\dimen345
\adjbox@pwidth=\dimen346
\adjbox@pheight=\dimen347
\adjbox@pdepth=\dimen348
\adjbox@ptotalheight=\dimen349

(c:/texlive/2022/texmf-dist/tex/latex/ifoddpage/ifoddpage.sty
Package: ifoddpage 2016/04/23 v1.1 Conditionals for odd/even page detection
\c@checkoddpage=\count358
)
(c:/texlive/2022/texmf-dist/tex/latex/varwidth/varwidth.sty
Package: varwidth 2009/03/30 ver 0.92;  Variable-width minipages
\@vwid@box=\box91
\sift@deathcycles=\count359
\@vwid@loff=\dimen350
\@vwid@roff=\dimen351
))
(c:/texlive/2022/texmf-dist/tex/latex/l3backend/l3backend-pdftex.def
File: l3backend-pdftex.def 2022-08-05 L3 backend support: PDF output (pdfTeX)
\l__color_backend_stack_int=\count360
\l__pdf_internal_box=\box92
)
(./tordis-eait.aux)
\openout1 = `tordis-eait.aux'.

LaTeX Font Info:    Checking defaults for OML/cmm/m/it on input line 46.
LaTeX Font Info:    ... okay on input line 46.
LaTeX Font Info:    Checking defaults for OMS/cmsy/m/n on input line 46.
LaTeX Font Info:    ... okay on input line 46.
LaTeX Font Info:    Checking defaults for OT1/cmr/m/n on input line 46.
LaTeX Font Info:    ... okay on input line 46.
LaTeX Font Info:    Checking defaults for T1/cmr/m/n on input line 46.
LaTeX Font Info:    ... okay on input line 46.
LaTeX Font Info:    Checking defaults for TS1/cmr/m/n on input line 46.
LaTeX Font Info:    ... okay on input line 46.
LaTeX Font Info:    Checking defaults for OMX/cmex/m/n on input line 46.
LaTeX Font Info:    ... okay on input line 46.
LaTeX Font Info:    Checking defaults for U/cmr/m/n on input line 46.
LaTeX Font Info:    ... okay on input line 46.
LaTeX Font Info:    Checking defaults for PD1/pdf/m/n on input line 46.
LaTeX Font Info:    ... okay on input line 46.
LaTeX Font Info:    Checking defaults for PU/pdf/m/n on input line 46.
LaTeX Font Info:    ... okay on input line 46.

*geometry* driver: auto-detecting
*geometry* detected driver: pdftex
*geometry* verbose mode - [ preamble ] result:
* driver: pdftex
* paper: custom
* layout: <same size as paper>
* layoutoffset:(h,v)=(0.0pt,0.0pt)
* bindingoffset: 17.07164pt
* modes: twoside 
* h-part:(L,W,R)=(83.37448pt, 372.0pt, 125.06175pt)
* v-part:(T,H,B)=(73.97716pt, 552.69478pt, 218.37491pt)
* \paperwidth=597.50787pt
* \paperheight=845.04684pt
* \textwidth=372.0pt
* \textheight=552.69478pt
* \oddsidemargin=28.17613pt
* \evensidemargin=52.79176pt
* \topmargin=-19.72638pt
* \headheight=5.5pt
* \headsep=15.93355pt
* \topskip=10.0pt
* \footskip=28.45274pt
* \marginparwidth=34.1433pt
* \marginparsep=14.22636pt
* \columnsep=14.22636pt
* \skip\footins=8.0pt plus 4.0pt
* \hoffset=0.0pt
* \voffset=0.0pt
* \mag=1000
* \@twocolumnfalse
* \@twosidetrue
* \@mparswitchtrue
* \@reversemargintrue
* (1in=72.27pt=25.4mm, 1cm=28.453pt)

(c:/texlive/2022/texmf-dist/tex/context/base/mkii/supp-pdf.mkii
[Loading MPS to PDF converter (version 2006.09.02).]
\scratchcounter=\count361
\scratchdimen=\dimen352
\scratchbox=\box93
\nofMPsegments=\count362
\nofMParguments=\count363
\everyMPshowfont=\toks60
\MPscratchCnt=\count364
\MPscratchDim=\dimen353
\MPnumerator=\count365
\makeMPintoPDFobject=\count366
\everyMPtoPDFconversion=\toks61
) (c:/texlive/2022/texmf-dist/tex/latex/epstopdf-pkg/epstopdf-base.sty
Package: epstopdf-base 2020-01-24 v2.11 Base part for package epstopdf
Package epstopdf-base Info: Redefining graphics rule for `.eps' on input line 4
85.

(c:/texlive/2022/texmf-dist/tex/latex/latexconfig/epstopdf-sys.cfg
File: epstopdf-sys.cfg 2010/07/13 v1.3 Configuration of (r)epstopdf for TeX Liv
e
))
LaTeX Info: Redefining \S on input line 46.
LaTeX Font Info:    Redeclaring symbol font `AMSa' on input line 46.
LaTeX Font Info:    Overwriting symbol font `AMSa' in version `normal'
(Font)                  U/msa/m/n --> U/msa/m/n on input line 46.
LaTeX Font Info:    Overwriting symbol font `AMSa' in version `bold'
(Font)                  U/msa/m/n --> U/msa/m/n on input line 46.
Package hyperref Info: Link coloring ON on input line 46.

(./tordis-eait.out) (./tordis-eait.out)
\@outlinefile=\write4
\openout4 = `tordis-eait.out'.

\c@maskedRefs=\count367

(c:/texlive/2022/texmf-dist/tex/latex/apacite/english.apc
File: english.apc 2013/07/21 v6.03 apacite language file
LaTeX Info: Redefining \BPBI on input line 129.
LaTeX Info: Redefining \BHBI on input line 130.
)
\c@lstlisting=\count368

Package pgfplots notification 'compat/show suggested version=true': document ha
s been generated with the most recent feature set (\pgfplotsset{compat=1.18}).

Package caption Info: Begin \AtBeginDocument code.
Package caption Info: End \AtBeginDocument code.
LaTeX Font Info:    Calculating math sizes for size <12.045> on input line 107.

LaTeX Font Info:    Trying to load font information for U+msa on input line 107
.
(c:/texlive/2022/texmf-dist/tex/latex/amsfonts/umsa.fd
File: umsa.fd 2013/01/14 v3.01 AMS symbols A
)
LaTeX Font Info:    Trying to load font information for U+msb on input line 107
.

(c:/texlive/2022/texmf-dist/tex/latex/amsfonts/umsb.fd
File: umsb.fd 2013/01/14 v3.01 AMS symbols B
)
LaTeX Font Info:    Trying to load font information for U+rsfs on input line 10
7.

(c:/texlive/2022/texmf-dist/tex/latex/jknapltx/ursfs.fd
File: ursfs.fd 1998/03/24 rsfs font definition file (jk)
)

LaTeX Font Warning: Font shape `U/rsfs/m/n' in size <8.43146> not available
(Font)              size <8> substituted on input line 107.

LaTeX Font Info:    Calculating math sizes for size <11.04124> on input line 10
7.

LaTeX Font Warning: Font shape `U/rsfs/m/n' in size <5.52061> not available
(Font)              size <6> substituted on input line 107.


Underfull \vbox (badness 10000) has occurred while \output is active []

 [1

{c:/texlive/2022/texmf-var/fonts/map/pdftex/updmap/pdftex.map}]
LaTeX Font Info:    Calculating math sizes for size <10.03749> on input line 10
7.
 (./tordis-eait-body.tex
Underfull \vbox (badness 10000) has occurred while \output is active []

 [2]
Underfull \vbox (badness 10000) has occurred while \output is active []

 [3]
Underfull \vbox (badness 10000) has occurred while \output is active []

 [4]
Underfull \vbox (badness 10000) has occurred while \output is active []

 [5]
Underfull \hbox (badness 2626) in paragraph at lines 55--56
[]\T1/cmr/m/n/10.03749 The imple-men-ta-tion of inno-va-tive approaches such as
 the flipped class-
 []


Underfull \vbox (badness 10000) has occurred while \output is active []

 [6]
<figs//Figure_1.pdf, id=534, 1053.9375pt x 653.44125pt>
File: figs//Figure_1.pdf Graphic file (type pdf)
<use figs//Figure_1.pdf>
Package pdftex.def Info: figs//Figure_1.pdf  used on input line 73.
(pdftex.def)             Requested size: 372.0pt x 230.64218pt.

Underfull \vbox (badness 10000) has occurred while \output is active []

 [7 <./figs//Figure_1.pdf>]
LaTeX Font Info:    Calculating math sizes for size <8.03> on input line 101.


LaTeX Font Warning: Font shape `U/rsfs/m/n' in size <4.015> not available
(Font)              size <5> substituted on input line 101.


Underfull \hbox (badness 10000) in paragraph at lines 109--109
[]|\T1/cmr/bx/n/8.03 Database/Search
 []


Overfull \hbox (6.52654pt too wide) in paragraph at lines 110--110
[]\T1/cmr/bx/n/8.03 Preliminary 
 []


Overfull \hbox (8.0741pt too wide) in paragraph at lines 111--111
[]\T1/cmr/bx/n/8.03 Duplicates 
 []


Underfull \vbox (badness 10000) has occurred while \output is active []

 [8]
Overfull \vbox (3.26079pt too high) has occurred while \output is active []


Underfull \vbox (badness 10000) has occurred while \output is active []

 [9]
Underfull \vbox (badness 10000) has occurred while \output is active []

 [10]
Underfull \vbox (badness 10000) has occurred while \output is active []

 [11]
Underfull \vbox (badness 10000) has occurred while \output is active []

 [12]
Underfull \vbox (badness 10000) has occurred while \output is active []

 [13]
Underfull \vbox (badness 10000) has occurred while \output is active []

 [14]
Underfull \vbox (badness 10000) has occurred while \output is active []

 [15]
Underfull \hbox (badness 1845) in paragraph at lines 323--324
[]\T1/cmr/m/n/10.03749 Furthermore, the omis-sion of this stage is also attribu
table to the tool
 []


Underfull \vbox (badness 10000) has occurred while \output is active []

 [16]
Underfull \vbox (badness 10000) has occurred while \output is active []

 [17]
Underfull \vbox (badness 10000) has occurred while \output is active []

 [18]
Underfull \vbox (badness 10000) has occurred while \output is active []

 [19]
Underfull \vbox (badness 10000) has occurred while \output is active []

 [20]
Underfull \vbox (badness 10000) has occurred while \output is active []

 [21]
Underfull \vbox (badness 10000) has occurred while \output is active []

 [22]
<figs/Figure_2.pdf, id=1026, 1180.41pt x 590.205pt>
File: figs/Figure_2.pdf Graphic file (type pdf)
<use figs/Figure_2.pdf>
Package pdftex.def Info: figs/Figure_2.pdf  used on input line 498.
(pdftex.def)             Requested size: 1180.40714pt x 590.20355pt.

Underfull \vbox (badness 10000) has occurred while \output is active []

 [23]
Overfull \hbox (47.99432pt too wide) in paragraph at lines 507--532
 [] 
 []


Overfull \hbox (47.99432pt too wide) in paragraph at lines 537--567
 [] 
 []


Underfull \vbox (badness 10000) has occurred while \output is active []

 [24 <./figs/Figure_2.pdf>]
Underfull \vbox (badness 10000) has occurred while \output is active []

 [25]
Overfull \hbox (48.0pt too wide) in paragraph at lines 612--645
 [] 
 []


Underfull \vbox (badness 10000) has occurred while \output is active []

 [26]
Overfull \hbox (3.21794pt too wide) in paragraph at lines 672--673
[]|\T1/cmr/bx/n/7 Accuracy| 
 []


Overfull \hbox (37.68091pt too wide) in paragraph at lines 654--699
 [] 
 []

<figs/Figure_3.pdf, id=1152, 1180.41pt x 590.205pt>
File: figs/Figure_3.pdf Graphic file (type pdf)
<use figs/Figure_3.pdf>
Package pdftex.def Info: figs/Figure_3.pdf  used on input line 708.
(pdftex.def)             Requested size: 1180.40714pt x 590.20355pt.

Underfull \vbox (badness 10000) has occurred while \output is active []

 [27 <./figs/Figure_3.pdf>]
Overfull \hbox (2.67584pt too wide) in paragraph at lines 721--722
[]|\T1/cmr/bx/n/8.03 Accuracy| 
 []


Underfull \hbox (badness 10000) in paragraph at lines 724--724
[]|\T1/cmr/m/n/8.03 MediaPipe Face
 []


Underfull \hbox (badness 1122) in paragraph at lines 726--726
[]|\T1/cmr/m/n/8.03 Eye track-ing ([][]Altameem, Kumar, Poo-nia, Kumar, &
 []


Underfull \vbox (badness 10000) has occurred while \output is active []

 [28]
Underfull \hbox (badness 10000) in paragraph at lines 771--771
[]\T1/cmr/m/n/8.03 Implemented with
 []


Overfull \vbox (17.77155pt too high) detected at line 771
 []


Underfull \hbox (badness 10000) in paragraph at lines 777--777
[]\T1/cmr/m/n/8.03 MobileNetV2-
 []


Underfull \hbox (badness 10000) in paragraph at lines 777--777
[]\T1/cmr/m/n/8.03 Implemented with
 []


Underfull \hbox (badness 4686) in paragraph at lines 777--777
\T1/cmr/m/n/8.03 PyTorch and accel-er-
 []


Overfull \vbox (6.67493pt too high) detected at line 777
 []


Overfull \hbox (7.07977pt too wide) in paragraph at lines 742--787
 [] 
 []

<figs/Figure_4.pdf, id=1227, 1159.33125pt x 590.205pt>
File: figs/Figure_4.pdf Graphic file (type pdf)
<use figs/Figure_4.pdf>
Package pdftex.def Info: figs/Figure_4.pdf  used on input line 808.
(pdftex.def)             Requested size: 1159.32843pt x 590.20355pt.

Underfull \vbox (badness 10000) has occurred while \output is active []

 [29]
Underfull \vbox (badness 10000) has occurred while \output is active []

 [30]
<figs/Figure_5.pdf, id=1259, 1180.41pt x 548.0475pt>
File: figs/Figure_5.pdf Graphic file (type pdf)
<use figs/Figure_5.pdf>
Package pdftex.def Info: figs/Figure_5.pdf  used on input line 819.
(pdftex.def)             Requested size: 1180.40714pt x 548.04616pt.
<figs/Figure_6.pdf, id=1261, 906.38625pt x 758.835pt>
File: figs/Figure_6.pdf Graphic file (type pdf)
<use figs/Figure_6.pdf>
Package pdftex.def Info: figs/Figure_6.pdf  used on input line 827.
(pdftex.def)             Requested size: 906.38403pt x 758.83316pt.
<figs/Figure_7.pdf, id=1263, 1180.41pt x 484.81125pt>
File: figs/Figure_7.pdf Graphic file (type pdf)
<use figs/Figure_7.pdf>
Package pdftex.def Info: figs/Figure_7.pdf  used on input line 844.
(pdftex.def)             Requested size: 1180.40714pt x 484.81006pt.

Underfull \vbox (badness 10000) has occurred while \output is active []

 [31 <./figs/Figure_4.pdf>]
Underfull \vbox (badness 10000) has occurred while \output is active []

 [32 <./figs/Figure_5.pdf> <./figs/Figure_6.pdf>]
Underfull \vbox (badness 10000) has occurred while \output is active []

 [33 <./figs/Figure_7.pdf>]
<figs/Figure_8.pdf, id=1307, 1180.41pt x 548.0475pt>
File: figs/Figure_8.pdf Graphic file (type pdf)
<use figs/Figure_8.pdf>
Package pdftex.def Info: figs/Figure_8.pdf  used on input line 891.
(pdftex.def)             Requested size: 1180.40714pt x 548.04616pt.

Underfull \vbox (badness 10000) has occurred while \output is active []

 [34 <./figs/Figure_8.pdf>]
Underfull \vbox (badness 10000) has occurred while \output is active []

 [35]
Underfull \vbox (badness 10000) has occurred while \output is active []

 [36]
Underfull \vbox (badness 10000) has occurred while \output is active []

 [37]

pdfTeX warning: pdflatex.exe (file ./figs/Figure_9.pdf): PDF inclusion: found P
DF version <1.7>, but at most version <1.5> allowed
<figs/Figure_9.pdf, id=1375, 361.35pt x 226.08466pt>
File: figs/Figure_9.pdf Graphic file (type pdf)
<use figs/Figure_9.pdf>
Package pdftex.def Info: figs/Figure_9.pdf  used on input line 1092.
(pdftex.def)             Requested size: 372.0pt x 232.74904pt.
<figs/Figure_10.pdf, id=1377, 1053.9375pt x 653.44125pt>
File: figs/Figure_10.pdf Graphic file (type pdf)
<use figs/Figure_10.pdf>
Package pdftex.def Info: figs/Figure_10.pdf  used on input line 1101.
(pdftex.def)             Requested size: 372.0pt x 230.64218pt.

LaTeX Warning: `h' float specifier changed to `ht'.


Underfull \vbox (badness 10000) has occurred while \output is active []

 [38 <./figs/Figure_9.pdf>]
Underfull \vbox (badness 10000) has occurred while \output is active []

 [39 <./figs/Figure_10.pdf>]
Package pgfplots info on input line 1144: Using 'lua backend=false' for axis: x
 coord trafo unsupported.
Package pgfplots info on input line 1166: Using 'lua backend=false' for axis: x
 coord trafo unsupported.
Package pgfplots info on input line 1187: Using 'lua backend=false' for axis: x
 coord trafo unsupported.


LaTeX Warning: `h' float specifier changed to `ht'.


Underfull \vbox (badness 10000) has occurred while \output is active []

 [40]

LaTeX Warning: `h' float specifier changed to `ht'.

Package pgfplots info on input line 1329: Using 'lua backend=false' for axis: x
 coord trafo unsupported.

Overfull \hbox (7.18912pt too wide) in paragraph at lines 1332--1333
 [][] 
 []

Package pgfplots info on input line 1351: Using 'lua backend=false' for axis: x
 coord trafo unsupported.
Package pgfplots info on input line 1372: Using 'lua backend=false' for axis: x
 coord trafo unsupported.
Package pgfplots info on input line 1393: Using 'lua backend=false' for axis: x
 coord trafo unsupported.

LaTeX Warning: `h' float specifier changed to `ht'.


Underfull \vbox (badness 10000) has occurred while \output is active []

 [41]
Overfull \hbox (19.77357pt too wide) in paragraph at lines 1442--1442
 []|\T1/cmr/bx/n/8.03 Latency| 
 []


Overfull \hbox (19.77357pt too wide) in paragraph at lines 1442--1442
 []|\T1/cmr/bx/n/8.03 Latency| 
 []


Overfull \hbox (19.77357pt too wide) in paragraph at lines 1442--1442
 []|\T1/cmr/bx/n/8.03 Latency| 
 []


Overfull \hbox (19.77357pt too wide) in paragraph at lines 1442--1442
 []|\T1/cmr/bx/n/8.03 Latency| 
 []


Overfull \hbox (0.76836pt too wide) in paragraph at lines 1442--1442
 []|\T1/cmr/m/n/8.03 0.60| 
 []


Overfull \hbox (0.76836pt too wide) in paragraph at lines 1442--1442
 []|\T1/cmr/m/n/8.03 1.20| 
 []


Overfull \hbox (0.76836pt too wide) in paragraph at lines 1442--1442
 []|\T1/cmr/m/n/8.03 3.50| 
 []


Overfull \hbox (0.76836pt too wide) in paragraph at lines 1442--1442
 []|\T1/cmr/m/n/8.03 1.68| 
 []


Overfull \hbox (0.76836pt too wide) in paragraph at lines 1442--1442
 []|\T1/cmr/m/n/8.03 0.57| 
 []


Overfull \hbox (0.76836pt too wide) in paragraph at lines 1442--1442
 []|\T1/cmr/m/n/8.03 0.82| 
 []


Overfull \hbox (0.76836pt too wide) in paragraph at lines 1442--1442
 []|\T1/cmr/m/n/8.03 2.73| 
 []


Overfull \hbox (0.76836pt too wide) in paragraph at lines 1442--1442
 []|\T1/cmr/m/n/8.03 1.68| 
 []


Overfull \hbox (0.76836pt too wide) in paragraph at lines 1442--1442
 []|\T1/cmr/m/n/8.03 0.00| 
 []


Overfull \hbox (0.76836pt too wide) in paragraph at lines 1442--1442
 []|\T1/cmr/m/n/8.03 0.70| 
 []


Overfull \hbox (0.76836pt too wide) in paragraph at lines 1442--1442
 []|\T1/cmr/m/n/8.03 0.00| 
 []


Overfull \hbox (0.76836pt too wide) in paragraph at lines 1442--1442
 []|\T1/cmr/m/n/8.03 0.00| 
 []


Overfull \hbox (0.76836pt too wide) in paragraph at lines 1442--1442
 []|\T1/cmr/m/n/8.03 0.78| 
 []


Overfull \hbox (0.76836pt too wide) in paragraph at lines 1442--1442
 []|\T1/cmr/m/n/8.03 1.30| 
 []


Overfull \hbox (0.76836pt too wide) in paragraph at lines 1442--1442
 []|\T1/cmr/m/n/8.03 3.68| 
 []


Overfull \hbox (0.76836pt too wide) in paragraph at lines 1442--1442
 []|\T1/cmr/m/n/8.03 1.79| 
 []


Overfull \hbox (0.76836pt too wide) in paragraph at lines 1442--1442
 []|\T1/cmr/m/n/8.03 1.02| 
 []


Overfull \hbox (0.76836pt too wide) in paragraph at lines 1442--1442
 []|\T1/cmr/m/n/8.03 0.78| 
 []


Overfull \hbox (0.76836pt too wide) in paragraph at lines 1442--1442
 []|\T1/cmr/m/n/8.03 2.24| 
 []


Overfull \hbox (0.76836pt too wide) in paragraph at lines 1442--1442
 []|\T1/cmr/m/n/8.03 0.00| 
 []


Overfull \hbox (0.76836pt too wide) in paragraph at lines 1442--1442
 []|\T1/cmr/m/n/8.03 1.20| 
 []


Overfull \hbox (0.76836pt too wide) in paragraph at lines 1442--1442
 []|\T1/cmr/m/n/8.03 0.97| 
 []


Overfull \hbox (0.76836pt too wide) in paragraph at lines 1442--1442
 []|\T1/cmr/m/n/8.03 2.03| 
 []


Overfull \hbox (0.76836pt too wide) in paragraph at lines 1442--1442
 []|\T1/cmr/m/n/8.03 2.05| 
 []


Overfull \hbox (0.76836pt too wide) in paragraph at lines 1442--1442
 []|\T1/cmr/m/n/8.03 0.82| 
 []


Overfull \hbox (0.76836pt too wide) in paragraph at lines 1442--1442
 []|\T1/cmr/m/n/8.03 0.87| 
 []


Overfull \hbox (0.76836pt too wide) in paragraph at lines 1442--1442
 []|\T1/cmr/m/n/8.03 3.03| 
 []


Overfull \hbox (0.76836pt too wide) in paragraph at lines 1442--1442
 []|\T1/cmr/m/n/8.03 1.95| 
 []


Overfull \hbox (0.76836pt too wide) in paragraph at lines 1442--1442
 []|\T1/cmr/m/n/8.03 0.76| 
 []


Overfull \hbox (0.76836pt too wide) in paragraph at lines 1442--1442
 []|\T1/cmr/m/n/8.03 1.05| 
 []


Overfull \hbox (0.76836pt too wide) in paragraph at lines 1442--1442
 []|\T1/cmr/m/n/8.03 4.09| 
 []


Overfull \hbox (0.76836pt too wide) in paragraph at lines 1442--1442
 []|\T1/cmr/m/n/8.03 1.77| 
 []


Overfull \hbox (0.76836pt too wide) in paragraph at lines 1442--1442
 []|\T1/cmr/m/n/8.03 1.20| 
 []


Overfull \hbox (0.76836pt too wide) in paragraph at lines 1442--1442
 []|\T1/cmr/m/n/8.03 0.70| 
 []


Overfull \hbox (0.76836pt too wide) in paragraph at lines 1442--1442
 []|\T1/cmr/m/n/8.03 3.36| 
 []


Overfull \hbox (0.76836pt too wide) in paragraph at lines 1442--1442
 []|\T1/cmr/m/n/8.03 1.91| 
 []


Overfull \hbox (0.76836pt too wide) in paragraph at lines 1442--1442
 []|\T1/cmr/m/n/8.03 0.88| 
 []


Overfull \hbox (0.76836pt too wide) in paragraph at lines 1442--1442
 []|\T1/cmr/m/n/8.03 0.00| 
 []


Overfull \hbox (0.76836pt too wide) in paragraph at lines 1442--1442
 []|\T1/cmr/m/n/8.03 2.63| 
 []


Overfull \hbox (0.76836pt too wide) in paragraph at lines 1442--1442
 []|\T1/cmr/m/n/8.03 1.98| 
 []


Overfull \hbox (0.76836pt too wide) in paragraph at lines 1442--1442
 []|\T1/cmr/m/n/8.03 0.53| 
 []


Overfull \hbox (0.76836pt too wide) in paragraph at lines 1442--1442
 []|\T1/cmr/m/n/8.03 1.23| 
 []


Overfull \hbox (0.76836pt too wide) in paragraph at lines 1442--1442
 []|\T1/cmr/m/n/8.03 0.00| 
 []


Overfull \hbox (0.76836pt too wide) in paragraph at lines 1442--1442
 []|\T1/cmr/m/n/8.03 1.73| 
 []


Overfull \hbox (0.76836pt too wide) in paragraph at lines 1442--1442
 []|\T1/cmr/m/n/8.03 0.69| 
 []


Overfull \hbox (0.76836pt too wide) in paragraph at lines 1442--1442
 []|\T1/cmr/m/n/8.03 1.99| 
 []


Overfull \hbox (0.76836pt too wide) in paragraph at lines 1442--1442
 []|\T1/cmr/m/n/8.03 4.69| 
 []


Overfull \hbox (0.76836pt too wide) in paragraph at lines 1442--1442
 []|\T1/cmr/m/n/8.03 4.27| 
 []


Overfull \hbox (0.76836pt too wide) in paragraph at lines 1442--1442
 []|\T1/cmr/m/n/8.03 0.67| 
 []


Overfull \hbox (0.76836pt too wide) in paragraph at lines 1442--1442
 []|\T1/cmr/m/n/8.03 1.07| 
 []


Overfull \hbox (0.76836pt too wide) in paragraph at lines 1442--1442
 []|\T1/cmr/m/n/8.03 2.97| 
 []


Overfull \hbox (0.76836pt too wide) in paragraph at lines 1442--1442
 []|\T1/cmr/m/n/8.03 1.77| 
 []


Overfull \hbox (0.76836pt too wide) in paragraph at lines 1442--1442
 []|\T1/cmr/m/n/8.03 0.82| 
 []


Overfull \hbox (0.76836pt too wide) in paragraph at lines 1442--1442
 []|\T1/cmr/m/n/8.03 1.83| 
 []


Overfull \hbox (0.76836pt too wide) in paragraph at lines 1442--1442
 []|\T1/cmr/m/n/8.03 3.29| 
 []


Overfull \hbox (0.76836pt too wide) in paragraph at lines 1442--1442
 []|\T1/cmr/m/n/8.03 2.69| 
 []


Overfull \hbox (0.76836pt too wide) in paragraph at lines 1442--1442
 []|\T1/cmr/m/n/8.03 0.93| 
 []


Overfull \hbox (0.76836pt too wide) in paragraph at lines 1442--1442
 []|\T1/cmr/m/n/8.03 1.68| 
 []


Overfull \hbox (0.76836pt too wide) in paragraph at lines 1442--1442
 []|\T1/cmr/m/n/8.03 3.14| 
 []


Overfull \hbox (0.76836pt too wide) in paragraph at lines 1442--1442
 []|\T1/cmr/m/n/8.03 2.81| 
 []


Overfull \hbox (0.76836pt too wide) in paragraph at lines 1442--1442
 []|\T1/cmr/m/n/8.03 0.58| 
 []


Overfull \hbox (0.76836pt too wide) in paragraph at lines 1442--1442
 []|\T1/cmr/m/n/8.03 1.76| 
 []


Overfull \hbox (0.76836pt too wide) in paragraph at lines 1442--1442
 []|\T1/cmr/m/n/8.03 3.45| 
 []


Overfull \hbox (0.76836pt too wide) in paragraph at lines 1442--1442
 []|\T1/cmr/m/n/8.03 2.94| 
 []


Overfull \hbox (38.601pt too wide) in alignment at lines 1442--1442
[][][][][][][][][] 
 []


Underfull \vbox (badness 10000) has occurred while \output is active []

 [42]
Underfull \vbox (badness 10000) has occurred while \output is active []

 [43]

Package tabularx Warning: X Columns too narrow (table too wide)
(tabularx)                 on input line 1516.


Overfull \hbox (20.02544pt too wide) in paragraph at lines 1516--1516
[]|\T1/cmr/bx/n/8.03 People| 
 []


Overfull \hbox (16.2177pt too wide) in paragraph at lines 1516--1516
[]|\T1/cmr/bx/n/8.03 Facial 
 []


Overfull \hbox (24.29478pt too wide) in paragraph at lines 1516--1516
\T1/cmr/bx/n/8.03 Expres- 
 []


Overfull \hbox (12.34082pt too wide) in paragraph at lines 1516--1516
\T1/cmr/bx/n/8.03 sions| 
 []


Overfull \hbox (39.14438pt too wide) in paragraph at lines 1516--1516
[]|\T1/cmr/bx/n/8.03 Drowsiness| 
 []


Overfull \hbox (24.45088pt too wide) in paragraph at lines 1516--1516
[]|\T1/cmr/bx/n/8.03 Objects| 
 []


Overfull \hbox (18.77213pt too wide) in alignment at lines 1516--1516
[][][][][] 
 []


Underfull \vbox (badness 10000) has occurred while \output is active []

 [44]

LaTeX Warning: `h' float specifier changed to `ht'.


Underfull \vbox (badness 10000) has occurred while \output is active []

 [45]
Underfull \vbox (badness 10000) has occurred while \output is active []

 [46]
Overfull \hbox (9.0736pt too wide) in paragraph at lines 1605--1605
[]|\T1/cmr/bx/n/8.03 Statistic| 
 []


Overfull \hbox (1.35614pt too wide) in paragraph at lines 1605--1605
[]|\T1/cmr/m/n/8.03 Median| 
 []


Overfull \hbox (7.7688pt too wide) in paragraph at lines 1605--1605
[]|\T1/cmr/m/n/8.03 Standard
 []


Underfull \hbox (badness 10000) in paragraph at lines 1605--1605
\T1/cmr/m/n/8.03 Devi-a-
 []


Overfull \hbox (9.64897pt too wide) in paragraph at lines 1605--1605
[]|\T1/cmr/m/n/8.03 Minimum| 
 []


Overfull \hbox (11.30754pt too wide) in paragraph at lines 1605--1605
[]|\T1/cmr/m/n/8.03 Maximum| 
 []


Underfull \vbox (badness 10000) has occurred while \output is active []

 [47]
Underfull \hbox (badness 10000) in paragraph at lines 1642--1642
[]|\T1/cmr/m/n/8.03 Supervision
 []


Underfull \hbox (badness 10000) in paragraph at lines 1642--1642
[]|\T1/cmr/m/n/8.03 Student's
 []


Underfull \hbox (badness 10000) in paragraph at lines 1642--1642
[]|\T1/cmr/m/n/8.03 Statement
 []


Underfull \hbox (badness 10000) in paragraph at lines 1642--1642
[]|\T1/cmr/m/n/8.03 Statement
 []


Underfull \hbox (badness 10000) in paragraph at lines 1642--1642
[]|\T1/cmr/m/n/8.03 Statement
 []


Underfull \hbox (badness 10000) in paragraph at lines 1642--1642
[]|\T1/cmr/m/n/8.03 Statement
 []


Underfull \hbox (badness 10000) in paragraph at lines 1642--1642
[]|\T1/cmr/m/n/8.03 Statement
 []


Underfull \hbox (badness 10000) in paragraph at lines 1642--1642
[]|\T1/cmr/m/n/8.03 Statement
 []


Underfull \hbox (badness 10000) in paragraph at lines 1642--1642
[]|\T1/cmr/m/n/8.03 Statement
 []


Underfull \vbox (badness 10000) has occurred while \output is active []

 [48]

Package tabularx Warning: X Columns too narrow (table too wide)
(tabularx)                 on input line 1675.


Overfull \hbox (27.11128pt too wide) in paragraph at lines 1675--1675
[]|\T1/cmr/bx/n/8.03 Variable| 
 []


Overfull \hbox (5.9151pt too wide) in paragraph at lines 1675--1675
[]|\T1/cmr/m/n/8.03 Age
 []


Underfull \hbox (badness 10000) in paragraph at lines 1675--1675
\T1/cmr/m/n/8.03 of
 []


Overfull \hbox (3.31714pt too wide) in paragraph at lines 1675--1675
\T1/cmr/m/n/8.03 the
 []


Overfull \hbox (20.52184pt too wide) in paragraph at lines 1675--1675
\T1/cmr/m/n/8.03 tutor$[]$| 
 []


Overfull \hbox (34.64735pt too wide) in paragraph at lines 1675--1675
[]|\T1/cmr/m/n/8.03 Supervision
 []


Overfull \hbox (8.05591pt too wide) in paragraph at lines 1675--1675
\T1/cmr/m/n/8.03 time| 
 []


Overfull \hbox (5.9151pt too wide) in paragraph at lines 1675--1675
[]|\T1/cmr/m/n/8.03 Age
 []


Underfull \hbox (badness 10000) in paragraph at lines 1675--1675
\T1/cmr/m/n/8.03 of
 []


Overfull \hbox (3.31714pt too wide) in paragraph at lines 1675--1675
\T1/cmr/m/n/8.03 the
 []


Overfull \hbox (29.32896pt too wide) in paragraph at lines 1675--1675
\T1/cmr/m/n/8.03 student$[]$| 
 []


Overfull \hbox (29.6173pt too wide) in paragraph at lines 1675--1675
[]|\T1/cmr/m/n/8.03 Statement
 []


Overfull \hbox (2.36938pt too wide) in paragraph at lines 1675--1675
\T1/cmr/m/n/8.03 (1)| 
 []


Overfull \hbox (29.6173pt too wide) in paragraph at lines 1675--1675
[]|\T1/cmr/m/n/8.03 Statement
 []


Overfull \hbox (2.36938pt too wide) in paragraph at lines 1675--1675
\T1/cmr/m/n/8.03 (2)| 
 []


Overfull \hbox (29.6173pt too wide) in paragraph at lines 1675--1675
[]|\T1/cmr/m/n/8.03 Statement
 []


Overfull \hbox (12.45897pt too wide) in paragraph at lines 1675--1675
\T1/cmr/m/n/8.03 (3)$[]$| 
 []


Overfull \hbox (29.6173pt too wide) in paragraph at lines 1675--1675
[]|\T1/cmr/m/n/8.03 Statement
 []


Overfull \hbox (12.45897pt too wide) in paragraph at lines 1675--1675
\T1/cmr/m/n/8.03 (4)$[]$| 
 []


Overfull \hbox (29.6173pt too wide) in paragraph at lines 1675--1675
[]|\T1/cmr/m/n/8.03 Statement
 []


Overfull \hbox (2.36938pt too wide) in paragraph at lines 1675--1675
\T1/cmr/m/n/8.03 (6)| 
 []


Overfull \hbox (29.6173pt too wide) in paragraph at lines 1675--1675
[]|\T1/cmr/m/n/8.03 Statement
 []


Overfull \hbox (2.36938pt too wide) in paragraph at lines 1675--1675
\T1/cmr/m/n/8.03 (7)| 
 []


Overfull \hbox (33.44972pt too wide) in alignment at lines 1675--1675
[][][][] 
 []


Underfull \vbox (badness 10000) has occurred while \output is active []

 [49]
Underfull \vbox (badness 10000) has occurred while \output is active []

 [50]
Underfull \hbox (badness 10000) in alignment at lines 1740--1740
[][][][][][][] 
 []


Underfull \hbox (badness 10000) in alignment at lines 1757--1757
[][][][][][][] 
 []


Underfull \hbox (badness 10000) in alignment at lines 1774--1774
[][][][][][][] 
 []


LaTeX Warning: `h' float specifier changed to `ht'.


Underfull \vbox (badness 10000) has occurred while \output is active []

 [51]
Underfull \hbox (badness 10000) in alignment at lines 1791--1791
[][][][][][][] 
 []


Package tabularx Warning: X Columns too narrow (table too wide)
(tabularx)                 on input line 1824.


Overfull \hbox (27.11128pt too wide) in paragraph at lines 1824--1824
[]|\T1/cmr/bx/n/8.03 Variable| 
 []


Overfull \hbox (18.29858pt too wide) in paragraph at lines 1824--1824
[]|\T1/cmr/m/n/8.03 Tutor's
 []


Overfull \hbox (9.59183pt too wide) in paragraph at lines 1824--1824
\T1/cmr/m/n/8.03 Edu-
 []


Overfull \hbox (2.36938pt too wide) in paragraph at lines 1824--1824
\T1/cmr/m/n/8.03 ca-
 []


Overfull \hbox (6.1604pt too wide) in paragraph at lines 1824--1824
\T1/cmr/m/n/8.03 tion
 []


Overfull \hbox (11.01344pt too wide) in paragraph at lines 1824--1824
\T1/cmr/m/n/8.03 Level| 
 []


Overfull \hbox (18.29858pt too wide) in paragraph at lines 1824--1824
[]|\T1/cmr/m/n/8.03 Tutor's
 []


Overfull \hbox (9.53468pt too wide) in paragraph at lines 1824--1824
\T1/cmr/m/n/8.03 Gen-
 []


Overfull \hbox (3.3241pt too wide) in paragraph at lines 1824--1824
\T1/cmr/m/n/8.03 der| 
 []


Overfull \hbox (9.2392pt too wide) in paragraph at lines 1824--1824
[]|\T1/cmr/m/n/8.03 Area
 []


Underfull \hbox (badness 10000) in paragraph at lines 1824--1824
\T1/cmr/m/n/8.03 of
 []


Overfull \hbox (7.7437pt too wide) in paragraph at lines 1824--1824
\T1/cmr/m/n/8.03 Res-
 []


Underfull \hbox (badness 10000) in paragraph at lines 1824--1824
\T1/cmr/m/n/8.03 i-
 []


Overfull \hbox (12.3208pt too wide) in paragraph at lines 1824--1824
\T1/cmr/m/n/8.03 dence| 
 []


Overfull \hbox (34.11914pt too wide) in paragraph at lines 1824--1824
[]|\T1/cmr/m/n/8.03 Occupation| 
 []


Overfull \hbox (10.66222pt too wide) in paragraph at lines 1824--1824
[]|\T1/cmr/m/n/8.03 Type
 []


Underfull \hbox (badness 10000) in paragraph at lines 1824--1824
\T1/cmr/m/n/8.03 of
 []


Overfull \hbox (12.31938pt too wide) in paragraph at lines 1824--1824
\T1/cmr/m/n/8.03 Inter-
 []


Overfull \hbox (3.31714pt too wide) in paragraph at lines 1824--1824
\T1/cmr/m/n/8.03 net
 []


Overfull \hbox (5.68652pt too wide) in paragraph at lines 1824--1824
\T1/cmr/m/n/8.03 Sig-
 []


Overfull \hbox (2.84326pt too wide) in paragraph at lines 1824--1824
\T1/cmr/m/n/8.03 nal| 
 []


Overfull \hbox (34.64735pt too wide) in paragraph at lines 1824--1824
[]|\T1/cmr/m/n/8.03 Supervision
 []


Overfull \hbox (10.89917pt too wide) in paragraph at lines 1824--1824
\T1/cmr/m/n/8.03 Time| 
 []


Overfull \hbox (29.6173pt too wide) in paragraph at lines 1824--1824
[]|\T1/cmr/m/n/8.03 Statement
 []


Overfull \hbox (2.36938pt too wide) in paragraph at lines 1824--1824
\T1/cmr/m/n/8.03 (1)| 
 []


Overfull \hbox (29.6173pt too wide) in paragraph at lines 1824--1824
[]|\T1/cmr/m/n/8.03 Statement
 []


Overfull \hbox (2.36938pt too wide) in paragraph at lines 1824--1824
\T1/cmr/m/n/8.03 (2)| 
 []


Overfull \hbox (29.6173pt too wide) in paragraph at lines 1824--1824
[]|\T1/cmr/m/n/8.03 Statement
 []


Overfull \hbox (2.36938pt too wide) in paragraph at lines 1824--1824
\T1/cmr/m/n/8.03 (6)| 
 []


Overfull \hbox (29.6173pt too wide) in paragraph at lines 1824--1824
[]|\T1/cmr/m/n/8.03 Statement
 []


Overfull \hbox (2.36938pt too wide) in paragraph at lines 1824--1824
\T1/cmr/m/n/8.03 (7)| 
 []


Overfull \hbox (19.46504pt too wide) in alignment at lines 1824--1824
[][][][][][] 
 []


LaTeX Warning: `h' float specifier changed to `ht'.


Underfull \vbox (badness 10000) has occurred while \output is active []

 [52]
Underfull \vbox (badness 10000) has occurred while \output is active []

 [53]
Underfull \vbox (badness 10000) has occurred while \output is active []

 [54]
Underfull \vbox (badness 10000) has occurred while \output is active []

 [55]
Underfull \vbox (badness 10000) has occurred while \output is active []

 [56])

Package hyperref Warning: Difference (4) between bookmark levels is greater 
(hyperref)                than one, level fixed on input line 124.


Underfull \hbox (badness 1515) in paragraph at lines 124--126
\T1/cmr/m/n/10.03749 I00, PID2022-139297OB-I00, and TED2021-132262A-I00, all fu
nded by MICI-
 []


Underfull \vbox (badness 10000) has occurred while \output is active []

 [57]
Underfull \vbox (badness 10000) has occurred while \output is active []

 [58]
Underfull \hbox (badness 2343) in paragraph at lines 150--166
[]\T1/cmr/bx/n/10.03749 Author Con-tri-bu-tions. \T1/cmr/m/it/10.03749 Con-cep-
tu-al-iza-tion\T1/cmr/m/n/10.03749 : Car-los Almeida-Dueñas, John
 []


Underfull \hbox (badness 2478) in paragraph at lines 150--166
\T1/cmr/m/n/10.03749 Guerrero-Ulloa, Orlando Erazo-Moreta, Miguel J. Hornos, Ca
r-los Rodríguez-
 []

(./tordis-eait-appendix.tex
Underfull \vbox (badness 10000) has occurred while \output is active []

 [59]
Underfull \hbox (badness 10000) in paragraph at lines 57--63

 []


Underfull \vbox (badness 10000) has occurred while \output is active []

 [60]
Underfull \vbox (badness 10000) has occurred while \output is active []

 [61]
Underfull \vbox (badness 10000) has occurred while \output is active []

 [62]
Underfull \vbox (badness 10000) has occurred while \output is active []

 [63]

LaTeX Warning: `h' float specifier changed to `ht'.


LaTeX Warning: `h' float specifier changed to `ht'.


Underfull \vbox (badness 10000) has occurred while \output is active []

 [64

]

LaTeX Warning: `h' float specifier changed to `ht'.

) (./tordis-eait.bbl
Underfull \vbox (badness 10000) has occurred while \output is active []

 [65]
Underfull \hbox (badness 1112) in paragraph at lines 54--71
[]\T1/cmr/m/n/10.03749 Adcroft, S.K.  (2018).  \T1/cmr/m/it/10.03749 Devel-op-i
ng self-regulated learn-ing with time man-age-
 []


Underfull \hbox (badness 10000) in paragraph at lines 54--71
\T1/cmr/m/n/10.03749 Retrieved from https://www.proquest.com/dissertations-thes
es/developing-
 []


Underfull \vbox (badness 10000) has occurred while \output is active []

 [66]
Underfull \hbox (badness 1824) in paragraph at lines 420--435
[]\T1/cmr/m/n/10.03749 Ardumotica  (2023).  \T1/cmr/m/it/10.03749 Módulo WiFi N
odeMCU V3 Lolin ESP8266 CH340.
 []


Underfull \vbox (badness 10000) has occurred while \output is active []

 [67]
Underfull \vbox (badness 10000) has occurred while \output is active []

 [68]
Underfull \vbox (badness 10000) has occurred while \output is active []

 [69]
Underfull \vbox (badness 10000) has occurred while \output is active []

 [70]
Underfull \vbox (badness 10000) has occurred while \output is active []

 [71]
Underfull \hbox (badness 1817) in paragraph at lines 1887--1901
[]\T1/cmr/m/n/10.03749 Green Light-ing  (2024).  \T1/cmr/m/it/10.03749 The life
s-pan of an LED bulb.  \T1/cmr/m/n/10.03749 Retrieved from
 []


Underfull \hbox (badness 1132) in paragraph at lines 1956--1975
[]\T1/cmr/m/n/10.03749 Guerrero-Ulloa, G., Carvajal-Suárez, D., Novais, P., Hor
nos, M.J., Rodríguez-
 []


Underfull \hbox (badness 2401) in paragraph at lines 1993--2013
[]\T1/cmr/m/n/10.03749 Guerrero-Ulloa, G., Fernández-Loor, A., Mor-eira, F., No
vais, P., Rodríguez-
 []


Underfull \vbox (badness 10000) has occurred while \output is active []

 [72]
Underfull \vbox (badness 10000) has occurred while \output is active []

 [73]
Underfull \vbox (badness 10000) has occurred while \output is active []

 [74]
Underfull \vbox (badness 10000) has occurred while \output is active []

 [75]
Underfull \vbox (badness 10000) has occurred while \output is active []

 [76]
Underfull \vbox (badness 10000) has occurred while \output is active []

 [77]
Underfull \vbox (badness 10000) has occurred while \output is active []

 [78]
Underfull \hbox (badness 5637) in paragraph at lines 4004--4020
[]\T1/cmr/m/n/10.03749 Salter, P.E.  (2014).  \T1/cmr/m/it/10.03749 Explor-ing 
a whole-school inte-grated approach to
 []


Underfull \hbox (badness 10000) in paragraph at lines 4004--4020
\T1/cmr/m/it/10.03749 devel-op-ing stu-dents' self-regulated learn-ing (SRL) sk
ills \T1/cmr/m/n/10.03749 (Doc-toral
 []


Underfull \hbox (badness 10000) in paragraph at lines 4004--4020
\T1/cmr/m/n/10.03749 dis-ser-ta-tion, Uni-ver-sity of Tech-nol-ogy Syd-ney).  R
etrieved from
 []


Underfull \vbox (badness 10000) has occurred while \output is active []

 [79]
Underfull \vbox (badness 10000) has occurred while \output is active []

 [80]
Underfull \vbox (badness 10000) has occurred while \output is active []

 [81])
Underfull \vbox (badness 10000) has occurred while \output is active []

 [82]
(./tordis-eait.aux)

LaTeX Font Warning: Size substitutions with differences
(Font)              up to 2.99251pt have occurred.

Package rerunfilecheck Info: File `tordis-eait.out' has not changed.
(rerunfilecheck)             Checksum: C385A7081C49FA4C15BE9AEFCF0312A2;19536.
 ) 
Here is how much of TeX's memory you used:
 39385 strings out of 477678
 879047 string characters out of 5833467
 1305458 words of memory out of 5000000
 57054 multiletter control sequences out of 15000+600000
 521487 words of font info for 178 fonts, out of 8000000 for 9000
 1151 hyphenation exceptions out of 8191
 99i,19n,94p,1538b,2363s stack positions out of 10000i,1000n,20000p,200000b,200000s
{c:/texlive/2022/texmf-dist/fonts/enc/dvips/cm-super/cm-super-t1.enc}{c:/texl
ive/2022/texmf-dist/fonts/enc/dvips/cm-super/cm-super-ts1.enc}<c:/texlive/2022/
texmf-dist/fonts/type1/public/amsfonts/cm/cmmi10.pfb><c:/texlive/2022/texmf-dis
t/fonts/type1/public/amsfonts/cm/cmmi5.pfb><c:/texlive/2022/texmf-dist/fonts/ty
pe1/public/amsfonts/cm/cmmi7.pfb><c:/texlive/2022/texmf-dist/fonts/type1/public
/amsfonts/cm/cmmi8.pfb><c:/texlive/2022/texmf-dist/fonts/type1/public/amsfonts/
cm/cmr10.pfb><c:/texlive/2022/texmf-dist/fonts/type1/public/amsfonts/cm/cmr5.pf
b><c:/texlive/2022/texmf-dist/fonts/type1/public/amsfonts/cm/cmr7.pfb><c:/texli
ve/2022/texmf-dist/fonts/type1/public/amsfonts/cm/cmsy10.pfb><c:/texlive/2022/t
exmf-dist/fonts/type1/public/amsfonts/cm/cmsy5.pfb><c:/texlive/2022/texmf-dist/
fonts/type1/public/amsfonts/cm/cmsy7.pfb><c:/texlive/2022/texmf-dist/fonts/type
1/public/amsfonts/cm/cmsy8.pfb><c:/texlive/2022/texmf-dist/fonts/type1/public/a
msfonts/symbols/msam10.pfb><c:/texlive/2022/texmf-dist/fonts/type1/public/amsfo
nts/symbols/msam7.pfb><c:/texlive/2022/texmf-dist/fonts/type1/public/cm-super/s
fbi0700.pfb><c:/texlive/2022/texmf-dist/fonts/type1/public/cm-super/sfbi1000.pf
b><c:/texlive/2022/texmf-dist/fonts/type1/public/cm-super/sfbx0500.pfb><c:/texl
ive/2022/texmf-dist/fonts/type1/public/cm-super/sfbx0700.pfb><c:/texlive/2022/t
exmf-dist/fonts/type1/public/cm-super/sfbx0800.pfb><c:/texlive/2022/texmf-dist/
fonts/type1/public/cm-super/sfbx0900.pfb><c:/texlive/2022/texmf-dist/fonts/type
1/public/cm-super/sfbx1000.pfb><c:/texlive/2022/texmf-dist/fonts/type1/public/c
m-super/sfbx1200.pfb><c:/texlive/2022/texmf-dist/fonts/type1/public/cm-super/sf
rm0500.pfb><c:/texlive/2022/texmf-dist/fonts/type1/public/cm-super/sfrm0700.pfb
><c:/texlive/2022/texmf-dist/fonts/type1/public/cm-super/sfrm0800.pfb><c:/texli
ve/2022/texmf-dist/fonts/type1/public/cm-super/sfrm0900.pfb><c:/texlive/2022/te
xmf-dist/fonts/type1/public/cm-super/sfrm1000.pfb><c:/texlive/2022/texmf-dist/f
onts/type1/public/cm-super/sfrm1200.pfb><c:/texlive/2022/texmf-dist/fonts/type1
/public/cm-super/sfrm1728.pfb><c:/texlive/2022/texmf-dist/fonts/type1/public/cm
-super/sfti0700.pfb><c:/texlive/2022/texmf-dist/fonts/type1/public/cm-super/sft
i0800.pfb><c:/texlive/2022/texmf-dist/fonts/type1/public/cm-super/sfti1000.pfb>

Output written on tordis-eait.pdf (82 pages, 8270253 bytes).
PDF statistics:
 2285 PDF objects out of 2487 (max. 8388607)
 2021 compressed objects within 21 object streams
 454 named destinations out of 1000 (max. 500000)
 759 words of extra memory for PDF output out of 10000 (max. 10000000)

