\BOOKMARK [0][-]{chapter.1}{\376\377\000P\000r\000e\000s\000e\000n\000t\000a\000c\000i\000\363\000n\000\040\000d\000e\000l\000\040\000p\000r\000o\000t\000o\000c\000o\000l\000o}{}% 1
\BOOKMARK [1][-]{section.1.1}{\376\377\000Q\000u\000\351\000\040\000p\000r\000o\000b\000l\000e\000m\000a\000\040\000a\000b\000o\000r\000d\000a\000\040\000e\000s\000t\000e\000\040\000e\000s\000t\000u\000d\000i\000o}{chapter.1}% 2
\BOOKMARK [1][-]{section.1.2}{\376\377\000T\000r\000e\000s\000\040\000a\000p\000o\000r\000t\000a\000c\000i\000o\000n\000e\000s\000\040\000q\000u\000e\000\040\000e\000s\000t\000e\000\040\000d\000i\000s\000e\000\361\000o\000\040\000p\000e\000r\000m\000i\000t\000e\000\040\000r\000e\000c\000l\000a\000m\000a\000r}{chapter.1}% 3
\BOOKMARK [1][-]{section.1.3}{\376\377\000C\000\363\000m\000o\000\040\000l\000e\000e\000r\000\040\000e\000s\000t\000e\000\040\000d\000o\000c\000u\000m\000e\000n\000t\000o}{chapter.1}% 4
\BOOKMARK [0][-]{chapter.2}{\376\377\000M\000a\000r\000c\000o\000\040\000t\000e\000\363\000r\000i\000c\000o\000\040\000e\000\040\000h\000i\000p\000\363\000t\000e\000s\000i\000s}{}% 5
\BOOKMARK [1][-]{section.2.1}{\376\377\000C\000u\000a\000t\000r\000o\000\040\000m\000e\000c\000a\000n\000i\000s\000m\000o\000s\000\040\000q\000u\000e\000\040\000e\000x\000p\000l\000i\000c\000a\000n\000\040\000l\000o\000\040\000q\000u\000e\000\040\000e\000s\000p\000e\000r\000a\000m\000o\000s\000\040\000o\000b\000s\000e\000r\000v\000a\000r}{chapter.2}% 6
\BOOKMARK [2][-]{subsection.2.1.1}{\376\377\000D\000e\000l\000e\000g\000a\000r\000\040\000e\000l\000\040\000t\000r\000a\000b\000a\000j\000o\000\040\000m\000e\000n\000t\000a\000l\000\040\000a\000\040\000u\000n\000a\000\040\000h\000e\000r\000r\000a\000m\000i\000e\000n\000t\000a\000\040\000e\000x\000t\000e\000r\000n\000a\000\040\000\050\000d\000e\000s\000c\000a\000r\000g\000a\000\040\000c\000o\000g\000n\000i\000t\000i\000v\000a\000\051}{section.2.1}% 7
\BOOKMARK [2][-]{subsection.2.1.2}{\376\377\000L\000o\000\040\000q\000u\000e\000\040\000c\000u\000e\000s\000t\000a\000\040\000m\000\341\000s\000\040\000s\000e\000\040\000a\000p\000r\000e\000n\000d\000e\000\040\000m\000e\000j\000o\000r\000\040\000\050\000d\000i\000f\000i\000c\000u\000l\000t\000a\000d\000e\000s\000\040\000d\000e\000s\000e\000a\000b\000l\000e\000s\000\051}{section.2.1}% 8
\BOOKMARK [2][-]{subsection.2.1.3}{\376\377\000P\000r\000o\000d\000u\000c\000i\000r\000\040\000e\000s\000\040\000r\000e\000c\000o\000r\000d\000a\000r\000\040\000\050\000e\000f\000e\000c\000t\000o\000\040\000d\000e\000\040\000g\000e\000n\000e\000r\000a\000c\000i\000\363\000n\000\051}{section.2.1}% 9
\BOOKMARK [2][-]{subsection.2.1.4}{\376\377\000C\000o\000n\000f\000u\000n\000d\000i\000r\000\040\000f\000a\000c\000i\000l\000i\000d\000a\000d\000\040\000c\000o\000n\000\040\000d\000o\000m\000i\000n\000i\000o\000\040\000\050\000i\000l\000u\000s\000i\000o\000n\000e\000s\000\040\000m\000e\000t\000a\000c\000o\000g\000n\000i\000t\000i\000v\000a\000s\000\040\000d\000e\000\040\000f\000l\000u\000i\000d\000e\000z\000\051}{section.2.1}% 10
\BOOKMARK [1][-]{section.2.2}{\376\377\000P\000r\000e\000g\000u\000n\000t\000a\000s\000\040\000d\000e\000\040\000i\000n\000v\000e\000s\000t\000i\000g\000a\000c\000i\000\363\000n}{chapter.2}% 11
\BOOKMARK [1][-]{section.2.3}{\376\377\000H\000i\000p\000\363\000t\000e\000s\000i\000s}{chapter.2}% 12
\BOOKMARK [0][-]{chapter.3}{\376\377\000D\000i\000s\000e\000\361\000o\000\040\000e\000x\000p\000e\000r\000i\000m\000e\000n\000t\000a\000l}{}% 13
\BOOKMARK [1][-]{section.3.1}{\376\377\000T\000i\000p\000o\000\040\000d\000e\000\040\000d\000i\000s\000e\000\361\000o}{chapter.3}% 14
\BOOKMARK [1][-]{section.3.2}{\376\377\000L\000o\000s\000\040\000t\000r\000e\000s\000\040\000g\000r\000u\000p\000o\000s}{chapter.3}% 15
\BOOKMARK [1][-]{section.3.3}{\376\377\000P\000a\000r\000t\000i\000c\000i\000p\000a\000n\000t\000e\000s\000\040\000y\000\040\000c\000r\000i\000t\000e\000r\000i\000o\000s\000\040\000d\000e\000\040\000e\000l\000e\000g\000i\000b\000i\000l\000i\000d\000a\000d}{chapter.3}% 16
\BOOKMARK [1][-]{section.3.4}{\376\377\000P\000r\000o\000c\000e\000d\000i\000m\000i\000e\000n\000t\000o\000\040\000d\000e\000\040\000a\000s\000i\000g\000n\000a\000c\000i\000\363\000n\000\040\000a\000l\000e\000a\000t\000o\000r\000i\000a\000\040\000e\000q\000u\000i\000l\000i\000b\000r\000a\000d\000a}{chapter.3}% 17
\BOOKMARK [1][-]{section.3.5}{\376\377\000C\000o\000n\000d\000i\000c\000i\000o\000n\000e\000s\000\040\000d\000e\000\040\000a\000d\000m\000i\000n\000i\000s\000t\000r\000a\000c\000i\000\363\000n}{chapter.3}% 18
\BOOKMARK [1][-]{section.3.6}{\376\377\000R\000o\000t\000a\000c\000i\000\363\000n\000\040\000d\000e\000\040\000l\000o\000s\000\040\000t\000e\000m\000a\000s\000\040\000e\000n\000t\000r\000e\000\040\000g\000r\000u\000p\000o\000s}{chapter.3}% 19
\BOOKMARK [1][-]{section.3.7}{\376\377\000V\000e\000r\000i\000f\000i\000c\000a\000c\000i\000\363\000n\000\040\000p\000r\000e\000v\000i\000a\000\040\000d\000e\000\040\000l\000a\000\040\000d\000i\000f\000i\000c\000u\000l\000t\000a\000d\000\040\000d\000e\000\040\000l\000o\000s\000\040\000t\000e\000m\000a\000s}{chapter.3}% 20
\BOOKMARK [1][-]{section.3.8}{\376\377\000U\000n\000i\000d\000a\000d\000\040\000d\000e\000\040\000a\000n\000\341\000l\000i\000s\000i\000s}{chapter.3}% 21
\BOOKMARK [1][-]{section.3.9}{\376\377\000E\000s\000t\000r\000u\000c\000t\000u\000r\000a\000\040\000d\000e\000l\000\040\000e\000s\000t\000u\000d\000i\000o\000:\000\040\000c\000a\000m\000p\000u\000s\000,\000\040\000c\000a\000r\000r\000e\000r\000a\000s\000\040\000e\000\040\000i\000n\000s\000t\000i\000t\000u\000c\000i\000o\000n\000e\000s}{chapter.3}% 22
\BOOKMARK [2][-]{subsection.3.9.1}{\376\377\000C\000a\000m\000p\000u\000s\000\040\000y\000\040\000c\000a\000r\000r\000e\000r\000a\000s\000\040\000d\000e\000n\000t\000r\000o\000\040\000d\000e\000\040\000l\000a\000\040\000U\000T\000E\000Q}{section.3.9}% 23
\BOOKMARK [2][-]{subsection.3.9.2}{\376\377\000I\000n\000c\000o\000r\000p\000o\000r\000a\000c\000i\000\363\000n\000\040\000d\000e\000\040\000i\000n\000s\000t\000i\000t\000u\000c\000i\000o\000n\000e\000s\000\040\000e\000x\000t\000e\000r\000n\000a\000s}{section.3.9}% 24
\BOOKMARK [2][-]{subsection.3.9.3}{\376\377\000D\000i\000s\000t\000r\000i\000b\000u\000c\000i\000\363\000n\000\040\000d\000e\000\040\000l\000o\000s\000\040\000p\000a\000r\000t\000i\000c\000i\000p\000a\000n\000t\000e\000s}{section.3.9}% 25
\BOOKMARK [0][-]{chapter.4}{\376\377\000V\000a\000r\000i\000a\000b\000l\000e\000s\000\040\000e\000\040\000i\000n\000s\000t\000r\000u\000m\000e\000n\000t\000o\000s}{}% 26
\BOOKMARK [1][-]{section.4.1}{\376\377\000M\000a\000p\000a\000\040\000g\000e\000n\000e\000r\000a\000l\000\040\000d\000e\000\040\000v\000a\000r\000i\000a\000b\000l\000e\000s}{chapter.4}% 27
\BOOKMARK [1][-]{section.4.2}{\376\377\000C\000a\000l\000i\000d\000a\000d\000\040\000d\000e\000l\000\040\000m\000a\000n\000u\000s\000c\000r\000i\000t\000o}{chapter.4}% 28
\BOOKMARK [1][-]{section.4.3}{\376\377\000A\000c\000u\000e\000r\000d\000o\000\040\000e\000n\000t\000r\000e\000\040\000e\000v\000a\000l\000u\000a\000d\000o\000r\000e\000s}{chapter.4}% 29
\BOOKMARK [1][-]{section.4.4}{\376\377\000R\000e\000t\000e\000n\000c\000i\000\363\000n\000\040\000y\000\040\000t\000r\000a\000n\000s\000f\000e\000r\000e\000n\000c\000i\000a}{chapter.4}% 30
\BOOKMARK [1][-]{section.4.5}{\376\377\000E\000s\000f\000u\000e\000r\000z\000o\000\040\000m\000e\000n\000t\000a\000l\000\040\000y\000\040\000c\000a\000r\000g\000a\000\040\000d\000e\000\040\000t\000r\000a\000b\000a\000j\000o}{chapter.4}% 31
\BOOKMARK [1][-]{section.4.6}{\376\377\000C\000a\000l\000i\000b\000r\000a\000c\000i\000\363\000n\000\040\000m\000e\000t\000a\000c\000o\000g\000n\000i\000t\000i\000v\000a}{chapter.4}% 32
\BOOKMARK [1][-]{section.4.7}{\376\377\000I\000n\000t\000e\000g\000r\000i\000d\000a\000d\000\040\000d\000e\000\040\000l\000a\000s\000\040\000r\000e\000f\000e\000r\000e\000n\000c\000i\000a\000s\000\040\000c\000i\000t\000a\000d\000a\000s}{chapter.4}% 33
\BOOKMARK [1][-]{section.4.8}{\376\377\000D\000a\000t\000o\000s\000\040\000d\000e\000\040\000p\000r\000o\000c\000e\000s\000o}{chapter.4}% 34
\BOOKMARK [1][-]{section.4.9}{\376\377\000S\000u\000b\000e\000s\000t\000u\000d\000i\000o\000\040\000d\000e\000\040\000d\000e\000t\000e\000c\000c\000i\000\363\000n\000\040\000e\000x\000p\000e\000r\000t\000a}{chapter.4}% 35
\BOOKMARK [2][-]{subsection.4.9.1}{\376\377\000S\000e\000n\000s\000i\000b\000i\000l\000i\000d\000a\000d\000\040\000y\000\040\000e\000s\000p\000e\000c\000i\000f\000i\000c\000i\000d\000a\000d}{section.4.9}% 36
\BOOKMARK [2][-]{subsection.4.9.2}{\376\377\000D\000i\000s\000c\000r\000i\000m\000i\000n\000a\000c\000i\000\363\000n\000\040\000y\000\040\000c\000r\000i\000t\000e\000r\000i\000o\000\040\000d\000e\000\040\000d\000e\000c\000i\000s\000i\000\363\000n}{section.4.9}% 37
\BOOKMARK [2][-]{subsection.4.9.3}{\376\377\000C\000u\000r\000v\000a\000\040\000R\000O\000C\000\040\000y\000\040\000\341\000r\000e\000a\000\040\000b\000a\000j\000o\000\040\000l\000a\000\040\000c\000u\000r\000v\000a\000\040\000\050\000A\000U\000C\000\051}{section.4.9}% 38
\BOOKMARK [0][-]{chapter.5}{\376\377\000P\000l\000a\000n\000\040\000d\000e\000\040\000a\000n\000\341\000l\000i\000s\000i\000s\000\040\000e\000s\000t\000a\000d\000\355\000s\000t\000i\000c\000o}{}% 39
\BOOKMARK [1][-]{section.5.1}{\376\377\000P\000r\000e\000p\000a\000r\000a\000c\000i\000\363\000n\000\040\000d\000e\000\040\000l\000o\000s\000\040\000d\000a\000t\000o\000s}{chapter.5}% 40
\BOOKMARK [1][-]{section.5.2}{\376\377\000M\000o\000d\000e\000l\000o\000\040\000p\000r\000i\000n\000c\000i\000p\000a\000l}{chapter.5}% 41
\BOOKMARK [1][-]{section.5.3}{\376\377\000C\000o\000n\000t\000r\000a\000s\000t\000e\000\040\000p\000r\000i\000n\000c\000i\000p\000a\000l\000\040\000d\000e\000\040\000r\000e\000t\000e\000n\000c\000i\000\363\000n}{chapter.5}% 42
\BOOKMARK [1][-]{section.5.4}{\376\377\000P\000r\000u\000e\000b\000a\000s\000\040\000d\000e\000\040\000e\000q\000u\000i\000v\000a\000l\000e\000n\000c\000i\000a}{chapter.5}% 43
\BOOKMARK [1][-]{section.5.5}{\376\377\000A\000n\000\341\000l\000i\000s\000i\000s\000\040\000d\000e\000\040\000m\000e\000d\000i\000a\000c\000i\000\363\000n}{chapter.5}% 44
\BOOKMARK [1][-]{section.5.6}{\376\377\000A\000n\000\341\000l\000i\000s\000i\000s\000\040\000d\000e\000l\000\040\000s\000u\000b\000e\000s\000t\000u\000d\000i\000o\000\040\000d\000e\000\040\000d\000e\000t\000e\000c\000c\000i\000\363\000n}{chapter.5}% 45
\BOOKMARK [1][-]{section.5.7}{\376\377\000T\000a\000m\000a\000\361\000o\000s\000\040\000d\000e\000\040\000e\000f\000e\000c\000t\000o\000\040\000y\000\040\000p\000r\000e\000s\000e\000n\000t\000a\000c\000i\000\363\000n\000\040\000d\000e\000\040\000r\000e\000s\000u\000l\000t\000a\000d\000o\000s}{chapter.5}% 46
\BOOKMARK [1][-]{section.5.8}{\376\377\000D\000a\000t\000o\000s\000\040\000f\000a\000l\000t\000a\000n\000t\000e\000s}{chapter.5}% 47
\BOOKMARK [1][-]{section.5.9}{\376\377\000P\000r\000o\000g\000r\000a\000m\000a\000s}{chapter.5}% 48
\BOOKMARK [0][-]{chapter.6}{\376\377\000T\000a\000m\000a\000\361\000o\000\040\000m\000u\000e\000s\000t\000r\000a\000l\000\040\000y\000\040\000p\000o\000t\000e\000n\000c\000i\000a}{}% 49
\BOOKMARK [1][-]{section.6.1}{\376\377\000Q\000u\000\351\000\040\000s\000i\000g\000n\000i\000f\000i\000c\000a\000\040\000e\000l\000\040\000t\000a\000m\000a\000\361\000o\000\040\000d\000e\000l\000\040\000e\000f\000e\000c\000t\000o}{chapter.6}% 50
\BOOKMARK [1][-]{section.6.2}{\376\377\000P\000r\000o\000c\000e\000d\000i\000m\000i\000e\000n\000t\000o\000\040\000d\000e\000\040\000c\000\341\000l\000c\000u\000l\000o}{chapter.6}% 51
\BOOKMARK [1][-]{section.6.3}{\376\377\000M\000e\000t\000a\000\040\000d\000e\000\040\000r\000e\000c\000l\000u\000t\000a\000m\000i\000e\000n\000t\000o}{chapter.6}% 52
\BOOKMARK [0][-]{chapter.7}{\376\377\000\311\000t\000i\000c\000a\000,\000\040\000c\000i\000e\000n\000c\000i\000a\000\040\000a\000b\000i\000e\000r\000t\000a\000\040\000y\000\040\000g\000e\000s\000t\000i\000\363\000n\000\040\000d\000e\000\040\000d\000a\000t\000o\000s}{}% 53
\BOOKMARK [1][-]{section.7.1}{\376\377\000A\000p\000r\000o\000b\000a\000c\000i\000\363\000n\000\040\000\351\000t\000i\000c\000a\000\040\000y\000\040\000c\000o\000n\000s\000e\000n\000t\000i\000m\000i\000e\000n\000t\000o}{chapter.7}% 54
\BOOKMARK [1][-]{section.7.2}{\376\377\000S\000e\000p\000a\000r\000a\000c\000i\000\363\000n\000\040\000r\000e\000s\000p\000e\000c\000t\000o\000\040\000d\000e\000\040\000l\000a\000\040\000c\000a\000l\000i\000f\000i\000c\000a\000c\000i\000\363\000n\000\040\000d\000e\000l\000\040\000c\000u\000r\000s\000o}{chapter.7}% 55
\BOOKMARK [1][-]{section.7.3}{\376\377\000P\000r\000o\000t\000e\000c\000c\000i\000\363\000n\000\040\000d\000e\000\040\000d\000a\000t\000o\000s}{chapter.7}% 56
\BOOKMARK [1][-]{section.7.4}{\376\377\000R\000e\000g\000i\000s\000t\000r\000o\000\040\000p\000r\000e\000v\000i\000o\000\040\000d\000e\000l\000\040\000e\000s\000t\000u\000d\000i\000o}{chapter.7}% 57
\BOOKMARK [1][-]{section.7.5}{\376\377\000M\000a\000t\000e\000r\000i\000a\000l\000e\000s\000\040\000a\000b\000i\000e\000r\000t\000o\000s}{chapter.7}% 58
\BOOKMARK [0][-]{chapter.8}{\376\377\000C\000r\000o\000n\000o\000g\000r\000a\000m\000a\000\040\000y\000\040\000v\000i\000a\000b\000i\000l\000i\000d\000a\000d}{}% 59
\BOOKMARK [0][-]{chapter.9}{\376\377\000L\000i\000m\000i\000t\000a\000c\000i\000o\000n\000e\000s\000\040\000y\000\040\000e\000s\000t\000r\000a\000t\000e\000g\000i\000a\000\040\000d\000e\000\040\000p\000u\000b\000l\000i\000c\000a\000c\000i\000\363\000n}{}% 60
\BOOKMARK [1][-]{section.9.1}{\376\377\000L\000i\000m\000i\000t\000a\000c\000i\000o\000n\000e\000s\000\040\000a\000n\000t\000i\000c\000i\000p\000a\000d\000a\000s\000\040\000y\000\040\000c\000\363\000m\000o\000\040\000s\000e\000\040\000a\000b\000o\000r\000d\000a\000n}{chapter.9}% 61
\BOOKMARK [1][-]{section.9.2}{\376\377\000A\000j\000u\000s\000t\000e\000\040\000a\000l\000\040\000p\000e\000r\000f\000i\000l\000\040\000e\000d\000i\000t\000o\000r\000i\000a\000l}{chapter.9}% 62
\BOOKMARK [0][-]{appendix.Alph1}{\376\377\000C\000o\000n\000s\000e\000n\000t\000i\000m\000i\000e\000n\000t\000o\000\040\000i\000n\000f\000o\000r\000m\000a\000d\000o}{}% 63
\BOOKMARK [1][-]{section*.13}{\376\377\0001\000.\000\040\000D\000a\000t\000o\000s\000\040\000d\000e\000\040\000i\000d\000e\000n\000t\000i\000f\000i\000c\000a\000c\000i\000\363\000n\000\040\000d\000e\000l\000\040\000p\000a\000r\000t\000i\000c\000i\000p\000a\000n\000t\000e}{appendix.Alph1}% 64
\BOOKMARK [1][-]{section*.13}{\376\377\0002\000.\000\040\000E\000n\000\040\000q\000u\000\351\000\040\000c\000o\000n\000s\000i\000s\000t\000e\000\040\000e\000s\000t\000e\000\040\000e\000s\000t\000u\000d\000i\000o}{appendix.Alph1}% 65
\BOOKMARK [1][-]{section*.13}{\376\377\0003\000.\000\040\000Q\000u\000\351\000\040\000i\000m\000p\000l\000i\000c\000a\000\040\000s\000u\000\040\000p\000a\000r\000t\000i\000c\000i\000p\000a\000c\000i\000\363\000n}{appendix.Alph1}% 66
\BOOKMARK [1][-]{section*.13}{\376\377\0004\000.\000\040\000Q\000u\000\351\000\040\000d\000a\000t\000o\000s\000\040\000s\000e\000\040\000r\000e\000c\000o\000g\000e\000n}{appendix.Alph1}% 67
\BOOKMARK [1][-]{section*.13}{\376\377\0005\000.\000\040\000A\000u\000t\000o\000r\000i\000z\000a\000c\000i\000\363\000n\000\040\000p\000a\000r\000a\000\040\000s\000o\000l\000i\000c\000i\000t\000a\000r\000\040\000s\000u\000\040\000r\000e\000n\000d\000i\000m\000i\000e\000n\000t\000o\000\040\000a\000c\000a\000d\000\351\000m\000i\000c\000o\000\040\000p\000r\000e\000v\000i\000o}{appendix.Alph1}% 68
\BOOKMARK [1][-]{section*.13}{\376\377\0006\000.\000\040\000E\000f\000e\000c\000t\000o\000\040\000s\000o\000b\000r\000e\000\040\000s\000u\000s\000\040\000c\000a\000l\000i\000f\000i\000c\000a\000c\000i\000o\000n\000e\000s}{appendix.Alph1}% 69
\BOOKMARK [1][-]{section*.13}{\376\377\0007\000.\000\040\000C\000o\000n\000f\000i\000d\000e\000n\000c\000i\000a\000l\000i\000d\000a\000d\000\040\000y\000\040\000p\000r\000o\000t\000e\000c\000c\000i\000\363\000n\000\040\000d\000e\000\040\000s\000u\000s\000\040\000d\000a\000t\000o\000s}{appendix.Alph1}% 70
\BOOKMARK [1][-]{section*.13}{\376\377\0008\000.\000\040\000C\000a\000r\000\341\000c\000t\000e\000r\000\040\000v\000o\000l\000u\000n\000t\000a\000r\000i\000o\000\040\000y\000\040\000d\000e\000r\000e\000c\000h\000o\000\040\000d\000e\000\040\000r\000e\000t\000i\000r\000o}{appendix.Alph1}% 71
\BOOKMARK [1][-]{section*.13}{\376\377\0009\000.\000\040\000R\000i\000e\000s\000g\000o\000s\000,\000\040\000b\000e\000n\000e\000f\000i\000c\000i\000o\000s\000\040\000e\000\040\000i\000n\000f\000o\000r\000m\000a\000c\000i\000\363\000n\000\040\000f\000i\000n\000a\000l}{appendix.Alph1}% 72
\BOOKMARK [1][-]{section*.13}{\376\377\0001\0000\000.\000\040\000A\000\040\000q\000u\000i\000\351\000n\000\040\000d\000i\000r\000i\000g\000i\000r\000s\000e}{appendix.Alph1}% 73
\BOOKMARK [1][-]{section*.13}{\376\377\0001\0001\000.\000\040\000D\000e\000c\000l\000a\000r\000a\000c\000i\000\363\000n\000\040\000d\000e\000l\000\040\000p\000a\000r\000t\000i\000c\000i\000p\000a\000n\000t\000e}{appendix.Alph1}% 74
\BOOKMARK [0][-]{appendix.Alph2}{\376\377\000R\000\372\000b\000r\000i\000c\000a\000\040\000a\000n\000a\000l\000\355\000t\000i\000c\000a\000\040\000d\000e\000\040\000c\000a\000l\000i\000d\000a\000d\000\040\000d\000e\000l\000\040\000m\000a\000n\000u\000s\000c\000r\000i\000t\000o}{}% 75
\BOOKMARK [1][-]{table.caption.14}{\376\377\000C\0001\000.\000\040\000C\000a\000l\000i\000d\000a\000d\000\040\000d\000e\000\040\000l\000a\000\040\000t\000e\000s\000i\000s\000\040\000y\000\040\000d\000e\000\040\000l\000a\000\040\000a\000r\000g\000u\000m\000e\000n\000t\000a\000c\000i\000\363\000n}{appendix.Alph2}% 76
\BOOKMARK [1][-]{table.Alph2.2}{\376\377\000C\0002\000.\000\040\000U\000s\000o\000\040\000e\000\040\000i\000n\000t\000e\000g\000r\000a\000c\000i\000\363\000n\000\040\000d\000e\000\040\000l\000a\000\040\000e\000v\000i\000d\000e\000n\000c\000i\000a}{appendix.Alph2}% 77
\BOOKMARK [1][-]{table.Alph2.3}{\376\377\000C\0003\000.\000\040\000P\000r\000e\000c\000i\000s\000i\000\363\000n\000\040\000c\000o\000n\000c\000e\000p\000t\000u\000a\000l\000\040\000y\000\040\000d\000o\000m\000i\000n\000i\000o\000\040\000d\000e\000l\000\040\000c\000o\000n\000t\000e\000n\000i\000d\000o}{appendix.Alph2}% 78
\BOOKMARK [1][-]{table.Alph2.4}{\376\377\000C\0004\000.\000\040\000E\000s\000t\000r\000u\000c\000t\000u\000r\000a\000,\000\040\000c\000o\000h\000e\000r\000e\000n\000c\000i\000a\000\040\000y\000\040\000c\000l\000a\000r\000i\000d\000a\000d\000\040\000e\000x\000p\000o\000s\000i\000t\000i\000v\000a}{appendix.Alph2}% 79
\BOOKMARK [1][-]{table.Alph2.5}{\376\377\000C\0005\000.\000\040\000O\000r\000i\000g\000i\000n\000a\000l\000i\000d\000a\000d\000\040\000y\000\040\000v\000o\000z\000\040\000p\000r\000o\000p\000i\000a}{appendix.Alph2}% 80
\BOOKMARK [0][-]{appendix.Alph3}{\376\377\000F\000o\000r\000m\000u\000l\000a\000r\000i\000o\000\040\000d\000e\000l\000\040\000r\000e\000v\000i\000s\000o\000r}{}% 81
\BOOKMARK [1][-]{section*.15}{\376\377\000S\000e\000c\000c\000i\000\363\000n\000\040\0001\000.\000\040\000P\000u\000n\000t\000u\000a\000c\000i\000\363\000n\000\040\000p\000o\000r\000\040\000c\000r\000i\000t\000e\000r\000i\000o}{appendix.Alph3}% 82
\BOOKMARK [1][-]{table.caption.16}{\376\377\000S\000e\000c\000c\000i\000\363\000n\000\040\0002\000.\000\040\000R\000e\000c\000o\000m\000e\000n\000d\000a\000c\000i\000\363\000n\000\040\000e\000d\000i\000t\000o\000r\000i\000a\000l\000\040\000s\000i\000m\000u\000l\000a\000d\000a}{appendix.Alph3}% 83
\BOOKMARK [1][-]{Item.9}{\376\377\000S\000e\000c\000c\000i\000\363\000n\000\040\0003\000.\000\040\000J\000u\000i\000c\000i\000o\000\040\000s\000o\000b\000r\000e\000\040\000e\000l\000\040\000o\000r\000i\000g\000e\000n\000\040\000d\000e\000l\000\040\000t\000e\000x\000t\000o}{appendix.Alph3}% 84
\BOOKMARK [0][-]{appendix.Alph4}{\376\377\000F\000i\000c\000h\000a\000\040\000d\000e\000\040\000p\000r\000e\000d\000i\000c\000c\000i\000\363\000n\000\040\000d\000e\000\040\000c\000a\000l\000i\000f\000i\000c\000a\000c\000i\000\363\000n}{}% 85
\BOOKMARK [0][-]{appendix.Alph5}{\376\377\000E\000s\000c\000a\000l\000a\000\040\000d\000e\000\040\000e\000s\000f\000u\000e\000r\000z\000o\000\040\000m\000e\000n\000t\000a\000l}{}% 86
\BOOKMARK [0][-]{appendix.Alph6}{\376\377\000C\000u\000e\000s\000t\000i\000o\000n\000a\000r\000i\000o\000\040\000d\000e\000\040\000c\000a\000r\000g\000a\000\040\000d\000e\000\040\000t\000r\000a\000b\000a\000j\000o\000\040\000N\000A\000S\000A\000-\000T\000L\000X}{}% 87
\BOOKMARK [0][-]{appendix.Alph7}{\376\377\000E\000s\000t\000r\000u\000c\000t\000u\000r\000a\000\040\000d\000e\000\040\000l\000a\000\040\000p\000r\000u\000e\000b\000a\000\040\000d\000i\000f\000e\000r\000i\000d\000a}{}% 88
\BOOKMARK [0][-]{appendix.Alph8}{\376\377\000P\000l\000a\000n\000t\000i\000l\000l\000a\000\040\000d\000e\000\040\000v\000e\000r\000i\000f\000i\000c\000a\000c\000i\000\363\000n\000\040\000d\000e\000\040\000r\000e\000f\000e\000r\000e\000n\000c\000i\000a\000s}{}% 89
\BOOKMARK [0][-]{appendix.Alph9}{\376\377\000R\000e\000g\000i\000s\000t\000r\000o\000\040\000d\000e\000\040\000p\000r\000o\000c\000e\000s\000o\000\040\000y\000\040\000d\000e\000\040\000i\000n\000t\000e\000r\000a\000c\000c\000i\000\363\000n\000\040\000c\000o\000n\000\040\000l\000a\000\040\000h\000e\000r\000r\000a\000m\000i\000e\000n\000t\000a}{}% 90
\BOOKMARK [0][-]{appendix.Alph10}{\376\377\000F\000i\000c\000h\000a\000\040\000d\000e\000\040\000l\000\355\000n\000e\000a\000\040\000b\000a\000s\000e}{}% 91
\BOOKMARK [0][-]{appendix.Alph11}{\376\377\000G\000u\000i\000\363\000n\000\040\000d\000e\000\040\000a\000d\000m\000i\000n\000i\000s\000t\000r\000a\000c\000i\000\363\000n\000\040\000d\000e\000\040\000l\000a\000\040\000s\000e\000s\000i\000\363\000n}{}% 92
\BOOKMARK [0][-]{appendix*.23}{\376\377\000R\000e\000f\000e\000r\000e\000n\000c\000i\000a\000s}{}% 93
